******************************************************************************
                  TI ARM Linker Unix v20.2.6                   
******************************************************************************
>> Linked Sat Feb 26 13:34:24 2022

OUTPUT FILE NAME:   <Lab3.out>
ENTRY POINT SYMBOL: "_c_int00_noargs"  address: 00003a39


MEMORY CONFIGURATION

         name            origin    length      used     unused   attr    fill
----------------------  --------  ---------  --------  --------  ----  --------
  MAIN                  00000000   00040000  00003f1c  0003c0e4  R  X
  INFO                  00200000   00004000  00000000  00004000  R  X
  SRAM_CODE             01000000   00010000  00000ad4  0000f52c  RW X
  SRAM_DATA             20000000   00010000  00000ad4  0000f52c  RW  


SEGMENT ALLOCATION MAP

run origin  load origin   length   init length attrs members
----------  ----------- ---------- ----------- ----- -------
00000000    00000000    00003f20   00003f20    r-x
  00000000    00000000    000000e4   000000e4    r-- .intvecs
  000000e4    000000e4    00003bc0   00003bc0    r-x .text
  00003ca4    00003ca4    000001b0   000001b0    r-- .const
  00003e58    00003e58    000000c8   000000c8    r-- .cinit
20000000    20000000    000008d8   00000000    rw-
  20000000    20000000    000000e4   00000000    rw- .vtable
  200000e8    200000e8    00000400   00000000    rw- .sysmem
  200004e8    200004e8    00000228   00000000    rw- .data
  20000710    20000710    000001c8   00000000    rw- .bss
2000fe00    2000fe00    00000200   00000000    rw-
  2000fe00    2000fe00    00000200   00000000    rw- .stack


SECTION ALLOCATION MAP

 output                                  attributes/
section   page    origin      length       input sections
--------  ----  ----------  ----------   ----------------
.intvecs   0    00000000    000000e4     
                  00000000    000000e4     startup_msp432p401r_ccs.obj (.intvecs:retain)

.text      0    000000e4    00003bc0     
                  000000e4    00000a4e     rtsv7M4_T_le_v4SPD16_eabi.lib : _printfi.c.obj (.text:__TI_printfi)
                  00000b32    00000002                                   : _lock.c.obj (.text:_nop)
                  00000b34    00000480     gpio.obj (.text)
                  00000fb4    000003f0     interrupt.obj (.text)
                  000013a4    00000334     system_msp432p401r.obj (.text)
                  000016d8    000002c4     main.obj (.text)
                  0000199c    00000270     rtsv7M4_T_le_v4SPD16_eabi.lib : _printfi.c.obj (.text:_pconv_a)
                  00001c0c    00000244     sysctl.obj (.text)
                  00001e50    000001d0     rtsv7M4_T_le_v4SPD16_eabi.lib : _printfi.c.obj (.text:_pconv_g)
                  00002020    000001b6                                   : fd_add_t2.asm.obj (.text)
                  000021d6    00000002                                   : div0.asm.obj (.text)
                  000021d8    0000013c                                   : _printfi.c.obj (.text:_pconv_e)
                  00002314    00000136                                   : fd_div_t2.asm.obj (.text)
                  0000244a    00000002     --HOLE-- [fill = 0]
                  0000244c    00000124                                   : _printfi.c.obj (.text:fcvt)
                  00002570    00000114                                   : fputs.c.obj (.text:fputs)
                  00002684    00000110                                   : s_scalbn.c.obj (.text:scalbn)
                  00002794    00000100                                   : memory.c.obj (.text:aligned_alloc)
                  00002894    000000fc                                   : fd_mul_t2.asm.obj (.text)
                  00002990    000000e4                                   : memory.c.obj (.text:free)
                  00002a74    000000dc                                   : setvbuf.c.obj (.text:setvbuf)
                  00002b50    000000d8     wdt_a.obj (.text)
                  00002c28    000000b1     rtsv7M4_T_le_v4SPD16_eabi.lib : _printfi.c.obj (.text:_ltostr)
                  00002cd9    00000001     --HOLE-- [fill = 0]
                  00002cda    0000009c                                   : memcpy_t2.asm.obj (.text)
                  00002d76    00000096                                   : ull_div_t2.asm.obj (.text)
                  00002e0c    0000008c                                   : fputc.c.obj (.text:fputc)
                  00002e98    00000086                                   : fd_cmp_t2.asm.obj (.text:__aeabi_cdcmple)
                  00002f1e    00000086                                   : fd_cmp_t2.asm.obj (.text:__aeabi_cdrcmple)
                  00002fa4    0000007a                                   : memset_t2.asm.obj (.text)
                  0000301e    00000002     --HOLE-- [fill = 0]
                  00003020    00000074                                   : fclose.c.obj (.text:__TI_closefile)
                  00003094    00000070                                   : memory.c.obj (.text:split)
                  00003104    0000006e                                   : _printfi.c.obj (.text:_mcpy)
                  00003172    00000002     --HOLE-- [fill = 0]
                  00003174    0000006c                                   : hostrename.c.obj (.text:HOSTrename)
                  000031e0    00000068                                   : hostlseek.c.obj (.text:HOSTlseek)
                  00003248    00000068                                   : copy_decompress_lzss.c.obj (.text:decompress:lzss:__TI_decompress_lzss)
                  000032b0    00000068                                   : printf.c.obj (.text:printf)
                  00003318    00000064                                   : s_frexp.c.obj (.text:frexp)
                  0000337c    00000064                                   : fseek.c.obj (.text:fseek)
                  000033e0    00000062                                   : _io_perm.c.obj (.text:__TI_wrt_ok)
                  00003442    00000002     --HOLE-- [fill = 0]
                  00003444    00000060                                   : hostopen.c.obj (.text:HOSTopen)
                  000034a4    0000005c                                   : close.c.obj (.text:close)
                  00003500    00000058                                   : hostread.c.obj (.text:HOSTread)
                  00003558    00000058                                   : hostwrite.c.obj (.text:HOSTwrite)
                  000035b0    00000056                                   : _printfi.c.obj (.text:_pconv_f)
                  00003606    00000054                                   : _ltoa.c.obj (.text:__TI_ltoa)
                  0000365a    00000052                                   : _printfi.c.obj (.text:_ecpy)
                  000036ac    0000004c                                   : fflush.c.obj (.text:__TI_doflush)
                  000036f8    0000004c                                   : atoi.c.obj (.text:atoi)
                  00003744    00000048                                   : exit.c.obj (.text:exit)
                  0000378c    00000048                                   : fd_toi_t2.asm.obj (.text)
                  000037d4    00000044                                   : hostclose.c.obj (.text:HOSTclose)
                  00003818    00000044                                   : hostunlink.c.obj (.text:HOSTunlink)
                  0000385c    00000044                                   : autoinit.c.obj (.text:__TI_auto_init_nobinit_nopinit:__TI_auto_init_nobinit_nopinit)
                  000038a0    00000044                                   : getdevice.c.obj (.text:getdevice)
                  000038e4    0000003e                                   : _printfi.c.obj (.text:_fcpy)
                  00003922    0000003e     cpu.obj (.text)
                  00003960    00000038     rtsv7M4_T_le_v4SPD16_eabi.lib : trgmsg.c.obj (.text:__TI_writemsg)
                  00003998    00000036                                   : strncpy.c.obj (.text:strncpy)
                  000039ce    00000002     --HOLE-- [fill = 0]
                  000039d0    00000034                                   : fopen.c.obj (.text:__TI_cleanup)
                  00003a04    00000034                                   : trgmsg.c.obj (.text:__TI_readmsg)
                  00003a38    00000034                                   : boot_cortex_m.c.obj (.text:_c_int00_noargs:_c_int00_noargs)
                  00003a6c    00000030                                   : getdevice.c.obj (.text:finddevice)
                  00003a9c    0000002e                                   : i_tofd_t2.asm.obj (.text)
                  00003aca    00000002     --HOLE-- [fill = 0]
                  00003acc    0000002c                                   : unlink.c.obj (.text:unlink)
                  00003af8    00000028                                   : memory.c.obj (.text:free_list_insert)
                  00003b20    00000028                                   : lseek.c.obj (.text:lseek)
                  00003b48    00000028                                   : write.c.obj (.text:write)
                  00003b70    00000020                                   : memchr.c.obj (.text:memchr)
                  00003b90    0000001c                                   : copy_zero_init.c.obj (.text:decompress:ZI:__TI_zero_init_nomemset:__TI_zero_init_nomemset)
                  00003bac    0000001c                                   : memory.c.obj (.text:free_list_remove)
                  00003bc8    0000001c                                   : memccpy.c.obj (.text:memccpy)
                  00003be4    0000001a                                   : s_copysign.c.obj (.text:copysign)
                  00003bfe    00000018                                   : strcmp.c.obj (.text:strcmp)
                  00003c16    00000016                                   : strchr.c.obj (.text:strchr)
                  00003c2c    00000014                                   : strcpy.c.obj (.text:strcpy)
                  00003c40    00000014                                   : strlen.c.obj (.text:strlen)
                  00003c54    00000012                                   : wcslen.c.obj (.text:wcslen)
                  00003c66    0000000e                                   : copy_decompress_none.c.obj (.text:decompress:none:__TI_decompress_none)
                  00003c74    0000000e     startup_msp432p401r_ccs.obj (.text)
                  00003c82    00000002     --HOLE-- [fill = 0]
                  00003c84    00000008     rtsv7M4_T_le_v4SPD16_eabi.lib : errno.c.obj (.text:__aeabi_errno_addr)
                  00003c8c    00000008                                   : memory.c.obj (.text:malloc)
                  00003c94    00000004                                   : printf.c.obj (.text:_outc)
                  00003c98    00000004                                   : printf.c.obj (.text:_outs)
                  00003c9c    00000004                                   : pre_init.c.obj (.text:_system_pre_init)
                  00003ca0    00000004                                   : exit.c.obj (.text:abort:abort)

.const     0    00003ca4    000001b0     
                  00003ca4    00000101     rtsv7M4_T_le_v4SPD16_eabi.lib : ctype.c.obj (.const:.string:_ctypes_)
                  00003da5    00000003     --HOLE-- [fill = 0]
                  00003da8    00000050     interrupt.obj (.const:g_pulRegs)
                  00003df8    00000020     interrupt.obj (.const:g_pulPriority)
                  00003e18    0000001c     gpio.obj (.const:GPIO_PORT_TO_INT)
                  00003e34    00000008     interrupt.obj (.const:g_pulDisRegs)
                  00003e3c    00000008     interrupt.obj (.const:g_pulEnRegs)
                  00003e44    00000008     interrupt.obj (.const:g_pulPendRegs)
                  00003e4c    00000008     interrupt.obj (.const:g_pulUnpendRegs)

.cinit     0    00003e58    000000c8     
                  00003e58    00000092     (.cinit..data.load) [load image, compression = lzss]
                  00003eea    00000002     --HOLE-- [fill = 0]
                  00003eec    0000000c     (__TI_handler_table)
                  00003ef8    00000008     (.cinit..bss.load) [load image, compression = zero_init]
                  00003f00    00000008     (.cinit..vtable.load) [load image, compression = zero_init]
                  00003f08    00000018     (__TI_cinit_table)

.init_array 
*          0    00000000    00000000     UNINITIALIZED

.binit     0    00000000    00000000     

.vtable    0    20000000    000000e4     UNINITIALIZED
                  20000000    000000e4     interrupt.obj (.vtable)

.sysmem    0    200000e8    00000400     UNINITIALIZED
                  200000e8    00000010     rtsv7M4_T_le_v4SPD16_eabi.lib : memory.c.obj (.sysmem)
                  200000f8    000003f0     --HOLE--

.data      0    200004e8    00000228     UNINITIALIZED
                  200004e8    000000f0     rtsv7M4_T_le_v4SPD16_eabi.lib : defs.c.obj (.data:_ftable)
                  200005d8    00000078                                   : host_device.c.obj (.data:_device)
                  20000650    00000050                                   : host_device.c.obj (.data:_stream)
                  200006a0    00000030     gpio.obj (.data:GPIO_PORT_TO_BASE)
                  200006d0    00000010     rtsv7M4_T_le_v4SPD16_eabi.lib : defs.c.obj (.data)
                  200006e0    0000000c                                   : exit.c.obj (.data:$O1$$)
                  200006ec    0000000a     main.obj (.data)
                  200006f6    00000002     --HOLE--
                  200006f8    00000008     rtsv7M4_T_le_v4SPD16_eabi.lib : _lock.c.obj (.data:$O1$$)
                  20000700    00000008                                   : memory.c.obj (.data:$O1$$)
                  20000708    00000004                                   : errno.c.obj (.data)
                  2000070c    00000004     system_msp432p401r.obj (.data)

.bss       0    20000710    000001c8     UNINITIALIZED
                  20000710    00000120     rtsv7M4_T_le_v4SPD16_eabi.lib : trgmsg.c.obj (.bss:_CIOBUF_)
                  20000830    000000a0     (.common:__TI_tmpnams)
                  200008d0    00000008     (.common:parmbuf)

.stack     0    2000fe00    00000200     UNINITIALIZED
                  2000fe00    00000004     rtsv7M4_T_le_v4SPD16_eabi.lib : boot_cortex_m.c.obj (.stack)
                  2000fe04    000001fc     --HOLE--

__llvm_prf_cnts 
*          0    20000000    00000000     UNINITIALIZED

MODULE SUMMARY

       Module                        code    ro data   rw data
       ------                        ----    -------   -------
    ./
       system_msp432p401r.obj        820     0         8      
       main.obj                      708     0         20     
       startup_msp432p401r_ccs.obj   14      228       0      
    +--+-----------------------------+-------+---------+---------+
       Total:                        1542    228       28     
                                                              
    ./driverlib/MSP432P4xx/
       interrupt.obj                 1008    144       456    
       gpio.obj                      1152    28        96     
       sysctl.obj                    580     0         0      
       wdt_a.obj                     216     0         0      
       cpu.obj                       62      0         0      
    +--+-----------------------------+-------+---------+---------+
       Total:                        3018    172       552    
                                                              
    /Applications/ti/ccs1110/ccs/tools/compiler/ti-cgt-arm_20.2.6.LTS/lib/rtsv7M4_T_le_v4SPD16_eabi.lib
       _printfi.c.obj                4851    0         0      
       defs.c.obj                    0       0         832    
       memory.c.obj                  672     0         16     
       trgmsg.c.obj                  108     0         576    
       fd_add_t2.asm.obj             438     0         0      
       host_device.c.obj             0       0         400    
       fd_div_t2.asm.obj             310     0         0      
       fputs.c.obj                   276     0         0      
       s_scalbn.c.obj                272     0         0      
       fd_cmp_t2.asm.obj             268     0         0      
       ctype.c.obj                   0       257       0      
       fd_mul_t2.asm.obj             252     0         0      
       setvbuf.c.obj                 220     0         0      
       memcpy_t2.asm.obj             156     0         0      
       ull_div_t2.asm.obj            150     0         0      
       fputc.c.obj                   140     0         0      
       memset_t2.asm.obj             122     0         0      
       fclose.c.obj                  116     0         0      
       getdevice.c.obj               116     0         0      
       hostopen.c.obj                96      0         16     
       printf.c.obj                  112     0         0      
       hostrename.c.obj              108     0         0      
       copy_decompress_lzss.c.obj    104     0         0      
       hostlseek.c.obj               104     0         0      
       exit.c.obj                    76      0         24     
       fseek.c.obj                   100     0         0      
       s_frexp.c.obj                 100     0         0      
       _io_perm.c.obj                98      0         0      
       close.c.obj                   92      0         0      
       hostread.c.obj                88      0         0      
       hostwrite.c.obj               88      0         0      
       _ltoa.c.obj                   84      0         0      
       atoi.c.obj                    76      0         0      
       fflush.c.obj                  76      0         0      
       fd_toi_t2.asm.obj             72      0         0      
       autoinit.c.obj                68      0         0      
       hostclose.c.obj               68      0         0      
       hostunlink.c.obj              68      0         0      
       strncpy.c.obj                 54      0         0      
       boot_cortex_m.c.obj           52      0         0      
       fopen.c.obj                   52      0         0      
       i_tofd_t2.asm.obj             46      0         0      
       unlink.c.obj                  44      0         0      
       lseek.c.obj                   40      0         0      
       write.c.obj                   40      0         0      
       memchr.c.obj                  32      0         0      
       copy_zero_init.c.obj          28      0         0      
       memccpy.c.obj                 28      0         0      
       s_copysign.c.obj              26      0         0      
       strcmp.c.obj                  24      0         0      
       strchr.c.obj                  22      0         0      
       strcpy.c.obj                  20      0         0      
       strlen.c.obj                  20      0         0      
       _lock.c.obj                   2       0         16     
       wcslen.c.obj                  18      0         0      
       errno.c.obj                   8       0         8      
       copy_decompress_none.c.obj    14      0         0      
       pre_init.c.obj                4       0         0      
       div0.asm.obj                  2       0         0      
    +--+-----------------------------+-------+---------+---------+
       Total:                        10721   257       1888   
                                                              
       Heap:                         0       0         2048   
       Stack:                        0       0         1024   
       Linker Generated:             0       198       0      
    +--+-----------------------------+-------+---------+---------+
       Grand Total:                  15281   855       5540   


LINKER GENERATED COPY TABLES

__TI_cinit_table @ 00003f08 records: 3, size/record: 8, table size: 24
	.data: load addr=00003e58, load size=00000092 bytes, run addr=200004e8, run size=00000228 bytes, compression=lzss
	.bss: load addr=00003ef8, load size=00000008 bytes, run addr=20000710, run size=000001c8 bytes, compression=zero_init
	.vtable: load addr=00003f00, load size=00000008 bytes, run addr=20000000, run size=000000e4 bytes, compression=zero_init


LINKER GENERATED HANDLER TABLE

__TI_handler_table @ 00003eec records: 3, size/record: 4, table size: 12
	index: 0, handler: __TI_zero_init
	index: 1, handler: __TI_decompress_lzss
	index: 2, handler: __TI_decompress_none


GLOBAL SYMBOLS: SORTED ALPHABETICALLY BY Name 

address   name                                       
-------   ----                                       
00003c81  ADC14_IRQHandler                           
00003c81  AES256_IRQHandler                          
00003c81  BusFault_Handler                           
00003ca1  C$$EXIT                                    
0000398f  C$$IO$$                                    
00003c81  COMP_E0_IRQHandler                         
00003c81  COMP_E1_IRQHandler                         
00003957  CPU_basepriGet                             
00003949  CPU_basepriSet                             
00003923  CPU_cpsid                                  
00003939  CPU_cpsie                                  
0000392f  CPU_primask                                
00003945  CPU_wfi                                    
00003c81  CS_IRQHandler                              
00003c81  DMA_ERR_IRQHandler                         
00003c81  DMA_INT0_IRQHandler                        
00003c81  DMA_INT1_IRQHandler                        
00003c81  DMA_INT2_IRQHandler                        
00003c81  DMA_INT3_IRQHandler                        
00003c81  DebugMon_Handler                           
00003c81  Default_Handler                            
00003c81  EUSCIA0_IRQHandler                         
00003c81  EUSCIA1_IRQHandler                         
00003c81  EUSCIA2_IRQHandler                         
00003c81  EUSCIA3_IRQHandler                         
00003c81  EUSCIB0_IRQHandler                         
00003c81  EUSCIB1_IRQHandler                         
00003c81  EUSCIB2_IRQHandler                         
00003c81  EUSCIB3_IRQHandler                         
00003c81  FLCTL_IRQHandler                           
00003c81  FPU_IRQHandler                             
00000e57  GPIO_clearInterruptFlag                    
00000e17  GPIO_disableInterrupt                      
00000df5  GPIO_enableInterrupt                       
00000eaf  GPIO_getEnabledInterruptStatus             
00000dc7  GPIO_getInputPinValue                      
00000e39  GPIO_getInterruptStatus                    
00000e79  GPIO_interruptEdgeSelect                   
00000f6f  GPIO_registerInterrupt                     
00000b6f  GPIO_setAsInputPin                         
00000d23  GPIO_setAsInputPinWithPullDownResistor     
00000d75  GPIO_setAsInputPinWithPullUpResistor       
00000b35  GPIO_setAsOutputPin                        
00000c39  GPIO_setAsPeripheralModuleFunctionInputPin 
00000bb5  GPIO_setAsPeripheralModuleFunctionOutputPin
00000f2b  GPIO_setDriveStrengthHigh                  
00000f4d  GPIO_setDriveStrengthLow                   
00000cbd  GPIO_setOutputHighOnPin                    
00000cdf  GPIO_setOutputLowOnPin                     
00000d01  GPIO_toggleOutputOnPin                     
00000f8f  GPIO_unregisterInterrupt                   
000037d5  HOSTclose                                  
000031e1  HOSTlseek                                  
00003445  HOSTopen                                   
00003501  HOSTread                                   
00003175  HOSTrename                                 
00003819  HOSTunlink                                 
00003559  HOSTwrite                                  
00003c81  HardFault_Handler                          
00001177  Interrupt_disableInterrupt                 
00000fc7  Interrupt_disableMaster                    
00001375  Interrupt_disableSleepOnIsrExit            
00001105  Interrupt_enableInterrupt                  
00000fb7  Interrupt_enableMaster                     
00001363  Interrupt_enableSleepOnIsrExit             
000010df  Interrupt_getPriority                      
00001057  Interrupt_getPriorityGrouping              
00001343  Interrupt_getPriorityMask                  
0000135d  Interrupt_getVectorTableAddress            
000011e9  Interrupt_isEnabled                        
00001275  Interrupt_pendInterrupt                    
00000fd7  Interrupt_registerInterrupt                
0000108f  Interrupt_setPriority                      
0000103d  Interrupt_setPriorityGrouping              
00001333  Interrupt_setPriorityMask                  
0000134d  Interrupt_setVectorTableAddress            
000012e5  Interrupt_unpendInterrupt                  
00001029  Interrupt_unregisterInterrupt              
00003c81  MemManage_Handler                          
00003c81  NMI_Handler                                
00003c81  PCM_IRQHandler                             
00003c81  PORT1_IRQHandler                           
00003c81  PORT2_IRQHandler                           
00003c81  PORT3_IRQHandler                           
00001891  PORT4_IRQHandler                           
00001891  PORT4_IRQHandler                           
00001743  PORT5_IRQHandler                           
00001743  PORT5_IRQHandler                           
00003c81  PORT6_IRQHandler                           
00003c81  PSS_IRQHandler                             
00003c81  PendSV_Handler                             
00003c81  RTC_C_IRQHandler                           
00003c75  Reset_Handler                              
00003c81  SVC_Handler                                
00001dff  SysCtl_disableGlitchFilter                 
00001c8f  SysCtl_disableNMISource                    
00001d97  SysCtl_disablePeripheralAtCPUHalt          
00001cd9  SysCtl_disableSRAMBank                     
00001d5d  SysCtl_disableSRAMBankRetention            
00001df3  SysCtl_enableGlitchFilter                  
00001ca3  SysCtl_enableNMISource                     
00001d83  SysCtl_enablePeripheralAtCPUHalt           
00001cbd  SysCtl_enableSRAMBank                      
00001d41  SysCtl_enableSRAMBankRetention             
00001c89  SysCtl_getFlashSize                        
00001cb7  SysCtl_getNMISourceStatus                  
00001c83  SysCtl_getSRAMSize                         
00001c0d  SysCtl_getTLVInfo                          
00001e0b  SysCtl_getTempCalibrationConstant          
00001d79  SysCtl_rebootDevice                        
00001dcf  SysCtl_setWDTPasswordViolationResetType    
00001dab  SysCtl_setWDTTimeoutResetType              
00003c81  SysTick_Handler                            
2000070c  SystemCoreClock                            
000013a5  SystemCoreClockUpdate                      
0000161d  SystemInit                                 
00003c81  T32_INT1_IRQHandler                        
00003c81  T32_INT2_IRQHandler                        
00003c81  T32_INTC_IRQHandler                        
00003c81  TA0_0_IRQHandler                           
00003c81  TA0_N_IRQHandler                           
00003c81  TA1_0_IRQHandler                           
00003c81  TA1_N_IRQHandler                           
00003c81  TA2_0_IRQHandler                           
00003c81  TA2_N_IRQHandler                           
00003c81  TA3_0_IRQHandler                           
00003c81  TA3_N_IRQHandler                           
00003c81  UsageFault_Handler                         
4000480c  WDTCTL_SYM                                 
00003c81  WDT_A_IRQHandler                           
00002b91  WDT_A_clearTimer                           
00002b51  WDT_A_holdTimer                            
00002bcd  WDT_A_initIntervalTimer                    
00002bb1  WDT_A_initWatchdogTimer                    
00002c01  WDT_A_registerInterrupt                    
00002be9  WDT_A_setPasswordViolationReset            
00002bf5  WDT_A_setTimeoutReset                      
00002b71  WDT_A_startTimer                           
00002c15  WDT_A_unregisterInterrupt                  
20000710  __CIOBUF_                                  
20010000  __STACK_END                                
00000200  __STACK_SIZE                               
00000400  __SYSMEM_SIZE                              
00003f08  __TI_CINIT_Base                            
00003f20  __TI_CINIT_Limit                           
00003eec  __TI_Handler_Table_Base                    
00003ef8  __TI_Handler_Table_Limit                   
0000385d  __TI_auto_init_nobinit_nopinit             
000039d1  __TI_cleanup                               
200006e0  __TI_cleanup_ptr                           
00003021  __TI_closefile                             
00003249  __TI_decompress_lzss                       
00003c67  __TI_decompress_none                       
000036ad  __TI_doflush                               
200006e4  __TI_dtors_ptr                             
200006e8  __TI_enable_exit_profile_output            
200006d0  __TI_ft_end                                
00003607  __TI_ltoa                                  
ffffffff  __TI_pprof_out_hndl                        
000000e5  __TI_printfi                               
ffffffff  __TI_prof_data_size                        
ffffffff  __TI_prof_data_start                       
00003a05  __TI_readmsg                               
00000000  __TI_static_base__                         
20000830  __TI_tmpnams                               
00003961  __TI_writemsg                              
000033e1  __TI_wrt_ok                                
00003b91  __TI_zero_init_nomemset                    
00002e99  __aeabi_cdcmpeq                            
00002e99  __aeabi_cdcmple                            
00002f1f  __aeabi_cdrcmple                           
0000378d  __aeabi_d2iz                               
0000202b  __aeabi_dadd                               
00002315  __aeabi_ddiv                               
00002895  __aeabi_dmul                               
00002021  __aeabi_dsub                               
00003c85  __aeabi_errno_addr                         
00003a9d  __aeabi_i2d                                
000021d7  __aeabi_idiv0                              
000021d7  __aeabi_ldiv0                              
00002fa5  __aeabi_memclr                             
00002fa5  __aeabi_memclr4                            
00002fa5  __aeabi_memclr8                            
00002cdb  __aeabi_memcpy                             
00002cdb  __aeabi_memcpy4                            
00002cdb  __aeabi_memcpy8                            
00002fa7  __aeabi_memset                             
00002fa7  __aeabi_memset4                            
00002fa7  __aeabi_memset8                            
200006dc  __aeabi_stderr                             
200006d4  __aeabi_stdin                              
200006d8  __aeabi_stdout                             
00002d77  __aeabi_uldivmod                           
ffffffff  __binit__                                  
ffffffff  __c_args__                                 
UNDEFED   __mpu_init                                 
2000fe00  __stack                                    
20000000  __start___llvm_prf_cnts                    
20000000  __stop___llvm_prf_cnts                     
00003a39  _c_int00_noargs                            
00003ca4  _ctypes_                                   
200005d8  _device                                    
200004e8  _ftable                                    
200006f8  _lock                                      
00000b33  _nop                                       
20000650  _stream                                    
200000e8  _sys_memory                                
UNDEFED   _system_post_cinit                         
00003c9d  _system_pre_init                           
200006fc  _unlock                                    
00003ca1  abort                                      
00002795  aligned_alloc                              
000036f9  atoi                                       
ffffffff  binit                                      
000034a5  close                                      
00003be5  copysign                                   
00003be5  copysignl                                  
200006ec  encA_cnt                                   
200006f4  encA_dir                                   
200006f0  encB_cnt                                   
200006f5  encB_dir                                   
20000708  errno                                      
00003745  exit                                       
00003a6d  finddevice                                 
00002e0d  fputc                                      
00002571  fputs                                      
00002991  free                                       
00003319  frexp                                      
00003319  frexpl                                     
0000337d  fseek                                      
20000000  g_pfnRAMVectors                            
000038a1  getdevice                                  
00000000  interruptVectors                           
00002685  ldexp                                      
00002685  ldexpl                                     
00003b21  lseek                                      
000017a7  main                                       
00003c8d  malloc                                     
000016d9  mechrev_setup                              
00002795  memalign                                   
00003bc9  memccpy                                    
00003b71  memchr                                     
00002cdb  memcpy                                     
00002fad  memset                                     
200008d0  parmbuf                                    
000032b1  printf                                     
00002e0d  putc                                       
00003acd  remove                                     
00002685  scalbn                                     
00002685  scalbnl                                    
00002a75  setvbuf                                    
00003c17  strchr                                     
00003bff  strcmp                                     
00003c2d  strcpy                                     
00003c41  strlen                                     
00003999  strncpy                                    
00003acd  unlink                                     
00003c55  wcslen                                     
00003b49  write                                      


GLOBAL SYMBOLS: SORTED BY Symbol Address 

address   name                                       
-------   ----                                       
00000000  __TI_static_base__                         
00000000  interruptVectors                           
000000e5  __TI_printfi                               
00000200  __STACK_SIZE                               
00000400  __SYSMEM_SIZE                              
00000b33  _nop                                       
00000b35  GPIO_setAsOutputPin                        
00000b6f  GPIO_setAsInputPin                         
00000bb5  GPIO_setAsPeripheralModuleFunctionOutputPin
00000c39  GPIO_setAsPeripheralModuleFunctionInputPin 
00000cbd  GPIO_setOutputHighOnPin                    
00000cdf  GPIO_setOutputLowOnPin                     
00000d01  GPIO_toggleOutputOnPin                     
00000d23  GPIO_setAsInputPinWithPullDownResistor     
00000d75  GPIO_setAsInputPinWithPullUpResistor       
00000dc7  GPIO_getInputPinValue                      
00000df5  GPIO_enableInterrupt                       
00000e17  GPIO_disableInterrupt                      
00000e39  GPIO_getInterruptStatus                    
00000e57  GPIO_clearInterruptFlag                    
00000e79  GPIO_interruptEdgeSelect                   
00000eaf  GPIO_getEnabledInterruptStatus             
00000f2b  GPIO_setDriveStrengthHigh                  
00000f4d  GPIO_setDriveStrengthLow                   
00000f6f  GPIO_registerInterrupt                     
00000f8f  GPIO_unregisterInterrupt                   
00000fb7  Interrupt_enableMaster                     
00000fc7  Interrupt_disableMaster                    
00000fd7  Interrupt_registerInterrupt                
00001029  Interrupt_unregisterInterrupt              
0000103d  Interrupt_setPriorityGrouping              
00001057  Interrupt_getPriorityGrouping              
0000108f  Interrupt_setPriority                      
000010df  Interrupt_getPriority                      
00001105  Interrupt_enableInterrupt                  
00001177  Interrupt_disableInterrupt                 
000011e9  Interrupt_isEnabled                        
00001275  Interrupt_pendInterrupt                    
000012e5  Interrupt_unpendInterrupt                  
00001333  Interrupt_setPriorityMask                  
00001343  Interrupt_getPriorityMask                  
0000134d  Interrupt_setVectorTableAddress            
0000135d  Interrupt_getVectorTableAddress            
00001363  Interrupt_enableSleepOnIsrExit             
00001375  Interrupt_disableSleepOnIsrExit            
000013a5  SystemCoreClockUpdate                      
0000161d  SystemInit                                 
000016d9  mechrev_setup                              
00001743  PORT5_IRQHandler                           
00001743  PORT5_IRQHandler                           
000017a7  main                                       
00001891  PORT4_IRQHandler                           
00001891  PORT4_IRQHandler                           
00001c0d  SysCtl_getTLVInfo                          
00001c83  SysCtl_getSRAMSize                         
00001c89  SysCtl_getFlashSize                        
00001c8f  SysCtl_disableNMISource                    
00001ca3  SysCtl_enableNMISource                     
00001cb7  SysCtl_getNMISourceStatus                  
00001cbd  SysCtl_enableSRAMBank                      
00001cd9  SysCtl_disableSRAMBank                     
00001d41  SysCtl_enableSRAMBankRetention             
00001d5d  SysCtl_disableSRAMBankRetention            
00001d79  SysCtl_rebootDevice                        
00001d83  SysCtl_enablePeripheralAtCPUHalt           
00001d97  SysCtl_disablePeripheralAtCPUHalt          
00001dab  SysCtl_setWDTTimeoutResetType              
00001dcf  SysCtl_setWDTPasswordViolationResetType    
00001df3  SysCtl_enableGlitchFilter                  
00001dff  SysCtl_disableGlitchFilter                 
00001e0b  SysCtl_getTempCalibrationConstant          
00002021  __aeabi_dsub                               
0000202b  __aeabi_dadd                               
000021d7  __aeabi_idiv0                              
000021d7  __aeabi_ldiv0                              
00002315  __aeabi_ddiv                               
00002571  fputs                                      
00002685  ldexp                                      
00002685  ldexpl                                     
00002685  scalbn                                     
00002685  scalbnl                                    
00002795  aligned_alloc                              
00002795  memalign                                   
00002895  __aeabi_dmul                               
00002991  free                                       
00002a75  setvbuf                                    
00002b51  WDT_A_holdTimer                            
00002b71  WDT_A_startTimer                           
00002b91  WDT_A_clearTimer                           
00002bb1  WDT_A_initWatchdogTimer                    
00002bcd  WDT_A_initIntervalTimer                    
00002be9  WDT_A_setPasswordViolationReset            
00002bf5  WDT_A_setTimeoutReset                      
00002c01  WDT_A_registerInterrupt                    
00002c15  WDT_A_unregisterInterrupt                  
00002cdb  __aeabi_memcpy                             
00002cdb  __aeabi_memcpy4                            
00002cdb  __aeabi_memcpy8                            
00002cdb  memcpy                                     
00002d77  __aeabi_uldivmod                           
00002e0d  fputc                                      
00002e0d  putc                                       
00002e99  __aeabi_cdcmpeq                            
00002e99  __aeabi_cdcmple                            
00002f1f  __aeabi_cdrcmple                           
00002fa5  __aeabi_memclr                             
00002fa5  __aeabi_memclr4                            
00002fa5  __aeabi_memclr8                            
00002fa7  __aeabi_memset                             
00002fa7  __aeabi_memset4                            
00002fa7  __aeabi_memset8                            
00002fad  memset                                     
00003021  __TI_closefile                             
00003175  HOSTrename                                 
000031e1  HOSTlseek                                  
00003249  __TI_decompress_lzss                       
000032b1  printf                                     
00003319  frexp                                      
00003319  frexpl                                     
0000337d  fseek                                      
000033e1  __TI_wrt_ok                                
00003445  HOSTopen                                   
000034a5  close                                      
00003501  HOSTread                                   
00003559  HOSTwrite                                  
00003607  __TI_ltoa                                  
000036ad  __TI_doflush                               
000036f9  atoi                                       
00003745  exit                                       
0000378d  __aeabi_d2iz                               
000037d5  HOSTclose                                  
00003819  HOSTunlink                                 
0000385d  __TI_auto_init_nobinit_nopinit             
000038a1  getdevice                                  
00003923  CPU_cpsid                                  
0000392f  CPU_primask                                
00003939  CPU_cpsie                                  
00003945  CPU_wfi                                    
00003949  CPU_basepriSet                             
00003957  CPU_basepriGet                             
00003961  __TI_writemsg                              
0000398f  C$$IO$$                                    
00003999  strncpy                                    
000039d1  __TI_cleanup                               
00003a05  __TI_readmsg                               
00003a39  _c_int00_noargs                            
00003a6d  finddevice                                 
00003a9d  __aeabi_i2d                                
00003acd  remove                                     
00003acd  unlink                                     
00003b21  lseek                                      
00003b49  write                                      
00003b71  memchr                                     
00003b91  __TI_zero_init_nomemset                    
00003bc9  memccpy                                    
00003be5  copysign                                   
00003be5  copysignl                                  
00003bff  strcmp                                     
00003c17  strchr                                     
00003c2d  strcpy                                     
00003c41  strlen                                     
00003c55  wcslen                                     
00003c67  __TI_decompress_none                       
00003c75  Reset_Handler                              
00003c81  ADC14_IRQHandler                           
00003c81  AES256_IRQHandler                          
00003c81  BusFault_Handler                           
00003c81  COMP_E0_IRQHandler                         
00003c81  COMP_E1_IRQHandler                         
00003c81  CS_IRQHandler                              
00003c81  DMA_ERR_IRQHandler                         
00003c81  DMA_INT0_IRQHandler                        
00003c81  DMA_INT1_IRQHandler                        
00003c81  DMA_INT2_IRQHandler                        
00003c81  DMA_INT3_IRQHandler                        
00003c81  DebugMon_Handler                           
00003c81  Default_Handler                            
00003c81  EUSCIA0_IRQHandler                         
00003c81  EUSCIA1_IRQHandler                         
00003c81  EUSCIA2_IRQHandler                         
00003c81  EUSCIA3_IRQHandler                         
00003c81  EUSCIB0_IRQHandler                         
00003c81  EUSCIB1_IRQHandler                         
00003c81  EUSCIB2_IRQHandler                         
00003c81  EUSCIB3_IRQHandler                         
00003c81  FLCTL_IRQHandler                           
00003c81  FPU_IRQHandler                             
00003c81  HardFault_Handler                          
00003c81  MemManage_Handler                          
00003c81  NMI_Handler                                
00003c81  PCM_IRQHandler                             
00003c81  PORT1_IRQHandler                           
00003c81  PORT2_IRQHandler                           
00003c81  PORT3_IRQHandler                           
00003c81  PORT6_IRQHandler                           
00003c81  PSS_IRQHandler                             
00003c81  PendSV_Handler                             
00003c81  RTC_C_IRQHandler                           
00003c81  SVC_Handler                                
00003c81  SysTick_Handler                            
00003c81  T32_INT1_IRQHandler                        
00003c81  T32_INT2_IRQHandler                        
00003c81  T32_INTC_IRQHandler                        
00003c81  TA0_0_IRQHandler                           
00003c81  TA0_N_IRQHandler                           
00003c81  TA1_0_IRQHandler                           
00003c81  TA1_N_IRQHandler                           
00003c81  TA2_0_IRQHandler                           
00003c81  TA2_N_IRQHandler                           
00003c81  TA3_0_IRQHandler                           
00003c81  TA3_N_IRQHandler                           
00003c81  UsageFault_Handler                         
00003c81  WDT_A_IRQHandler                           
00003c85  __aeabi_errno_addr                         
00003c8d  malloc                                     
00003c9d  _system_pre_init                           
00003ca1  C$$EXIT                                    
00003ca1  abort                                      
00003ca4  _ctypes_                                   
00003eec  __TI_Handler_Table_Base                    
00003ef8  __TI_Handler_Table_Limit                   
00003f08  __TI_CINIT_Base                            
00003f20  __TI_CINIT_Limit                           
20000000  __start___llvm_prf_cnts                    
20000000  __stop___llvm_prf_cnts                     
20000000  g_pfnRAMVectors                            
200000e8  _sys_memory                                
200004e8  _ftable                                    
200005d8  _device                                    
20000650  _stream                                    
200006d0  __TI_ft_end                                
200006d4  __aeabi_stdin                              
200006d8  __aeabi_stdout                             
200006dc  __aeabi_stderr                             
200006e0  __TI_cleanup_ptr                           
200006e4  __TI_dtors_ptr                             
200006e8  __TI_enable_exit_profile_output            
200006ec  encA_cnt                                   
200006f0  encB_cnt                                   
200006f4  encA_dir                                   
200006f5  encB_dir                                   
200006f8  _lock                                      
200006fc  _unlock                                    
20000708  errno                                      
2000070c  SystemCoreClock                            
20000710  __CIOBUF_                                  
20000830  __TI_tmpnams                               
200008d0  parmbuf                                    
2000fe00  __stack                                    
20010000  __STACK_END                                
4000480c  WDTCTL_SYM                                 
ffffffff  __TI_pprof_out_hndl                        
ffffffff  __TI_prof_data_size                        
ffffffff  __TI_prof_data_start                       
ffffffff  __binit__                                  
ffffffff  __c_args__                                 
ffffffff  binit                                      
UNDEFED   __mpu_init                                 
UNDEFED   _system_post_cinit                         

[259 symbols]
