******************************************************************************
                  TI ARM Linker Unix v20.2.6                   
******************************************************************************
>> Linked Sun Apr 10 15:49:51 2022

OUTPUT FILE NAME:   <Lab 4.out>
ENTRY POINT SYMBOL: "_c_int00_noargs"  address: 000042b1


MEMORY CONFIGURATION

         name            origin    length      used     unused   attr    fill
----------------------  --------  ---------  --------  --------  ----  --------
  MAIN                  00000000   00040000  000047b4  0003b84c  R  X
  INFO                  00200000   00004000  00000000  00004000  R  X
  SRAM_CODE             01000000   00010000  00000b34  0000f4cc  RW X
  SRAM_DATA             20000000   00010000  00000b34  0000f4cc  RW  


SEGMENT ALLOCATION MAP

run origin  load origin   length   init length attrs members
----------  ----------- ---------- ----------- ----- -------
00000000    00000000    000047b8   000047b8    r-x
  00000000    00000000    000000e4   000000e4    r-- .intvecs
  000000e4    000000e4    00004438   00004438    r-x .text
  0000451c    0000451c    000001b0   000001b0    r-- .const
  000046d0    000046d0    000000e8   000000e8    r-- .cinit
20000000    20000000    00000938   00000000    rw-
  20000000    20000000    000000e4   00000000    rw- .vtable
  200000e8    200000e8    00000400   00000000    rw- .sysmem
  200004e8    200004e8    00000288   00000000    rw- .data
  20000770    20000770    000001c8   00000000    rw- .bss
2000fe00    2000fe00    00000200   00000000    rw-
  2000fe00    2000fe00    00000200   00000000    rw- .stack


SECTION ALLOCATION MAP

 output                                  attributes/
section   page    origin      length       input sections
--------  ----  ----------  ----------   ----------------
.intvecs   0    00000000    000000e4     
                  00000000    000000e4     startup_msp432p401r_ccs.obj (.intvecs:retain)

.text      0    000000e4    00004438     
                  000000e4    00000a4e     rtsv7M4_T_le_v4SPD16_eabi.lib : _printfi.c.obj (.text:__TI_printfi)
                  00000b32    00000002                                   : _lock.c.obj (.text:_nop)
                  00000b34    00000798     timer_a.obj (.text)
                  000012cc    00000480     gpio.obj (.text)
                  0000174c    000003f0     interrupt.obj (.text)
                  00001b3c    000003a4     main.obj (.text)
                  00001ee0    00000334     system_msp432p401r.obj (.text)
                  00002214    00000270     rtsv7M4_T_le_v4SPD16_eabi.lib : _printfi.c.obj (.text:_pconv_a)
                  00002484    00000244     sysctl.obj (.text)
                  000026c8    000001d0     rtsv7M4_T_le_v4SPD16_eabi.lib : _printfi.c.obj (.text:_pconv_g)
                  00002898    000001b6                                   : fd_add_t2.asm.obj (.text)
                  00002a4e    00000002                                   : div0.asm.obj (.text)
                  00002a50    0000013c                                   : _printfi.c.obj (.text:_pconv_e)
                  00002b8c    00000136                                   : fd_div_t2.asm.obj (.text)
                  00002cc2    00000002     --HOLE-- [fill = 0]
                  00002cc4    00000124                                   : _printfi.c.obj (.text:fcvt)
                  00002de8    00000114                                   : fputs.c.obj (.text:fputs)
                  00002efc    00000110                                   : s_scalbn.c.obj (.text:scalbn)
                  0000300c    00000100                                   : memory.c.obj (.text:aligned_alloc)
                  0000310c    000000fc                                   : fd_mul_t2.asm.obj (.text)
                  00003208    000000e4                                   : memory.c.obj (.text:free)
                  000032ec    000000dc                                   : setvbuf.c.obj (.text:setvbuf)
                  000033c8    000000d8     wdt_a.obj (.text)
                  000034a0    000000b1     rtsv7M4_T_le_v4SPD16_eabi.lib : _printfi.c.obj (.text:_ltostr)
                  00003551    00000001     --HOLE-- [fill = 0]
                  00003552    0000009c                                   : memcpy_t2.asm.obj (.text)
                  000035ee    00000096                                   : ull_div_t2.asm.obj (.text)
                  00003684    0000008c                                   : fputc.c.obj (.text:fputc)
                  00003710    00000086                                   : fd_cmp_t2.asm.obj (.text:__aeabi_cdcmple)
                  00003796    00000086                                   : fd_cmp_t2.asm.obj (.text:__aeabi_cdrcmple)
                  0000381c    0000007a                                   : memset_t2.asm.obj (.text)
                  00003896    00000002     --HOLE-- [fill = 0]
                  00003898    00000074                                   : fclose.c.obj (.text:__TI_closefile)
                  0000390c    00000070                                   : memory.c.obj (.text:split)
                  0000397c    0000006e                                   : _printfi.c.obj (.text:_mcpy)
                  000039ea    00000002     --HOLE-- [fill = 0]
                  000039ec    0000006c                                   : hostrename.c.obj (.text:HOSTrename)
                  00003a58    00000068                                   : hostlseek.c.obj (.text:HOSTlseek)
                  00003ac0    00000068                                   : copy_decompress_lzss.c.obj (.text:decompress:lzss:__TI_decompress_lzss)
                  00003b28    00000068                                   : printf.c.obj (.text:printf)
                  00003b90    00000064                                   : s_frexp.c.obj (.text:frexp)
                  00003bf4    00000064                                   : fseek.c.obj (.text:fseek)
                  00003c58    00000062                                   : _io_perm.c.obj (.text:__TI_wrt_ok)
                  00003cba    00000002     --HOLE-- [fill = 0]
                  00003cbc    00000060                                   : hostopen.c.obj (.text:HOSTopen)
                  00003d1c    0000005c                                   : close.c.obj (.text:close)
                  00003d78    00000058                                   : hostread.c.obj (.text:HOSTread)
                  00003dd0    00000058                                   : hostwrite.c.obj (.text:HOSTwrite)
                  00003e28    00000056                                   : _printfi.c.obj (.text:_pconv_f)
                  00003e7e    00000054                                   : _ltoa.c.obj (.text:__TI_ltoa)
                  00003ed2    00000052                                   : _printfi.c.obj (.text:_ecpy)
                  00003f24    0000004c                                   : fflush.c.obj (.text:__TI_doflush)
                  00003f70    0000004c                                   : atoi.c.obj (.text:atoi)
                  00003fbc    00000048                                   : exit.c.obj (.text:exit)
                  00004004    00000048                                   : fd_toi_t2.asm.obj (.text)
                  0000404c    00000044                                   : hostclose.c.obj (.text:HOSTclose)
                  00004090    00000044                                   : hostunlink.c.obj (.text:HOSTunlink)
                  000040d4    00000044                                   : autoinit.c.obj (.text:__TI_auto_init_nobinit_nopinit:__TI_auto_init_nobinit_nopinit)
                  00004118    00000044                                   : getdevice.c.obj (.text:getdevice)
                  0000415c    0000003e                                   : _printfi.c.obj (.text:_fcpy)
                  0000419a    0000003e     cpu.obj (.text)
                  000041d8    00000038     rtsv7M4_T_le_v4SPD16_eabi.lib : trgmsg.c.obj (.text:__TI_writemsg)
                  00004210    00000036                                   : strncpy.c.obj (.text:strncpy)
                  00004246    00000002     --HOLE-- [fill = 0]
                  00004248    00000034                                   : fopen.c.obj (.text:__TI_cleanup)
                  0000427c    00000034                                   : trgmsg.c.obj (.text:__TI_readmsg)
                  000042b0    00000034                                   : boot_cortex_m.c.obj (.text:_c_int00_noargs:_c_int00_noargs)
                  000042e4    00000030                                   : getdevice.c.obj (.text:finddevice)
                  00004314    0000002e                                   : i_tofd_t2.asm.obj (.text)
                  00004342    00000002     --HOLE-- [fill = 0]
                  00004344    0000002c                                   : unlink.c.obj (.text:unlink)
                  00004370    00000028                                   : memory.c.obj (.text:free_list_insert)
                  00004398    00000028                                   : lseek.c.obj (.text:lseek)
                  000043c0    00000028                                   : write.c.obj (.text:write)
                  000043e8    00000020                                   : memchr.c.obj (.text:memchr)
                  00004408    0000001c                                   : copy_zero_init.c.obj (.text:decompress:ZI:__TI_zero_init_nomemset:__TI_zero_init_nomemset)
                  00004424    0000001c                                   : memory.c.obj (.text:free_list_remove)
                  00004440    0000001c                                   : memccpy.c.obj (.text:memccpy)
                  0000445c    0000001a                                   : s_copysign.c.obj (.text:copysign)
                  00004476    00000018                                   : strcmp.c.obj (.text:strcmp)
                  0000448e    00000016                                   : strchr.c.obj (.text:strchr)
                  000044a4    00000014                                   : strcpy.c.obj (.text:strcpy)
                  000044b8    00000014                                   : strlen.c.obj (.text:strlen)
                  000044cc    00000012                                   : wcslen.c.obj (.text:wcslen)
                  000044de    0000000e                                   : copy_decompress_none.c.obj (.text:decompress:none:__TI_decompress_none)
                  000044ec    0000000e     startup_msp432p401r_ccs.obj (.text)
                  000044fa    00000002     --HOLE-- [fill = 0]
                  000044fc    00000008     rtsv7M4_T_le_v4SPD16_eabi.lib : errno.c.obj (.text:__aeabi_errno_addr)
                  00004504    00000008                                   : memory.c.obj (.text:malloc)
                  0000450c    00000004                                   : printf.c.obj (.text:_outc)
                  00004510    00000004                                   : printf.c.obj (.text:_outs)
                  00004514    00000004                                   : pre_init.c.obj (.text:_system_pre_init)
                  00004518    00000004                                   : exit.c.obj (.text:abort:abort)

.const     0    0000451c    000001b0     
                  0000451c    00000101     rtsv7M4_T_le_v4SPD16_eabi.lib : ctype.c.obj (.const:.string:_ctypes_)
                  0000461d    00000003     --HOLE-- [fill = 0]
                  00004620    00000050     interrupt.obj (.const:g_pulRegs)
                  00004670    00000020     interrupt.obj (.const:g_pulPriority)
                  00004690    0000001c     gpio.obj (.const:GPIO_PORT_TO_INT)
                  000046ac    00000008     interrupt.obj (.const:g_pulDisRegs)
                  000046b4    00000008     interrupt.obj (.const:g_pulEnRegs)
                  000046bc    00000008     interrupt.obj (.const:g_pulPendRegs)
                  000046c4    00000008     interrupt.obj (.const:g_pulUnpendRegs)

.cinit     0    000046d0    000000e8     
                  000046d0    000000ae     (.cinit..data.load) [load image, compression = lzss]
                  0000477e    00000002     --HOLE-- [fill = 0]
                  00004780    0000000c     (__TI_handler_table)
                  0000478c    00000004     --HOLE-- [fill = 0]
                  00004790    00000008     (.cinit..bss.load) [load image, compression = zero_init]
                  00004798    00000008     (.cinit..vtable.load) [load image, compression = zero_init]
                  000047a0    00000018     (__TI_cinit_table)

.init_array 
*          0    00000000    00000000     UNINITIALIZED

.binit     0    00000000    00000000     

.vtable    0    20000000    000000e4     UNINITIALIZED
                  20000000    000000e4     interrupt.obj (.vtable)

.sysmem    0    200000e8    00000400     UNINITIALIZED
                  200000e8    00000010     rtsv7M4_T_le_v4SPD16_eabi.lib : memory.c.obj (.sysmem)
                  200000f8    000003f0     --HOLE--

.data      0    200004e8    00000288     UNINITIALIZED
                  200004e8    000000f0     rtsv7M4_T_le_v4SPD16_eabi.lib : defs.c.obj (.data:_ftable)
                  200005d8    00000078                                   : host_device.c.obj (.data:_device)
                  20000650    00000050                                   : host_device.c.obj (.data:_stream)
                  200006a0    00000030     gpio.obj (.data:GPIO_PORT_TO_BASE)
                  200006d0    00000018     main.obj (.data:pwmConfigTA01)
                  200006e8    00000018     main.obj (.data:pwmConfigTA02)
                  20000700    00000018     main.obj (.data:pwmConfigTA03)
                  20000718    00000018     main.obj (.data:pwmConfigTA04)
                  20000730    00000010     rtsv7M4_T_le_v4SPD16_eabi.lib : defs.c.obj (.data)
                  20000740    0000000c                                   : exit.c.obj (.data:$O1$$)
                  2000074c    0000000a     main.obj (.data)
                  20000756    00000002     --HOLE--
                  20000758    00000008     rtsv7M4_T_le_v4SPD16_eabi.lib : _lock.c.obj (.data:$O1$$)
                  20000760    00000008                                   : memory.c.obj (.data:$O1$$)
                  20000768    00000004                                   : errno.c.obj (.data)
                  2000076c    00000004     system_msp432p401r.obj (.data)

.bss       0    20000770    000001c8     UNINITIALIZED
                  20000770    00000120     rtsv7M4_T_le_v4SPD16_eabi.lib : trgmsg.c.obj (.bss:_CIOBUF_)
                  20000890    000000a0     (.common:__TI_tmpnams)
                  20000930    00000008     (.common:parmbuf)

.stack     0    2000fe00    00000200     UNINITIALIZED
                  2000fe00    00000004     rtsv7M4_T_le_v4SPD16_eabi.lib : boot_cortex_m.c.obj (.stack)
                  2000fe04    000001fc     --HOLE--

__llvm_prf_cnts 
*          0    20000000    00000000     UNINITIALIZED

MODULE SUMMARY

       Module                        code    ro data   rw data
       ------                        ----    -------   -------
    ./
       main.obj                      932     0         212    
       system_msp432p401r.obj        820     0         8      
       startup_msp432p401r_ccs.obj   14      228       0      
    +--+-----------------------------+-------+---------+---------+
       Total:                        1766    228       220    
                                                              
    ./driverlib/MSP432P4xx/
       timer_a.obj                   1944    0         0      
       interrupt.obj                 1008    144       456    
       gpio.obj                      1152    28        96     
       sysctl.obj                    580     0         0      
       wdt_a.obj                     216     0         0      
       cpu.obj                       62      0         0      
    +--+-----------------------------+-------+---------+---------+
       Total:                        4962    172       552    
                                                              
    /Applications/ti/ccs1110/ccs/tools/compiler/ti-cgt-arm_20.2.6.LTS/lib/rtsv7M4_T_le_v4SPD16_eabi.lib
       _printfi.c.obj                4851    0         0      
       defs.c.obj                    0       0         832    
       memory.c.obj                  672     0         16     
       trgmsg.c.obj                  108     0         576    
       fd_add_t2.asm.obj             438     0         0      
       host_device.c.obj             0       0         400    
       fd_div_t2.asm.obj             310     0         0      
       fputs.c.obj                   276     0         0      
       s_scalbn.c.obj                272     0         0      
       fd_cmp_t2.asm.obj             268     0         0      
       ctype.c.obj                   0       257       0      
       fd_mul_t2.asm.obj             252     0         0      
       setvbuf.c.obj                 220     0         0      
       memcpy_t2.asm.obj             156     0         0      
       ull_div_t2.asm.obj            150     0         0      
       fputc.c.obj                   140     0         0      
       memset_t2.asm.obj             122     0         0      
       fclose.c.obj                  116     0         0      
       getdevice.c.obj               116     0         0      
       hostopen.c.obj                96      0         16     
       printf.c.obj                  112     0         0      
       hostrename.c.obj              108     0         0      
       copy_decompress_lzss.c.obj    104     0         0      
       hostlseek.c.obj               104     0         0      
       exit.c.obj                    76      0         24     
       fseek.c.obj                   100     0         0      
       s_frexp.c.obj                 100     0         0      
       _io_perm.c.obj                98      0         0      
       close.c.obj                   92      0         0      
       hostread.c.obj                88      0         0      
       hostwrite.c.obj               88      0         0      
       _ltoa.c.obj                   84      0         0      
       atoi.c.obj                    76      0         0      
       fflush.c.obj                  76      0         0      
       fd_toi_t2.asm.obj             72      0         0      
       autoinit.c.obj                68      0         0      
       hostclose.c.obj               68      0         0      
       hostunlink.c.obj              68      0         0      
       strncpy.c.obj                 54      0         0      
       boot_cortex_m.c.obj           52      0         0      
       fopen.c.obj                   52      0         0      
       i_tofd_t2.asm.obj             46      0         0      
       unlink.c.obj                  44      0         0      
       lseek.c.obj                   40      0         0      
       write.c.obj                   40      0         0      
       memchr.c.obj                  32      0         0      
       copy_zero_init.c.obj          28      0         0      
       memccpy.c.obj                 28      0         0      
       s_copysign.c.obj              26      0         0      
       strcmp.c.obj                  24      0         0      
       strchr.c.obj                  22      0         0      
       strcpy.c.obj                  20      0         0      
       strlen.c.obj                  20      0         0      
       _lock.c.obj                   2       0         16     
       wcslen.c.obj                  18      0         0      
       errno.c.obj                   8       0         8      
       copy_decompress_none.c.obj    14      0         0      
       pre_init.c.obj                4       0         0      
       div0.asm.obj                  2       0         0      
    +--+-----------------------------+-------+---------+---------+
       Total:                        10721   257       1888   
                                                              
       Heap:                         0       0         2048   
       Stack:                        0       0         1024   
       Linker Generated:             0       226       0      
    +--+-----------------------------+-------+---------+---------+
       Grand Total:                  17449   883       5732   


LINKER GENERATED COPY TABLES

__TI_cinit_table @ 000047a0 records: 3, size/record: 8, table size: 24
	.data: load addr=000046d0, load size=000000ae bytes, run addr=200004e8, run size=00000288 bytes, compression=lzss
	.bss: load addr=00004790, load size=00000008 bytes, run addr=20000770, run size=000001c8 bytes, compression=zero_init
	.vtable: load addr=00004798, load size=00000008 bytes, run addr=20000000, run size=000000e4 bytes, compression=zero_init


LINKER GENERATED HANDLER TABLE

__TI_handler_table @ 00004780 records: 3, size/record: 4, table size: 12
	index: 0, handler: __TI_zero_init
	index: 1, handler: __TI_decompress_lzss
	index: 2, handler: __TI_decompress_none


GLOBAL SYMBOLS: SORTED ALPHABETICALLY BY Name 

address   name                                           
-------   ----                                           
000044f9  ADC14_IRQHandler                               
000044f9  AES256_IRQHandler                              
000044f9  BusFault_Handler                               
00004519  C$$EXIT                                        
00004207  C$$IO$$                                        
000044f9  COMP_E0_IRQHandler                             
000044f9  COMP_E1_IRQHandler                             
000041cf  CPU_basepriGet                                 
000041c1  CPU_basepriSet                                 
0000419b  CPU_cpsid                                      
000041b1  CPU_cpsie                                      
000041a7  CPU_primask                                    
000041bd  CPU_wfi                                        
000044f9  CS_IRQHandler                                  
000044f9  DMA_ERR_IRQHandler                             
000044f9  DMA_INT0_IRQHandler                            
000044f9  DMA_INT1_IRQHandler                            
000044f9  DMA_INT2_IRQHandler                            
000044f9  DMA_INT3_IRQHandler                            
000044f9  DebugMon_Handler                               
000044f9  Default_Handler                                
000044f9  EUSCIA0_IRQHandler                             
000044f9  EUSCIA1_IRQHandler                             
000044f9  EUSCIA2_IRQHandler                             
000044f9  EUSCIA3_IRQHandler                             
000044f9  EUSCIB0_IRQHandler                             
000044f9  EUSCIB1_IRQHandler                             
000044f9  EUSCIB2_IRQHandler                             
000044f9  EUSCIB3_IRQHandler                             
000044f9  FLCTL_IRQHandler                               
000044f9  FPU_IRQHandler                                 
000015ef  GPIO_clearInterruptFlag                        
000015af  GPIO_disableInterrupt                          
0000158d  GPIO_enableInterrupt                           
00001647  GPIO_getEnabledInterruptStatus                 
0000155f  GPIO_getInputPinValue                          
000015d1  GPIO_getInterruptStatus                        
00001611  GPIO_interruptEdgeSelect                       
00001707  GPIO_registerInterrupt                         
00001307  GPIO_setAsInputPin                             
000014bb  GPIO_setAsInputPinWithPullDownResistor         
0000150d  GPIO_setAsInputPinWithPullUpResistor           
000012cd  GPIO_setAsOutputPin                            
000013d1  GPIO_setAsPeripheralModuleFunctionInputPin     
0000134d  GPIO_setAsPeripheralModuleFunctionOutputPin    
000016c3  GPIO_setDriveStrengthHigh                      
000016e5  GPIO_setDriveStrengthLow                       
00001455  GPIO_setOutputHighOnPin                        
00001477  GPIO_setOutputLowOnPin                         
00001499  GPIO_toggleOutputOnPin                         
00001727  GPIO_unregisterInterrupt                       
0000404d  HOSTclose                                      
00003a59  HOSTlseek                                      
00003cbd  HOSTopen                                       
00003d79  HOSTread                                       
000039ed  HOSTrename                                     
00004091  HOSTunlink                                     
00003dd1  HOSTwrite                                      
000044f9  HardFault_Handler                              
0000190f  Interrupt_disableInterrupt                     
0000175f  Interrupt_disableMaster                        
00001b0d  Interrupt_disableSleepOnIsrExit                
0000189d  Interrupt_enableInterrupt                      
0000174f  Interrupt_enableMaster                         
00001afb  Interrupt_enableSleepOnIsrExit                 
00001877  Interrupt_getPriority                          
000017ef  Interrupt_getPriorityGrouping                  
00001adb  Interrupt_getPriorityMask                      
00001af5  Interrupt_getVectorTableAddress                
00001981  Interrupt_isEnabled                            
00001a0d  Interrupt_pendInterrupt                        
0000176f  Interrupt_registerInterrupt                    
00001827  Interrupt_setPriority                          
000017d5  Interrupt_setPriorityGrouping                  
00001acb  Interrupt_setPriorityMask                      
00001ae5  Interrupt_setVectorTableAddress                
00001a7d  Interrupt_unpendInterrupt                      
000017c1  Interrupt_unregisterInterrupt                  
000044f9  MemManage_Handler                              
000044f9  NMI_Handler                                    
000044f9  PCM_IRQHandler                                 
000044f9  PORT1_IRQHandler                               
000044f9  PORT2_IRQHandler                               
000044f9  PORT3_IRQHandler                               
000044f9  PORT4_IRQHandler                               
00001ba7  PORT5_IRQHandler                               
00001ba7  PORT5_IRQHandler                               
000044f9  PORT6_IRQHandler                               
000044f9  PSS_IRQHandler                                 
000044f9  PendSV_Handler                                 
000044f9  RTC_C_IRQHandler                               
000044ed  Reset_Handler                                  
000044f9  SVC_Handler                                    
00002677  SysCtl_disableGlitchFilter                     
00002507  SysCtl_disableNMISource                        
0000260f  SysCtl_disablePeripheralAtCPUHalt              
00002551  SysCtl_disableSRAMBank                         
000025d5  SysCtl_disableSRAMBankRetention                
0000266b  SysCtl_enableGlitchFilter                      
0000251b  SysCtl_enableNMISource                         
000025fb  SysCtl_enablePeripheralAtCPUHalt               
00002535  SysCtl_enableSRAMBank                          
000025b9  SysCtl_enableSRAMBankRetention                 
00002501  SysCtl_getFlashSize                            
0000252f  SysCtl_getNMISourceStatus                      
000024fb  SysCtl_getSRAMSize                             
00002485  SysCtl_getTLVInfo                              
00002683  SysCtl_getTempCalibrationConstant              
000025f1  SysCtl_rebootDevice                            
00002647  SysCtl_setWDTPasswordViolationResetType        
00002623  SysCtl_setWDTTimeoutResetType                  
000044f9  SysTick_Handler                                
2000076c  SystemCoreClock                                
00001ee1  SystemCoreClockUpdate                          
00002159  SystemInit                                     
000044f9  T32_INT1_IRQHandler                            
000044f9  T32_INT2_IRQHandler                            
000044f9  T32_INTC_IRQHandler                            
000044f9  TA0_0_IRQHandler                               
000044f9  TA0_N_IRQHandler                               
000044f9  TA1_0_IRQHandler                               
000044f9  TA1_N_IRQHandler                               
000044f9  TA2_0_IRQHandler                               
000044f9  TA2_N_IRQHandler                               
000044f9  TA3_0_IRQHandler                               
000044f9  TA3_N_IRQHandler                               
00000fff  Timer_A_clearCaptureCompareInterrupt           
00000fe9  Timer_A_clearInterruptFlag                     
00000e67  Timer_A_clearTimer                             
00000c8f  Timer_A_configureContinuousMode                
00000d1d  Timer_A_configureUpDownMode                    
00000cbf  Timer_A_configureUpMode                        
0000108d  Timer_A_disableCaptureCompareInterrupt         
0000103b  Timer_A_disableInterrupt                       
00001061  Timer_A_enableCaptureCompareInterrupt          
00001027  Timer_A_enableInterrupt                        
00000f33  Timer_A_generatePWM                            
00000ed9  Timer_A_getCaptureCompareCount                 
000010f5  Timer_A_getCaptureCompareEnabledInterruptStatus
000010b5  Timer_A_getCaptureCompareInterruptStatus       
00000e1b  Timer_A_getCounterValue                        
000010dd  Timer_A_getEnabledInterruptStatus              
0000104f  Timer_A_getInterruptStatus                     
00000eab  Timer_A_getOutputForOutputModeOutBitValue      
00000e7b  Timer_A_getSynchronizedCaptureCompareInput     
00000d7b  Timer_A_initCapture                            
00000dcd  Timer_A_initCompare                            
00001131  Timer_A_registerInterrupt                      
00000fbd  Timer_A_setCompareValue                        
00000efb  Timer_A_setOutputForOutputModeOutBitValue      
00000c79  Timer_A_startCounter                           
00000fa9  Timer_A_stopTimer                              
00001203  Timer_A_unregisterInterrupt                    
000044f9  UsageFault_Handler                             
4000480c  WDTCTL_SYM                                     
000044f9  WDT_A_IRQHandler                               
00003409  WDT_A_clearTimer                               
000033c9  WDT_A_holdTimer                                
00003445  WDT_A_initIntervalTimer                        
00003429  WDT_A_initWatchdogTimer                        
00003479  WDT_A_registerInterrupt                        
00003461  WDT_A_setPasswordViolationReset                
0000346d  WDT_A_setTimeoutReset                          
000033e9  WDT_A_startTimer                               
0000348d  WDT_A_unregisterInterrupt                      
20000770  __CIOBUF_                                      
20010000  __STACK_END                                    
00000200  __STACK_SIZE                                   
00000400  __SYSMEM_SIZE                                  
000047a0  __TI_CINIT_Base                                
000047b8  __TI_CINIT_Limit                               
00004780  __TI_Handler_Table_Base                        
0000478c  __TI_Handler_Table_Limit                       
000040d5  __TI_auto_init_nobinit_nopinit                 
00004249  __TI_cleanup                                   
20000740  __TI_cleanup_ptr                               
00003899  __TI_closefile                                 
00003ac1  __TI_decompress_lzss                           
000044df  __TI_decompress_none                           
00003f25  __TI_doflush                                   
20000744  __TI_dtors_ptr                                 
20000748  __TI_enable_exit_profile_output                
20000730  __TI_ft_end                                    
00003e7f  __TI_ltoa                                      
ffffffff  __TI_pprof_out_hndl                            
000000e5  __TI_printfi                                   
ffffffff  __TI_prof_data_size                            
ffffffff  __TI_prof_data_start                           
0000427d  __TI_readmsg                                   
00000000  __TI_static_base__                             
20000890  __TI_tmpnams                                   
000041d9  __TI_writemsg                                  
00003c59  __TI_wrt_ok                                    
00004409  __TI_zero_init_nomemset                        
00003711  __aeabi_cdcmpeq                                
00003711  __aeabi_cdcmple                                
00003797  __aeabi_cdrcmple                               
00004005  __aeabi_d2iz                                   
000028a3  __aeabi_dadd                                   
00002b8d  __aeabi_ddiv                                   
0000310d  __aeabi_dmul                                   
00002899  __aeabi_dsub                                   
000044fd  __aeabi_errno_addr                             
00004315  __aeabi_i2d                                    
00002a4f  __aeabi_idiv0                                  
00002a4f  __aeabi_ldiv0                                  
0000381d  __aeabi_memclr                                 
0000381d  __aeabi_memclr4                                
0000381d  __aeabi_memclr8                                
00003553  __aeabi_memcpy                                 
00003553  __aeabi_memcpy4                                
00003553  __aeabi_memcpy8                                
0000381f  __aeabi_memset                                 
0000381f  __aeabi_memset4                                
0000381f  __aeabi_memset8                                
2000073c  __aeabi_stderr                                 
20000734  __aeabi_stdin                                  
20000738  __aeabi_stdout                                 
000035ef  __aeabi_uldivmod                               
ffffffff  __binit__                                      
ffffffff  __c_args__                                     
UNDEFED   __mpu_init                                     
2000fe00  __stack                                        
20000000  __start___llvm_prf_cnts                        
20000000  __stop___llvm_prf_cnts                         
000042b1  _c_int00_noargs                                
0000451c  _ctypes_                                       
200005d8  _device                                        
200004e8  _ftable                                        
20000758  _lock                                          
00000b33  _nop                                           
20000650  _stream                                        
200000e8  _sys_memory                                    
UNDEFED   _system_post_cinit                             
00004515  _system_pre_init                               
2000075c  _unlock                                        
00004519  abort                                          
0000300d  aligned_alloc                                  
00003f71  atoi                                           
ffffffff  binit                                          
00003d1d  close                                          
0000445d  copysign                                       
0000445d  copysignl                                      
2000074c  encA_cnt                                       
20000754  encA_dir                                       
20000750  encB_cnt                                       
20000755  encB_dir                                       
20000768  errno                                          
00003fbd  exit                                           
000042e5  finddevice                                     
00003685  fputc                                          
00002de9  fputs                                          
00003209  free                                           
00003b91  frexp                                          
00003b91  frexpl                                         
00003bf5  fseek                                          
20000000  g_pfnRAMVectors                                
00004119  getdevice                                      
00000000  interruptVectors                               
00002efd  ldexp                                          
00002efd  ldexpl                                         
00004399  lseek                                          
00001c0b  main                                           
00004505  malloc                                         
00001b3d  mechrev_setup                                  
0000300d  memalign                                       
00004441  memccpy                                        
000043e9  memchr                                         
00003553  memcpy                                         
00003825  memset                                         
20000930  parmbuf                                        
00003b29  printf                                         
00003685  putc                                           
200006d0  pwmConfigTA01                                  
200006e8  pwmConfigTA02                                  
20000700  pwmConfigTA03                                  
20000718  pwmConfigTA04                                  
00004345  remove                                         
00002efd  scalbn                                         
00002efd  scalbnl                                        
000032ed  setvbuf                                        
0000448f  strchr                                         
00004477  strcmp                                         
000044a5  strcpy                                         
000044b9  strlen                                         
00004211  strncpy                                        
00004345  unlink                                         
000044cd  wcslen                                         
000043c1  write                                          


GLOBAL SYMBOLS: SORTED BY Symbol Address 

address   name                                           
-------   ----                                           
00000000  __TI_static_base__                             
00000000  interruptVectors                               
000000e5  __TI_printfi                                   
00000200  __STACK_SIZE                                   
00000400  __SYSMEM_SIZE                                  
00000b33  _nop                                           
00000c79  Timer_A_startCounter                           
00000c8f  Timer_A_configureContinuousMode                
00000cbf  Timer_A_configureUpMode                        
00000d1d  Timer_A_configureUpDownMode                    
00000d7b  Timer_A_initCapture                            
00000dcd  Timer_A_initCompare                            
00000e1b  Timer_A_getCounterValue                        
00000e67  Timer_A_clearTimer                             
00000e7b  Timer_A_getSynchronizedCaptureCompareInput     
00000eab  Timer_A_getOutputForOutputModeOutBitValue      
00000ed9  Timer_A_getCaptureCompareCount                 
00000efb  Timer_A_setOutputForOutputModeOutBitValue      
00000f33  Timer_A_generatePWM                            
00000fa9  Timer_A_stopTimer                              
00000fbd  Timer_A_setCompareValue                        
00000fe9  Timer_A_clearInterruptFlag                     
00000fff  Timer_A_clearCaptureCompareInterrupt           
00001027  Timer_A_enableInterrupt                        
0000103b  Timer_A_disableInterrupt                       
0000104f  Timer_A_getInterruptStatus                     
00001061  Timer_A_enableCaptureCompareInterrupt          
0000108d  Timer_A_disableCaptureCompareInterrupt         
000010b5  Timer_A_getCaptureCompareInterruptStatus       
000010dd  Timer_A_getEnabledInterruptStatus              
000010f5  Timer_A_getCaptureCompareEnabledInterruptStatus
00001131  Timer_A_registerInterrupt                      
00001203  Timer_A_unregisterInterrupt                    
000012cd  GPIO_setAsOutputPin                            
00001307  GPIO_setAsInputPin                             
0000134d  GPIO_setAsPeripheralModuleFunctionOutputPin    
000013d1  GPIO_setAsPeripheralModuleFunctionInputPin     
00001455  GPIO_setOutputHighOnPin                        
00001477  GPIO_setOutputLowOnPin                         
00001499  GPIO_toggleOutputOnPin                         
000014bb  GPIO_setAsInputPinWithPullDownResistor         
0000150d  GPIO_setAsInputPinWithPullUpResistor           
0000155f  GPIO_getInputPinValue                          
0000158d  GPIO_enableInterrupt                           
000015af  GPIO_disableInterrupt                          
000015d1  GPIO_getInterruptStatus                        
000015ef  GPIO_clearInterruptFlag                        
00001611  GPIO_interruptEdgeSelect                       
00001647  GPIO_getEnabledInterruptStatus                 
000016c3  GPIO_setDriveStrengthHigh                      
000016e5  GPIO_setDriveStrengthLow                       
00001707  GPIO_registerInterrupt                         
00001727  GPIO_unregisterInterrupt                       
0000174f  Interrupt_enableMaster                         
0000175f  Interrupt_disableMaster                        
0000176f  Interrupt_registerInterrupt                    
000017c1  Interrupt_unregisterInterrupt                  
000017d5  Interrupt_setPriorityGrouping                  
000017ef  Interrupt_getPriorityGrouping                  
00001827  Interrupt_setPriority                          
00001877  Interrupt_getPriority                          
0000189d  Interrupt_enableInterrupt                      
0000190f  Interrupt_disableInterrupt                     
00001981  Interrupt_isEnabled                            
00001a0d  Interrupt_pendInterrupt                        
00001a7d  Interrupt_unpendInterrupt                      
00001acb  Interrupt_setPriorityMask                      
00001adb  Interrupt_getPriorityMask                      
00001ae5  Interrupt_setVectorTableAddress                
00001af5  Interrupt_getVectorTableAddress                
00001afb  Interrupt_enableSleepOnIsrExit                 
00001b0d  Interrupt_disableSleepOnIsrExit                
00001b3d  mechrev_setup                                  
00001ba7  PORT5_IRQHandler                               
00001ba7  PORT5_IRQHandler                               
00001c0b  main                                           
00001ee1  SystemCoreClockUpdate                          
00002159  SystemInit                                     
00002485  SysCtl_getTLVInfo                              
000024fb  SysCtl_getSRAMSize                             
00002501  SysCtl_getFlashSize                            
00002507  SysCtl_disableNMISource                        
0000251b  SysCtl_enableNMISource                         
0000252f  SysCtl_getNMISourceStatus                      
00002535  SysCtl_enableSRAMBank                          
00002551  SysCtl_disableSRAMBank                         
000025b9  SysCtl_enableSRAMBankRetention                 
000025d5  SysCtl_disableSRAMBankRetention                
000025f1  SysCtl_rebootDevice                            
000025fb  SysCtl_enablePeripheralAtCPUHalt               
0000260f  SysCtl_disablePeripheralAtCPUHalt              
00002623  SysCtl_setWDTTimeoutResetType                  
00002647  SysCtl_setWDTPasswordViolationResetType        
0000266b  SysCtl_enableGlitchFilter                      
00002677  SysCtl_disableGlitchFilter                     
00002683  SysCtl_getTempCalibrationConstant              
00002899  __aeabi_dsub                                   
000028a3  __aeabi_dadd                                   
00002a4f  __aeabi_idiv0                                  
00002a4f  __aeabi_ldiv0                                  
00002b8d  __aeabi_ddiv                                   
00002de9  fputs                                          
00002efd  ldexp                                          
00002efd  ldexpl                                         
00002efd  scalbn                                         
00002efd  scalbnl                                        
0000300d  aligned_alloc                                  
0000300d  memalign                                       
0000310d  __aeabi_dmul                                   
00003209  free                                           
000032ed  setvbuf                                        
000033c9  WDT_A_holdTimer                                
000033e9  WDT_A_startTimer                               
00003409  WDT_A_clearTimer                               
00003429  WDT_A_initWatchdogTimer                        
00003445  WDT_A_initIntervalTimer                        
00003461  WDT_A_setPasswordViolationReset                
0000346d  WDT_A_setTimeoutReset                          
00003479  WDT_A_registerInterrupt                        
0000348d  WDT_A_unregisterInterrupt                      
00003553  __aeabi_memcpy                                 
00003553  __aeabi_memcpy4                                
00003553  __aeabi_memcpy8                                
00003553  memcpy                                         
000035ef  __aeabi_uldivmod                               
00003685  fputc                                          
00003685  putc                                           
00003711  __aeabi_cdcmpeq                                
00003711  __aeabi_cdcmple                                
00003797  __aeabi_cdrcmple                               
0000381d  __aeabi_memclr                                 
0000381d  __aeabi_memclr4                                
0000381d  __aeabi_memclr8                                
0000381f  __aeabi_memset                                 
0000381f  __aeabi_memset4                                
0000381f  __aeabi_memset8                                
00003825  memset                                         
00003899  __TI_closefile                                 
000039ed  HOSTrename                                     
00003a59  HOSTlseek                                      
00003ac1  __TI_decompress_lzss                           
00003b29  printf                                         
00003b91  frexp                                          
00003b91  frexpl                                         
00003bf5  fseek                                          
00003c59  __TI_wrt_ok                                    
00003cbd  HOSTopen                                       
00003d1d  close                                          
00003d79  HOSTread                                       
00003dd1  HOSTwrite                                      
00003e7f  __TI_ltoa                                      
00003f25  __TI_doflush                                   
00003f71  atoi                                           
00003fbd  exit                                           
00004005  __aeabi_d2iz                                   
0000404d  HOSTclose                                      
00004091  HOSTunlink                                     
000040d5  __TI_auto_init_nobinit_nopinit                 
00004119  getdevice                                      
0000419b  CPU_cpsid                                      
000041a7  CPU_primask                                    
000041b1  CPU_cpsie                                      
000041bd  CPU_wfi                                        
000041c1  CPU_basepriSet                                 
000041cf  CPU_basepriGet                                 
000041d9  __TI_writemsg                                  
00004207  C$$IO$$                                        
00004211  strncpy                                        
00004249  __TI_cleanup                                   
0000427d  __TI_readmsg                                   
000042b1  _c_int00_noargs                                
000042e5  finddevice                                     
00004315  __aeabi_i2d                                    
00004345  remove                                         
00004345  unlink                                         
00004399  lseek                                          
000043c1  write                                          
000043e9  memchr                                         
00004409  __TI_zero_init_nomemset                        
00004441  memccpy                                        
0000445d  copysign                                       
0000445d  copysignl                                      
00004477  strcmp                                         
0000448f  strchr                                         
000044a5  strcpy                                         
000044b9  strlen                                         
000044cd  wcslen                                         
000044df  __TI_decompress_none                           
000044ed  Reset_Handler                                  
000044f9  ADC14_IRQHandler                               
000044f9  AES256_IRQHandler                              
000044f9  BusFault_Handler                               
000044f9  COMP_E0_IRQHandler                             
000044f9  COMP_E1_IRQHandler                             
000044f9  CS_IRQHandler                                  
000044f9  DMA_ERR_IRQHandler                             
000044f9  DMA_INT0_IRQHandler                            
000044f9  DMA_INT1_IRQHandler                            
000044f9  DMA_INT2_IRQHandler                            
000044f9  DMA_INT3_IRQHandler                            
000044f9  DebugMon_Handler                               
000044f9  Default_Handler                                
000044f9  EUSCIA0_IRQHandler                             
000044f9  EUSCIA1_IRQHandler                             
000044f9  EUSCIA2_IRQHandler                             
000044f9  EUSCIA3_IRQHandler                             
000044f9  EUSCIB0_IRQHandler                             
000044f9  EUSCIB1_IRQHandler                             
000044f9  EUSCIB2_IRQHandler                             
000044f9  EUSCIB3_IRQHandler                             
000044f9  FLCTL_IRQHandler                               
000044f9  FPU_IRQHandler                                 
000044f9  HardFault_Handler                              
000044f9  MemManage_Handler                              
000044f9  NMI_Handler                                    
000044f9  PCM_IRQHandler                                 
000044f9  PORT1_IRQHandler                               
000044f9  PORT2_IRQHandler                               
000044f9  PORT3_IRQHandler                               
000044f9  PORT4_IRQHandler                               
000044f9  PORT6_IRQHandler                               
000044f9  PSS_IRQHandler                                 
000044f9  PendSV_Handler                                 
000044f9  RTC_C_IRQHandler                               
000044f9  SVC_Handler                                    
000044f9  SysTick_Handler                                
000044f9  T32_INT1_IRQHandler                            
000044f9  T32_INT2_IRQHandler                            
000044f9  T32_INTC_IRQHandler                            
000044f9  TA0_0_IRQHandler                               
000044f9  TA0_N_IRQHandler                               
000044f9  TA1_0_IRQHandler                               
000044f9  TA1_N_IRQHandler                               
000044f9  TA2_0_IRQHandler                               
000044f9  TA2_N_IRQHandler                               
000044f9  TA3_0_IRQHandler                               
000044f9  TA3_N_IRQHandler                               
000044f9  UsageFault_Handler                             
000044f9  WDT_A_IRQHandler                               
000044fd  __aeabi_errno_addr                             
00004505  malloc                                         
00004515  _system_pre_init                               
00004519  C$$EXIT                                        
00004519  abort                                          
0000451c  _ctypes_                                       
00004780  __TI_Handler_Table_Base                        
0000478c  __TI_Handler_Table_Limit                       
000047a0  __TI_CINIT_Base                                
000047b8  __TI_CINIT_Limit                               
20000000  __start___llvm_prf_cnts                        
20000000  __stop___llvm_prf_cnts                         
20000000  g_pfnRAMVectors                                
200000e8  _sys_memory                                    
200004e8  _ftable                                        
200005d8  _device                                        
20000650  _stream                                        
200006d0  pwmConfigTA01                                  
200006e8  pwmConfigTA02                                  
20000700  pwmConfigTA03                                  
20000718  pwmConfigTA04                                  
20000730  __TI_ft_end                                    
20000734  __aeabi_stdin                                  
20000738  __aeabi_stdout                                 
2000073c  __aeabi_stderr                                 
20000740  __TI_cleanup_ptr                               
20000744  __TI_dtors_ptr                                 
20000748  __TI_enable_exit_profile_output                
2000074c  encA_cnt                                       
20000750  encB_cnt                                       
20000754  encA_dir                                       
20000755  encB_dir                                       
20000758  _lock                                          
2000075c  _unlock                                        
20000768  errno                                          
2000076c  SystemCoreClock                                
20000770  __CIOBUF_                                      
20000890  __TI_tmpnams                                   
20000930  parmbuf                                        
2000fe00  __stack                                        
20010000  __STACK_END                                    
4000480c  WDTCTL_SYM                                     
ffffffff  __TI_pprof_out_hndl                            
ffffffff  __TI_prof_data_size                            
ffffffff  __TI_prof_data_start                           
ffffffff  __binit__                                      
ffffffff  __c_args__                                     
ffffffff  binit                                          
UNDEFED   __mpu_init                                     
UNDEFED   _system_post_cinit                             

[289 symbols]
