******************************************************************************
                  TI ARM Linker Unix v20.2.6                   
******************************************************************************
>> Linked Sat Mar 19 16:49:06 2022

OUTPUT FILE NAME:   <Lab 5.out>
ENTRY POINT SYMBOL: "_c_int00_noargs"  address: 00006939


MEMORY CONFIGURATION

         name            origin    length      used     unused   attr    fill
----------------------  --------  ---------  --------  --------  ----  --------
  MAIN                  00000000   00040000  00006f4c  000390b4  R  X
  INFO                  00200000   00004000  00000000  00004000  R  X
  SRAM_CODE             01000000   00010000  00000ae0  0000f520  RW X
  SRAM_DATA             20000000   00010000  00000ae0  0000f520  RW  


SEGMENT ALLOCATION MAP

run origin  load origin   length   init length attrs members
----------  ----------- ---------- ----------- ----- -------
00000000    00000000    00006f50   00006f50    r-x
  00000000    00000000    000000e4   000000e4    r-- .intvecs
  000000e4    000000e4    00006b00   00006b00    r-x .text
  00006be8    00006be8    000002a0   000002a0    r-- .const
  00006e88    00006e88    000000c8   000000c8    r-- .cinit
20000000    20000000    000008e4   00000000    rw-
  20000000    20000000    000000e4   00000000    rw- .vtable
  200000e8    200000e8    00000400   00000000    rw- .sysmem
  200004e8    200004e8    00000228   00000000    rw- .data
  20000710    20000710    000001d4   00000000    rw- .bss
2000fe00    2000fe00    00000200   00000000    rw-
  2000fe00    2000fe00    00000200   00000000    rw- .stack


SECTION ALLOCATION MAP

 output                                  attributes/
section   page    origin      length       input sections
--------  ----  ----------  ----------   ----------------
.intvecs   0    00000000    000000e4     
                  00000000    000000e4     startup_msp432p401r_ccs.obj (.intvecs:retain)

.text      0    000000e4    00006b00     
                  000000e4    00000d80     cs.obj (.text)
                  00000e64    00000a4e     rtsv7M4_T_le_v4SPD16_eabi.lib : _printfi.c.obj (.text:__TI_printfi)
                  000018b2    00000002                                   : _lock.c.obj (.text:_nop)
                  000018b4    000009d0                                   : e_pow.c.obj (.text:pow)
                  00002284    000008d4     adc14.obj (.text)
                  00002b58    00000798     timer_a.obj (.text)
                  000032f0    00000480     gpio.obj (.text)
                  00003770    0000041c     uart.obj (.text)
                  00003b8c    000003f0     interrupt.obj (.text)
                  00003f7c    000003b0     main.obj (.text)
                  0000432c    00000334     system_msp432p401r.obj (.text)
                  00004660    00000270     rtsv7M4_T_le_v4SPD16_eabi.lib : _printfi.c.obj (.text:_pconv_a)
                  000048d0    00000244     sysctl.obj (.text)
                  00004b14    000001d0     rtsv7M4_T_le_v4SPD16_eabi.lib : _printfi.c.obj (.text:_pconv_g)
                  00004ce4    000001b6                                   : fd_add_t2.asm.obj (.text)
                  00004e9a    00000002                                   : div0.asm.obj (.text)
                  00004e9c    00000158                                   : e_sqrt.c.obj (.text:sqrt)
                  00004ff4    0000013c                                   : _printfi.c.obj (.text:_pconv_e)
                  00005130    00000136                                   : fd_div_t2.asm.obj (.text)
                  00005266    00000002     --HOLE-- [fill = 0]
                  00005268    00000124                                   : _printfi.c.obj (.text:fcvt)
                  0000538c    00000114                                   : fputs.c.obj (.text:fputs)
                  000054a0    00000110                                   : s_scalbn.c.obj (.text:scalbn)
                  000055b0    00000100                                   : memory.c.obj (.text:aligned_alloc)
                  000056b0    000000fc                                   : fd_mul_t2.asm.obj (.text)
                  000057ac    000000e4                                   : memory.c.obj (.text:free)
                  00005890    000000dc                                   : setvbuf.c.obj (.text:setvbuf)
                  0000596c    000000d8     wdt_a.obj (.text)
                  00005a44    000000b1     rtsv7M4_T_le_v4SPD16_eabi.lib : _printfi.c.obj (.text:_ltostr)
                  00005af5    00000001     --HOLE-- [fill = 0]
                  00005af6    0000009c                                   : memcpy_t2.asm.obj (.text)
                  00005b92    00000096                                   : ull_div_t2.asm.obj (.text)
                  00005c28    0000008c                                   : fputc.c.obj (.text:fputc)
                  00005cb4    00000086                                   : fd_cmp_t2.asm.obj (.text:__aeabi_cdcmple)
                  00005d3a    00000086                                   : fd_cmp_t2.asm.obj (.text:__aeabi_cdrcmple)
                  00005dc0    0000007a                                   : memset_t2.asm.obj (.text)
                  00005e3a    00000002     --HOLE-- [fill = 0]
                  00005e3c    00000074                                   : fclose.c.obj (.text:__TI_closefile)
                  00005eb0    00000070                                   : memory.c.obj (.text:split)
                  00005f20    0000006e                                   : _printfi.c.obj (.text:_mcpy)
                  00005f8e    0000006e                                   : fd_tos_t2.asm.obj (.text)
                  00005ffc    0000006c                                   : hostrename.c.obj (.text:HOSTrename)
                  00006068    00000068                                   : hostlseek.c.obj (.text:HOSTlseek)
                  000060d0    00000068                                   : copy_decompress_lzss.c.obj (.text:decompress:lzss:__TI_decompress_lzss)
                  00006138    00000068                                   : printf.c.obj (.text:printf)
                  000061a0    00000064                                   : s_frexp.c.obj (.text:frexp)
                  00006204    00000064                                   : fseek.c.obj (.text:fseek)
                  00006268    00000062                                   : _io_perm.c.obj (.text:__TI_wrt_ok)
                  000062ca    00000002     --HOLE-- [fill = 0]
                  000062cc    00000060                                   : hostopen.c.obj (.text:HOSTopen)
                  0000632c    0000005c                                   : close.c.obj (.text:close)
                  00006388    00000058                                   : hostread.c.obj (.text:HOSTread)
                  000063e0    00000058                                   : hostwrite.c.obj (.text:HOSTwrite)
                  00006438    00000056                                   : _printfi.c.obj (.text:_pconv_f)
                  0000648e    00000054                                   : _ltoa.c.obj (.text:__TI_ltoa)
                  000064e2    00000052                                   : _printfi.c.obj (.text:_ecpy)
                  00006534    0000004c                                   : fflush.c.obj (.text:__TI_doflush)
                  00006580    0000004c                                   : atoi.c.obj (.text:atoi)
                  000065cc    00000048                                   : exit.c.obj (.text:exit)
                  00006614    00000048                                   : fd_toi_t2.asm.obj (.text)
                  0000665c    00000044                                   : hostclose.c.obj (.text:HOSTclose)
                  000066a0    00000044                                   : hostunlink.c.obj (.text:HOSTunlink)
                  000066e4    00000044                                   : autoinit.c.obj (.text:__TI_auto_init_nobinit_nopinit:__TI_auto_init_nobinit_nopinit)
                  00006728    00000044                                   : getdevice.c.obj (.text:getdevice)
                  0000676c    00000040                                   : sprintf.c.obj (.text:sprintf)
                  000067ac    0000003e                                   : _printfi.c.obj (.text:_fcpy)
                  000067ea    0000003e     cpu.obj (.text)
                  00006828    00000038     rtsv7M4_T_le_v4SPD16_eabi.lib : trgmsg.c.obj (.text:__TI_writemsg)
                  00006860    00000038                                   : fs_tod_t2.asm.obj (.text)
                  00006898    00000036                                   : strncpy.c.obj (.text:strncpy)
                  000068ce    00000002     --HOLE-- [fill = 0]
                  000068d0    00000034                                   : fopen.c.obj (.text:__TI_cleanup)
                  00006904    00000034                                   : trgmsg.c.obj (.text:__TI_readmsg)
                  00006938    00000034                                   : boot_cortex_m.c.obj (.text:_c_int00_noargs:_c_int00_noargs)
                  0000696c    00000030                                   : getdevice.c.obj (.text:finddevice)
                  0000699c    0000002e                                   : i_tofd_t2.asm.obj (.text)
                  000069ca    00000002     --HOLE-- [fill = 0]
                  000069cc    0000002c                                   : unlink.c.obj (.text:unlink)
                  000069f8    00000028                                   : memory.c.obj (.text:free_list_insert)
                  00006a20    00000028                                   : lseek.c.obj (.text:lseek)
                  00006a48    00000028                                   : write.c.obj (.text:write)
                  00006a70    00000020                                   : memchr.c.obj (.text:memchr)
                  00006a90    00000020                                   : u_tofd_t2.asm.obj (.text)
                  00006ab0    0000001c                                   : copy_zero_init.c.obj (.text:decompress:ZI:__TI_zero_init_nomemset:__TI_zero_init_nomemset)
                  00006acc    0000001c                                   : memory.c.obj (.text:free_list_remove)
                  00006ae8    0000001c                                   : memccpy.c.obj (.text:memccpy)
                  00006b04    0000001a                                   : s_copysign.c.obj (.text:copysign)
                  00006b1e    00000018                                   : sprintf.c.obj (.text:_outs)
                  00006b36    00000018                                   : strcmp.c.obj (.text:strcmp)
                  00006b4e    00000016                                   : strchr.c.obj (.text:strchr)
                  00006b64    00000014                                   : strcpy.c.obj (.text:strcpy)
                  00006b78    00000014                                   : strlen.c.obj (.text:strlen)
                  00006b8c    00000012                                   : wcslen.c.obj (.text:wcslen)
                  00006b9e    0000000e                                   : copy_decompress_none.c.obj (.text:decompress:none:__TI_decompress_none)
                  00006bac    0000000e     startup_msp432p401r_ccs.obj (.text)
                  00006bba    0000000a     rtsv7M4_T_le_v4SPD16_eabi.lib : sprintf.c.obj (.text:_outc)
                  00006bc4    00000008                                   : errno.c.obj (.text:__aeabi_errno_addr)
                  00006bcc    00000008                                   : memory.c.obj (.text:malloc)
                  00006bd4    00000004                                   : printf.c.obj (.text:_outc)
                  00006bd8    00000004                                   : printf.c.obj (.text:_outs)
                  00006bdc    00000004                                   : pre_init.c.obj (.text:_system_pre_init)
                  00006be0    00000004                                   : exit.c.obj (.text:abort:abort)

.const     0    00006be8    000002a0     
                  00006be8    00000101     rtsv7M4_T_le_v4SPD16_eabi.lib : ctype.c.obj (.const:.string:_ctypes_)
                  00006ce9    00000003     --HOLE-- [fill = 0]
                  00006cec    00000080     adc14.obj (.const:_ctlRegs)
                  00006d6c    00000050     interrupt.obj (.const:g_pulRegs)
                  00006dbc    00000004     --HOLE-- [fill = 0]
                  00006dc0    00000030     rtsv7M4_T_le_v4SPD16_eabi.lib : e_pow.c.obj (.const:$O1$$)
                  00006df0    00000024     main.obj (.const:UART_init)
                  00006e14    00000020     interrupt.obj (.const:g_pulPriority)
                  00006e34    0000001c     gpio.obj (.const:GPIO_PORT_TO_INT)
                  00006e50    00000018     main.obj (.const:upConfig_1)
                  00006e68    00000008     interrupt.obj (.const:g_pulDisRegs)
                  00006e70    00000008     interrupt.obj (.const:g_pulEnRegs)
                  00006e78    00000008     interrupt.obj (.const:g_pulPendRegs)
                  00006e80    00000008     interrupt.obj (.const:g_pulUnpendRegs)

.cinit     0    00006e88    000000c8     
                  00006e88    00000091     (.cinit..data.load) [load image, compression = lzss]
                  00006f19    00000003     --HOLE-- [fill = 0]
                  00006f1c    0000000c     (__TI_handler_table)
                  00006f28    00000008     (.cinit..bss.load) [load image, compression = zero_init]
                  00006f30    00000008     (.cinit..vtable.load) [load image, compression = zero_init]
                  00006f38    00000018     (__TI_cinit_table)

.init_array 
*          0    00000000    00000000     UNINITIALIZED

.binit     0    00000000    00000000     

.vtable    0    20000000    000000e4     UNINITIALIZED
                  20000000    000000e4     interrupt.obj (.vtable)

.sysmem    0    200000e8    00000400     UNINITIALIZED
                  200000e8    00000010     rtsv7M4_T_le_v4SPD16_eabi.lib : memory.c.obj (.sysmem)
                  200000f8    000003f0     --HOLE--

.data      0    200004e8    00000228     UNINITIALIZED
                  200004e8    000000f0     rtsv7M4_T_le_v4SPD16_eabi.lib : defs.c.obj (.data:_ftable)
                  200005d8    00000078                                   : host_device.c.obj (.data:_device)
                  20000650    00000050                                   : host_device.c.obj (.data:_stream)
                  200006a0    00000030     gpio.obj (.data:GPIO_PORT_TO_BASE)
                  200006d0    00000010     rtsv7M4_T_le_v4SPD16_eabi.lib : defs.c.obj (.data)
                  200006e0    0000000c                                   : exit.c.obj (.data:$O1$$)
                  200006ec    0000000a     main.obj (.data)
                  200006f6    00000002     --HOLE--
                  200006f8    00000008     rtsv7M4_T_le_v4SPD16_eabi.lib : _lock.c.obj (.data:$O1$$)
                  20000700    00000008                                   : memory.c.obj (.data:$O1$$)
                  20000708    00000004                                   : errno.c.obj (.data)
                  2000070c    00000004     system_msp432p401r.obj (.data)

.bss       0    20000710    000001d4     UNINITIALIZED
                  20000710    00000120     rtsv7M4_T_le_v4SPD16_eabi.lib : trgmsg.c.obj (.bss:_CIOBUF_)
                  20000830    000000a0     (.common:__TI_tmpnams)
                  200008d0    00000008     cs.obj (.bss)
                  200008d8    00000008     (.common:parmbuf)
                  200008e0    00000004     (.common:distance_var)

.stack     0    2000fe00    00000200     UNINITIALIZED
                  2000fe00    00000004     rtsv7M4_T_le_v4SPD16_eabi.lib : boot_cortex_m.c.obj (.stack)
                  2000fe04    000001fc     --HOLE--

__llvm_prf_cnts 
*          0    20000000    00000000     UNINITIALIZED

MODULE SUMMARY

       Module                        code    ro data   rw data
       ------                        ----    -------   -------
    ./
       main.obj                      944     60        28     
       system_msp432p401r.obj        820     0         8      
       startup_msp432p401r_ccs.obj   14      228       0      
    +--+-----------------------------+-------+---------+---------+
       Total:                        1778    288       36     
                                                              
    ./driverlib/MSP432P4xx/
       cs.obj                        3456    0         16     
       adc14.obj                     2260    128       0      
       timer_a.obj                   1944    0         0      
       interrupt.obj                 1008    144       456    
       gpio.obj                      1152    28        96     
       uart.obj                      1052    0         0      
       sysctl.obj                    580     0         0      
       wdt_a.obj                     216     0         0      
       cpu.obj                       62      0         0      
    +--+-----------------------------+-------+---------+---------+
       Total:                        11730   300       568    
                                                              
    /Applications/ti/ccs1110/ccs/tools/compiler/ti-cgt-arm_20.2.6.LTS/lib/rtsv7M4_T_le_v4SPD16_eabi.lib
       _printfi.c.obj                4851    0         0      
       e_pow.c.obj                   2512    48        0      
       defs.c.obj                    0       0         832    
       memory.c.obj                  672     0         16     
       trgmsg.c.obj                  108     0         576    
       fd_add_t2.asm.obj             438     0         0      
       host_device.c.obj             0       0         400    
       e_sqrt.c.obj                  344     0         0      
       fd_div_t2.asm.obj             310     0         0      
       fputs.c.obj                   276     0         0      
       s_scalbn.c.obj                272     0         0      
       fd_cmp_t2.asm.obj             268     0         0      
       ctype.c.obj                   0       257       0      
       fd_mul_t2.asm.obj             252     0         0      
       setvbuf.c.obj                 220     0         0      
       memcpy_t2.asm.obj             156     0         0      
       ull_div_t2.asm.obj            150     0         0      
       fputc.c.obj                   140     0         0      
       memset_t2.asm.obj             122     0         0      
       fclose.c.obj                  116     0         0      
       getdevice.c.obj               116     0         0      
       hostopen.c.obj                96      0         16     
       printf.c.obj                  112     0         0      
       fd_tos_t2.asm.obj             110     0         0      
       hostrename.c.obj              108     0         0      
       copy_decompress_lzss.c.obj    104     0         0      
       hostlseek.c.obj               104     0         0      
       exit.c.obj                    76      0         24     
       fseek.c.obj                   100     0         0      
       s_frexp.c.obj                 100     0         0      
       _io_perm.c.obj                98      0         0      
       sprintf.c.obj                 98      0         0      
       close.c.obj                   92      0         0      
       hostread.c.obj                88      0         0      
       hostwrite.c.obj               88      0         0      
       _ltoa.c.obj                   84      0         0      
       atoi.c.obj                    76      0         0      
       fflush.c.obj                  76      0         0      
       fd_toi_t2.asm.obj             72      0         0      
       autoinit.c.obj                68      0         0      
       hostclose.c.obj               68      0         0      
       hostunlink.c.obj              68      0         0      
       fs_tod_t2.asm.obj             56      0         0      
       strncpy.c.obj                 54      0         0      
       boot_cortex_m.c.obj           52      0         0      
       fopen.c.obj                   52      0         0      
       i_tofd_t2.asm.obj             46      0         0      
       unlink.c.obj                  44      0         0      
       lseek.c.obj                   40      0         0      
       write.c.obj                   40      0         0      
       memchr.c.obj                  32      0         0      
       u_tofd_t2.asm.obj             32      0         0      
       copy_zero_init.c.obj          28      0         0      
       memccpy.c.obj                 28      0         0      
       s_copysign.c.obj              26      0         0      
       strcmp.c.obj                  24      0         0      
       strchr.c.obj                  22      0         0      
       strcpy.c.obj                  20      0         0      
       strlen.c.obj                  20      0         0      
       _lock.c.obj                   2       0         16     
       wcslen.c.obj                  18      0         0      
       errno.c.obj                   8       0         8      
       copy_decompress_none.c.obj    14      0         0      
       pre_init.c.obj                4       0         0      
       div0.asm.obj                  2       0         0      
    +--+-----------------------------+-------+---------+---------+
       Total:                        13873   305       1888   
                                                              
       Heap:                         0       0         2048   
       Stack:                        0       0         1024   
       Linker Generated:             0       197       0      
    +--+-----------------------------+-------+---------+---------+
       Grand Total:                  27381   1090      5564   


LINKER GENERATED COPY TABLES

__TI_cinit_table @ 00006f38 records: 3, size/record: 8, table size: 24
	.data: load addr=00006e88, load size=00000091 bytes, run addr=200004e8, run size=00000228 bytes, compression=lzss
	.bss: load addr=00006f28, load size=00000008 bytes, run addr=20000710, run size=000001d4 bytes, compression=zero_init
	.vtable: load addr=00006f30, load size=00000008 bytes, run addr=20000000, run size=000000e4 bytes, compression=zero_init


LINKER GENERATED HANDLER TABLE

__TI_handler_table @ 00006f1c records: 3, size/record: 4, table size: 12
	index: 0, handler: __TI_zero_init
	index: 1, handler: __TI_decompress_lzss
	index: 2, handler: __TI_decompress_none


GLOBAL SYMBOLS: SORTED ALPHABETICALLY BY Name 

address   name                                           
-------   ----                                           
00006bb9  ADC14_IRQHandler                               
00002ad1  ADC14_clearInterruptFlag                       
00002679  ADC14_configureConversionMemory                
00002521  ADC14_configureMultiSequenceMode               
000025b7  ADC14_configureSingleSampleMode                
000027b1  ADC14_disableComparatorWindow                  
0000264f  ADC14_disableConversion                        
00002a4f  ADC14_disableInterrupt                         
000023f5  ADC14_disableModule                            
000029cf  ADC14_disableReferenceBurst                    
00002435  ADC14_disableSampleTimer                       
00002721  ADC14_enableComparatorWindow                   
0000260d  ADC14_enableConversion                         
00002a27  ADC14_enableInterrupt                          
000023ed  ADC14_enableModule                             
000029b9  ADC14_enableReferenceBurst                     
0000240b  ADC14_enableSampleTimer                        
00002a9b  ADC14_getEnabledInterruptStatus                
00002a77  ADC14_getInterruptStatus                       
000028d9  ADC14_getMultiSequenceResult                   
000024ab  ADC14_getResolution                            
000028bf  ADC14_getResult                                
00002945  ADC14_getResultArray                           
0000244b  ADC14_initModule                               
0000265b  ADC14_isBusy                                   
00002afd  ADC14_registerInterrupt                        
0000280f  ADC14_setComparatorWindowValue                 
000029e5  ADC14_setPowerMode                             
00002491  ADC14_setResolution                            
00002895  ADC14_setResultFormat                          
000024f7  ADC14_setSampleHoldTime                        
000024b5  ADC14_setSampleHoldTrigger                     
0000262d  ADC14_toggleConversionTrigger                  
00002b11  ADC14_unregisterInterrupt                      
00006bb9  AES256_IRQHandler                              
00006bb9  BusFault_Handler                               
00006be1  C$$EXIT                                        
00006857  C$$IO$$                                        
00006bb9  COMP_E0_IRQHandler                             
00006bb9  COMP_E1_IRQHandler                             
0000681f  CPU_basepriGet                                 
00006811  CPU_basepriSet                                 
000067eb  CPU_cpsid                                      
00006801  CPU_cpsie                                      
000067f7  CPU_primask                                    
0000680d  CPU_wfi                                        
00006bb9  CS_IRQHandler                                  
00000de9  CS_clearInterruptFlag                          
0000068d  CS_disableClockRequest                         
00000773  CS_disableDCOExternalResistor                  
00000cbd  CS_disableFaultCounter                         
00000da7  CS_disableInterrupt                            
00000665  CS_enableClockRequest                          
000006d5  CS_enableDCOExternalResistor                   
00000c91  CS_enableFaultCounter                          
00000d85  CS_enableInterrupt                             
00000c29  CS_getACLK                                     
00000be9  CS_getBCLK                                     
0000086d  CS_getDCOFrequency                             
00000dcf  CS_getEnabledInterruptStatus                   
00000c05  CS_getHSMCLK                                   
00000dc9  CS_getInterruptStatus                          
00000c6f  CS_getMCLK                                     
00000c4d  CS_getSMCLK                                    
00000385  CS_initClockSignal                             
00000e0b  CS_registerInterrupt                           
00000ce9  CS_resetFaultCounter                           
00000791  CS_setDCOCenteredFrequency                     
000006fd  CS_setDCOExternalResistorCalibration           
00000a11  CS_setDCOFrequency                             
00000349  CS_setExternalClockSourceFrequency             
000006af  CS_setReferenceOscillatorFrequency             
00000d35  CS_startFaultCounter                           
00000489  CS_startHFXT                                   
000004ad  CS_startHFXTWithTimeout                        
00000571  CS_startLFXT                                   
00000595  CS_startLFXTWithTimeout                        
000007c9  CS_tuneDCOFrequency                            
00000e1f  CS_unregisterInterrupt                         
00006bb9  DMA_ERR_IRQHandler                             
00006bb9  DMA_INT0_IRQHandler                            
00006bb9  DMA_INT1_IRQHandler                            
00006bb9  DMA_INT2_IRQHandler                            
00006bb9  DMA_INT3_IRQHandler                            
00006bb9  DebugMon_Handler                               
00006bb9  Default_Handler                                
000041a3  EUSCIA0_IRQHandler                             
000041a3  EUSCIA0_IRQHandler                             
00006bb9  EUSCIA1_IRQHandler                             
00006bb9  EUSCIA2_IRQHandler                             
00006bb9  EUSCIA3_IRQHandler                             
00006bb9  EUSCIB0_IRQHandler                             
00006bb9  EUSCIB1_IRQHandler                             
00006bb9  EUSCIB2_IRQHandler                             
00006bb9  EUSCIB3_IRQHandler                             
00006bb9  FLCTL_IRQHandler                               
00006bb9  FPU_IRQHandler                                 
00003613  GPIO_clearInterruptFlag                        
000035d3  GPIO_disableInterrupt                          
000035b1  GPIO_enableInterrupt                           
0000366b  GPIO_getEnabledInterruptStatus                 
00003583  GPIO_getInputPinValue                          
000035f5  GPIO_getInterruptStatus                        
00003635  GPIO_interruptEdgeSelect                       
0000372b  GPIO_registerInterrupt                         
0000332b  GPIO_setAsInputPin                             
000034df  GPIO_setAsInputPinWithPullDownResistor         
00003531  GPIO_setAsInputPinWithPullUpResistor           
000032f1  GPIO_setAsOutputPin                            
000033f5  GPIO_setAsPeripheralModuleFunctionInputPin     
00003371  GPIO_setAsPeripheralModuleFunctionOutputPin    
000036e7  GPIO_setDriveStrengthHigh                      
00003709  GPIO_setDriveStrengthLow                       
00003479  GPIO_setOutputHighOnPin                        
0000349b  GPIO_setOutputLowOnPin                         
000034bd  GPIO_toggleOutputOnPin                         
0000374b  GPIO_unregisterInterrupt                       
0000665d  HOSTclose                                      
00006069  HOSTlseek                                      
000062cd  HOSTopen                                       
00006389  HOSTread                                       
00005ffd  HOSTrename                                     
000066a1  HOSTunlink                                     
000063e1  HOSTwrite                                      
00006bb9  HardFault_Handler                              
00003d4f  Interrupt_disableInterrupt                     
00003b9f  Interrupt_disableMaster                        
00003f4d  Interrupt_disableSleepOnIsrExit                
00003cdd  Interrupt_enableInterrupt                      
00003b8f  Interrupt_enableMaster                         
00003f3b  Interrupt_enableSleepOnIsrExit                 
00003cb7  Interrupt_getPriority                          
00003c2f  Interrupt_getPriorityGrouping                  
00003f1b  Interrupt_getPriorityMask                      
00003f35  Interrupt_getVectorTableAddress                
00003dc1  Interrupt_isEnabled                            
00003e4d  Interrupt_pendInterrupt                        
00003baf  Interrupt_registerInterrupt                    
00003c67  Interrupt_setPriority                          
00003c15  Interrupt_setPriorityGrouping                  
00003f0b  Interrupt_setPriorityMask                      
00003f25  Interrupt_setVectorTableAddress                
00003ebd  Interrupt_unpendInterrupt                      
00003c01  Interrupt_unregisterInterrupt                  
00006bb9  MemManage_Handler                              
00006bb9  NMI_Handler                                    
00006bb9  PCM_IRQHandler                                 
00006bb9  PORT1_IRQHandler                               
00006bb9  PORT2_IRQHandler                               
00006bb9  PORT3_IRQHandler                               
00006bb9  PORT4_IRQHandler                               
00003fe7  PORT5_IRQHandler                               
00003fe7  PORT5_IRQHandler                               
00006bb9  PORT6_IRQHandler                               
00006bb9  PSS_IRQHandler                                 
00006bb9  PendSV_Handler                                 
00006bb9  RTC_C_IRQHandler                               
00006bad  Reset_Handler                                  
00006bb9  SVC_Handler                                    
00004ac3  SysCtl_disableGlitchFilter                     
00004953  SysCtl_disableNMISource                        
00004a5b  SysCtl_disablePeripheralAtCPUHalt              
0000499d  SysCtl_disableSRAMBank                         
00004a21  SysCtl_disableSRAMBankRetention                
00004ab7  SysCtl_enableGlitchFilter                      
00004967  SysCtl_enableNMISource                         
00004a47  SysCtl_enablePeripheralAtCPUHalt               
00004981  SysCtl_enableSRAMBank                          
00004a05  SysCtl_enableSRAMBankRetention                 
0000494d  SysCtl_getFlashSize                            
0000497b  SysCtl_getNMISourceStatus                      
00004947  SysCtl_getSRAMSize                             
000048d1  SysCtl_getTLVInfo                              
00004acf  SysCtl_getTempCalibrationConstant              
00004a3d  SysCtl_rebootDevice                            
00004a93  SysCtl_setWDTPasswordViolationResetType        
00004a6f  SysCtl_setWDTTimeoutResetType                  
00006bb9  SysTick_Handler                                
2000070c  SystemCoreClock                                
0000432d  SystemCoreClockUpdate                          
000045a5  SystemInit                                     
00006bb9  T32_INT1_IRQHandler                            
00006bb9  T32_INT2_IRQHandler                            
00006bb9  T32_INTC_IRQHandler                            
00006bb9  TA0_0_IRQHandler                               
00006bb9  TA0_N_IRQHandler                               
00004113  TA1_0_IRQHandler                               
00004113  TA1_0_IRQHandler                               
00006bb9  TA1_N_IRQHandler                               
00006bb9  TA2_0_IRQHandler                               
00006bb9  TA2_N_IRQHandler                               
00006bb9  TA3_0_IRQHandler                               
00006bb9  TA3_N_IRQHandler                               
00003023  Timer_A_clearCaptureCompareInterrupt           
0000300d  Timer_A_clearInterruptFlag                     
00002e8b  Timer_A_clearTimer                             
00002cb3  Timer_A_configureContinuousMode                
00002d41  Timer_A_configureUpDownMode                    
00002ce3  Timer_A_configureUpMode                        
000030b1  Timer_A_disableCaptureCompareInterrupt         
0000305f  Timer_A_disableInterrupt                       
00003085  Timer_A_enableCaptureCompareInterrupt          
0000304b  Timer_A_enableInterrupt                        
00002f57  Timer_A_generatePWM                            
00002efd  Timer_A_getCaptureCompareCount                 
00003119  Timer_A_getCaptureCompareEnabledInterruptStatus
000030d9  Timer_A_getCaptureCompareInterruptStatus       
00002e3f  Timer_A_getCounterValue                        
00003101  Timer_A_getEnabledInterruptStatus              
00003073  Timer_A_getInterruptStatus                     
00002ecf  Timer_A_getOutputForOutputModeOutBitValue      
00002e9f  Timer_A_getSynchronizedCaptureCompareInput     
00002d9f  Timer_A_initCapture                            
00002df1  Timer_A_initCompare                            
00003155  Timer_A_registerInterrupt                      
00002fe1  Timer_A_setCompareValue                        
00002f1f  Timer_A_setOutputForOutputModeOutBitValue      
00002c9d  Timer_A_startCounter                           
00002fcd  Timer_A_stopTimer                              
00003227  Timer_A_unregisterInterrupt                    
00003a85  UART_clearInterruptFlag                        
000039dd  UART_disableInterrupt                          
000038bf  UART_disableModule                             
000039ad  UART_enableInterrupt                           
000038a9  UART_enableModule                              
00003a29  UART_getEnabledInterruptStatus                 
00003a0d  UART_getInterruptStatus                        
00003975  UART_getReceiveBufferAddressForDMA             
00003983  UART_getTransmitBufferAddressForDMA            
00006df0  UART_init                                      
00003771  UART_initModule                                
000038d5  UART_queryStatusFlags                          
00003883  UART_receiveData                               
00003aa5  UART_registerInterrupt                         
000038fd  UART_resetDormant                              
00003991  UART_selectDeglitchTime                        
000038e9  UART_setDormant                                
00003911  UART_transmitAddress                           
0000392f  UART_transmitBreak                             
00003859  UART_transmitData                              
00003b21  UART_unregisterInterrupt                       
00006bb9  UsageFault_Handler                             
4000480c  WDTCTL_SYM                                     
00006bb9  WDT_A_IRQHandler                               
000059ad  WDT_A_clearTimer                               
0000596d  WDT_A_holdTimer                                
000059e9  WDT_A_initIntervalTimer                        
000059cd  WDT_A_initWatchdogTimer                        
00005a1d  WDT_A_registerInterrupt                        
00005a05  WDT_A_setPasswordViolationReset                
00005a11  WDT_A_setTimeoutReset                          
0000598d  WDT_A_startTimer                               
00005a31  WDT_A_unregisterInterrupt                      
20000710  __CIOBUF_                                      
20010000  __STACK_END                                    
00000200  __STACK_SIZE                                   
00000400  __SYSMEM_SIZE                                  
00006f38  __TI_CINIT_Base                                
00006f50  __TI_CINIT_Limit                               
00006f1c  __TI_Handler_Table_Base                        
00006f28  __TI_Handler_Table_Limit                       
000066e5  __TI_auto_init_nobinit_nopinit                 
000068d1  __TI_cleanup                                   
200006e0  __TI_cleanup_ptr                               
00005e3d  __TI_closefile                                 
000060d1  __TI_decompress_lzss                           
00006b9f  __TI_decompress_none                           
00006535  __TI_doflush                                   
200006e4  __TI_dtors_ptr                                 
200006e8  __TI_enable_exit_profile_output                
200006d0  __TI_ft_end                                    
0000648f  __TI_ltoa                                      
ffffffff  __TI_pprof_out_hndl                            
00000e65  __TI_printfi                                   
ffffffff  __TI_prof_data_size                            
ffffffff  __TI_prof_data_start                           
00006905  __TI_readmsg                                   
00000000  __TI_static_base__                             
20000830  __TI_tmpnams                                   
00006829  __TI_writemsg                                  
00006269  __TI_wrt_ok                                    
00006ab1  __TI_zero_init_nomemset                        
00005cb5  __aeabi_cdcmpeq                                
00005cb5  __aeabi_cdcmple                                
00005d3b  __aeabi_cdrcmple                               
00005f8f  __aeabi_d2f                                    
00006615  __aeabi_d2iz                                   
00004cef  __aeabi_dadd                                   
00005131  __aeabi_ddiv                                   
000056b1  __aeabi_dmul                                   
00004ce5  __aeabi_dsub                                   
00006bc5  __aeabi_errno_addr                             
00006861  __aeabi_f2d                                    
0000699d  __aeabi_i2d                                    
00004e9b  __aeabi_idiv0                                  
00004e9b  __aeabi_ldiv0                                  
00005dc1  __aeabi_memclr                                 
00005dc1  __aeabi_memclr4                                
00005dc1  __aeabi_memclr8                                
00005af7  __aeabi_memcpy                                 
00005af7  __aeabi_memcpy4                                
00005af7  __aeabi_memcpy8                                
00005dc3  __aeabi_memset                                 
00005dc3  __aeabi_memset4                                
00005dc3  __aeabi_memset8                                
200006dc  __aeabi_stderr                                 
200006d4  __aeabi_stdin                                  
200006d8  __aeabi_stdout                                 
00006a91  __aeabi_ui2d                                   
00005b93  __aeabi_uldivmod                               
ffffffff  __binit__                                      
ffffffff  __c_args__                                     
UNDEFED   __mpu_init                                     
2000fe00  __stack                                        
20000000  __start___llvm_prf_cnts                        
20000000  __stop___llvm_prf_cnts                         
00006939  _c_int00_noargs                                
00006be8  _ctypes_                                       
200005d8  _device                                        
200004e8  _ftable                                        
200006f8  _lock                                          
000018b3  _nop                                           
20000650  _stream                                        
200000e8  _sys_memory                                    
UNDEFED   _system_post_cinit                             
00006bdd  _system_pre_init                               
200006fc  _unlock                                        
00006be1  abort                                          
000055b1  aligned_alloc                                  
00006581  atoi                                           
ffffffff  binit                                          
0000632d  close                                          
00006b05  copysign                                       
00006b05  copysignl                                      
200008e0  distance_var                                   
200006ec  encA_cnt                                       
200006f4  encA_dir                                       
200006f0  encB_cnt                                       
200006f5  encB_dir                                       
20000708  errno                                          
000065cd  exit                                           
0000696d  finddevice                                     
00005c29  fputc                                          
0000538d  fputs                                          
000057ad  free                                           
000061a1  frexp                                          
000061a1  frexpl                                         
00006205  fseek                                          
20000000  g_pfnRAMVectors                                
00006729  getdevice                                      
00000000  interruptVectors                               
000054a1  ldexp                                          
000054a1  ldexpl                                         
00006a21  lseek                                          
0000404b  main                                           
00006bcd  malloc                                         
00003f7d  mechrev_setup                                  
000055b1  memalign                                       
00006ae9  memccpy                                        
00006a71  memchr                                         
00005af7  memcpy                                         
00005dc9  memset                                         
200008d8  parmbuf                                        
000018b5  pow                                            
000018b5  powl                                           
00006139  printf                                         
00005c29  putc                                           
000069cd  remove                                         
000054a1  scalbn                                         
000054a1  scalbnl                                        
00005891  setvbuf                                        
0000676d  sprintf                                        
00004e9d  sqrt                                           
00004e9d  sqrtl                                          
00006b4f  strchr                                         
00006b37  strcmp                                         
00006b65  strcpy                                         
00006b79  strlen                                         
00006899  strncpy                                        
000069cd  unlink                                         
00006e50  upConfig_1                                     
00006b8d  wcslen                                         
00006a49  write                                          


GLOBAL SYMBOLS: SORTED BY Symbol Address 

address   name                                           
-------   ----                                           
00000000  __TI_static_base__                             
00000000  interruptVectors                               
00000200  __STACK_SIZE                                   
00000349  CS_setExternalClockSourceFrequency             
00000385  CS_initClockSignal                             
00000400  __SYSMEM_SIZE                                  
00000489  CS_startHFXT                                   
000004ad  CS_startHFXTWithTimeout                        
00000571  CS_startLFXT                                   
00000595  CS_startLFXTWithTimeout                        
00000665  CS_enableClockRequest                          
0000068d  CS_disableClockRequest                         
000006af  CS_setReferenceOscillatorFrequency             
000006d5  CS_enableDCOExternalResistor                   
000006fd  CS_setDCOExternalResistorCalibration           
00000773  CS_disableDCOExternalResistor                  
00000791  CS_setDCOCenteredFrequency                     
000007c9  CS_tuneDCOFrequency                            
0000086d  CS_getDCOFrequency                             
00000a11  CS_setDCOFrequency                             
00000be9  CS_getBCLK                                     
00000c05  CS_getHSMCLK                                   
00000c29  CS_getACLK                                     
00000c4d  CS_getSMCLK                                    
00000c6f  CS_getMCLK                                     
00000c91  CS_enableFaultCounter                          
00000cbd  CS_disableFaultCounter                         
00000ce9  CS_resetFaultCounter                           
00000d35  CS_startFaultCounter                           
00000d85  CS_enableInterrupt                             
00000da7  CS_disableInterrupt                            
00000dc9  CS_getInterruptStatus                          
00000dcf  CS_getEnabledInterruptStatus                   
00000de9  CS_clearInterruptFlag                          
00000e0b  CS_registerInterrupt                           
00000e1f  CS_unregisterInterrupt                         
00000e65  __TI_printfi                                   
000018b3  _nop                                           
000018b5  pow                                            
000018b5  powl                                           
000023ed  ADC14_enableModule                             
000023f5  ADC14_disableModule                            
0000240b  ADC14_enableSampleTimer                        
00002435  ADC14_disableSampleTimer                       
0000244b  ADC14_initModule                               
00002491  ADC14_setResolution                            
000024ab  ADC14_getResolution                            
000024b5  ADC14_setSampleHoldTrigger                     
000024f7  ADC14_setSampleHoldTime                        
00002521  ADC14_configureMultiSequenceMode               
000025b7  ADC14_configureSingleSampleMode                
0000260d  ADC14_enableConversion                         
0000262d  ADC14_toggleConversionTrigger                  
0000264f  ADC14_disableConversion                        
0000265b  ADC14_isBusy                                   
00002679  ADC14_configureConversionMemory                
00002721  ADC14_enableComparatorWindow                   
000027b1  ADC14_disableComparatorWindow                  
0000280f  ADC14_setComparatorWindowValue                 
00002895  ADC14_setResultFormat                          
000028bf  ADC14_getResult                                
000028d9  ADC14_getMultiSequenceResult                   
00002945  ADC14_getResultArray                           
000029b9  ADC14_enableReferenceBurst                     
000029cf  ADC14_disableReferenceBurst                    
000029e5  ADC14_setPowerMode                             
00002a27  ADC14_enableInterrupt                          
00002a4f  ADC14_disableInterrupt                         
00002a77  ADC14_getInterruptStatus                       
00002a9b  ADC14_getEnabledInterruptStatus                
00002ad1  ADC14_clearInterruptFlag                       
00002afd  ADC14_registerInterrupt                        
00002b11  ADC14_unregisterInterrupt                      
00002c9d  Timer_A_startCounter                           
00002cb3  Timer_A_configureContinuousMode                
00002ce3  Timer_A_configureUpMode                        
00002d41  Timer_A_configureUpDownMode                    
00002d9f  Timer_A_initCapture                            
00002df1  Timer_A_initCompare                            
00002e3f  Timer_A_getCounterValue                        
00002e8b  Timer_A_clearTimer                             
00002e9f  Timer_A_getSynchronizedCaptureCompareInput     
00002ecf  Timer_A_getOutputForOutputModeOutBitValue      
00002efd  Timer_A_getCaptureCompareCount                 
00002f1f  Timer_A_setOutputForOutputModeOutBitValue      
00002f57  Timer_A_generatePWM                            
00002fcd  Timer_A_stopTimer                              
00002fe1  Timer_A_setCompareValue                        
0000300d  Timer_A_clearInterruptFlag                     
00003023  Timer_A_clearCaptureCompareInterrupt           
0000304b  Timer_A_enableInterrupt                        
0000305f  Timer_A_disableInterrupt                       
00003073  Timer_A_getInterruptStatus                     
00003085  Timer_A_enableCaptureCompareInterrupt          
000030b1  Timer_A_disableCaptureCompareInterrupt         
000030d9  Timer_A_getCaptureCompareInterruptStatus       
00003101  Timer_A_getEnabledInterruptStatus              
00003119  Timer_A_getCaptureCompareEnabledInterruptStatus
00003155  Timer_A_registerInterrupt                      
00003227  Timer_A_unregisterInterrupt                    
000032f1  GPIO_setAsOutputPin                            
0000332b  GPIO_setAsInputPin                             
00003371  GPIO_setAsPeripheralModuleFunctionOutputPin    
000033f5  GPIO_setAsPeripheralModuleFunctionInputPin     
00003479  GPIO_setOutputHighOnPin                        
0000349b  GPIO_setOutputLowOnPin                         
000034bd  GPIO_toggleOutputOnPin                         
000034df  GPIO_setAsInputPinWithPullDownResistor         
00003531  GPIO_setAsInputPinWithPullUpResistor           
00003583  GPIO_getInputPinValue                          
000035b1  GPIO_enableInterrupt                           
000035d3  GPIO_disableInterrupt                          
000035f5  GPIO_getInterruptStatus                        
00003613  GPIO_clearInterruptFlag                        
00003635  GPIO_interruptEdgeSelect                       
0000366b  GPIO_getEnabledInterruptStatus                 
000036e7  GPIO_setDriveStrengthHigh                      
00003709  GPIO_setDriveStrengthLow                       
0000372b  GPIO_registerInterrupt                         
0000374b  GPIO_unregisterInterrupt                       
00003771  UART_initModule                                
00003859  UART_transmitData                              
00003883  UART_receiveData                               
000038a9  UART_enableModule                              
000038bf  UART_disableModule                             
000038d5  UART_queryStatusFlags                          
000038e9  UART_setDormant                                
000038fd  UART_resetDormant                              
00003911  UART_transmitAddress                           
0000392f  UART_transmitBreak                             
00003975  UART_getReceiveBufferAddressForDMA             
00003983  UART_getTransmitBufferAddressForDMA            
00003991  UART_selectDeglitchTime                        
000039ad  UART_enableInterrupt                           
000039dd  UART_disableInterrupt                          
00003a0d  UART_getInterruptStatus                        
00003a29  UART_getEnabledInterruptStatus                 
00003a85  UART_clearInterruptFlag                        
00003aa5  UART_registerInterrupt                         
00003b21  UART_unregisterInterrupt                       
00003b8f  Interrupt_enableMaster                         
00003b9f  Interrupt_disableMaster                        
00003baf  Interrupt_registerInterrupt                    
00003c01  Interrupt_unregisterInterrupt                  
00003c15  Interrupt_setPriorityGrouping                  
00003c2f  Interrupt_getPriorityGrouping                  
00003c67  Interrupt_setPriority                          
00003cb7  Interrupt_getPriority                          
00003cdd  Interrupt_enableInterrupt                      
00003d4f  Interrupt_disableInterrupt                     
00003dc1  Interrupt_isEnabled                            
00003e4d  Interrupt_pendInterrupt                        
00003ebd  Interrupt_unpendInterrupt                      
00003f0b  Interrupt_setPriorityMask                      
00003f1b  Interrupt_getPriorityMask                      
00003f25  Interrupt_setVectorTableAddress                
00003f35  Interrupt_getVectorTableAddress                
00003f3b  Interrupt_enableSleepOnIsrExit                 
00003f4d  Interrupt_disableSleepOnIsrExit                
00003f7d  mechrev_setup                                  
00003fe7  PORT5_IRQHandler                               
00003fe7  PORT5_IRQHandler                               
0000404b  main                                           
00004113  TA1_0_IRQHandler                               
00004113  TA1_0_IRQHandler                               
000041a3  EUSCIA0_IRQHandler                             
000041a3  EUSCIA0_IRQHandler                             
0000432d  SystemCoreClockUpdate                          
000045a5  SystemInit                                     
000048d1  SysCtl_getTLVInfo                              
00004947  SysCtl_getSRAMSize                             
0000494d  SysCtl_getFlashSize                            
00004953  SysCtl_disableNMISource                        
00004967  SysCtl_enableNMISource                         
0000497b  SysCtl_getNMISourceStatus                      
00004981  SysCtl_enableSRAMBank                          
0000499d  SysCtl_disableSRAMBank                         
00004a05  SysCtl_enableSRAMBankRetention                 
00004a21  SysCtl_disableSRAMBankRetention                
00004a3d  SysCtl_rebootDevice                            
00004a47  SysCtl_enablePeripheralAtCPUHalt               
00004a5b  SysCtl_disablePeripheralAtCPUHalt              
00004a6f  SysCtl_setWDTTimeoutResetType                  
00004a93  SysCtl_setWDTPasswordViolationResetType        
00004ab7  SysCtl_enableGlitchFilter                      
00004ac3  SysCtl_disableGlitchFilter                     
00004acf  SysCtl_getTempCalibrationConstant              
00004ce5  __aeabi_dsub                                   
00004cef  __aeabi_dadd                                   
00004e9b  __aeabi_idiv0                                  
00004e9b  __aeabi_ldiv0                                  
00004e9d  sqrt                                           
00004e9d  sqrtl                                          
00005131  __aeabi_ddiv                                   
0000538d  fputs                                          
000054a1  ldexp                                          
000054a1  ldexpl                                         
000054a1  scalbn                                         
000054a1  scalbnl                                        
000055b1  aligned_alloc                                  
000055b1  memalign                                       
000056b1  __aeabi_dmul                                   
000057ad  free                                           
00005891  setvbuf                                        
0000596d  WDT_A_holdTimer                                
0000598d  WDT_A_startTimer                               
000059ad  WDT_A_clearTimer                               
000059cd  WDT_A_initWatchdogTimer                        
000059e9  WDT_A_initIntervalTimer                        
00005a05  WDT_A_setPasswordViolationReset                
00005a11  WDT_A_setTimeoutReset                          
00005a1d  WDT_A_registerInterrupt                        
00005a31  WDT_A_unregisterInterrupt                      
00005af7  __aeabi_memcpy                                 
00005af7  __aeabi_memcpy4                                
00005af7  __aeabi_memcpy8                                
00005af7  memcpy                                         
00005b93  __aeabi_uldivmod                               
00005c29  fputc                                          
00005c29  putc                                           
00005cb5  __aeabi_cdcmpeq                                
00005cb5  __aeabi_cdcmple                                
00005d3b  __aeabi_cdrcmple                               
00005dc1  __aeabi_memclr                                 
00005dc1  __aeabi_memclr4                                
00005dc1  __aeabi_memclr8                                
00005dc3  __aeabi_memset                                 
00005dc3  __aeabi_memset4                                
00005dc3  __aeabi_memset8                                
00005dc9  memset                                         
00005e3d  __TI_closefile                                 
00005f8f  __aeabi_d2f                                    
00005ffd  HOSTrename                                     
00006069  HOSTlseek                                      
000060d1  __TI_decompress_lzss                           
00006139  printf                                         
000061a1  frexp                                          
000061a1  frexpl                                         
00006205  fseek                                          
00006269  __TI_wrt_ok                                    
000062cd  HOSTopen                                       
0000632d  close                                          
00006389  HOSTread                                       
000063e1  HOSTwrite                                      
0000648f  __TI_ltoa                                      
00006535  __TI_doflush                                   
00006581  atoi                                           
000065cd  exit                                           
00006615  __aeabi_d2iz                                   
0000665d  HOSTclose                                      
000066a1  HOSTunlink                                     
000066e5  __TI_auto_init_nobinit_nopinit                 
00006729  getdevice                                      
0000676d  sprintf                                        
000067eb  CPU_cpsid                                      
000067f7  CPU_primask                                    
00006801  CPU_cpsie                                      
0000680d  CPU_wfi                                        
00006811  CPU_basepriSet                                 
0000681f  CPU_basepriGet                                 
00006829  __TI_writemsg                                  
00006857  C$$IO$$                                        
00006861  __aeabi_f2d                                    
00006899  strncpy                                        
000068d1  __TI_cleanup                                   
00006905  __TI_readmsg                                   
00006939  _c_int00_noargs                                
0000696d  finddevice                                     
0000699d  __aeabi_i2d                                    
000069cd  remove                                         
000069cd  unlink                                         
00006a21  lseek                                          
00006a49  write                                          
00006a71  memchr                                         
00006a91  __aeabi_ui2d                                   
00006ab1  __TI_zero_init_nomemset                        
00006ae9  memccpy                                        
00006b05  copysign                                       
00006b05  copysignl                                      
00006b37  strcmp                                         
00006b4f  strchr                                         
00006b65  strcpy                                         
00006b79  strlen                                         
00006b8d  wcslen                                         
00006b9f  __TI_decompress_none                           
00006bad  Reset_Handler                                  
00006bb9  ADC14_IRQHandler                               
00006bb9  AES256_IRQHandler                              
00006bb9  BusFault_Handler                               
00006bb9  COMP_E0_IRQHandler                             
00006bb9  COMP_E1_IRQHandler                             
00006bb9  CS_IRQHandler                                  
00006bb9  DMA_ERR_IRQHandler                             
00006bb9  DMA_INT0_IRQHandler                            
00006bb9  DMA_INT1_IRQHandler                            
00006bb9  DMA_INT2_IRQHandler                            
00006bb9  DMA_INT3_IRQHandler                            
00006bb9  DebugMon_Handler                               
00006bb9  Default_Handler                                
00006bb9  EUSCIA1_IRQHandler                             
00006bb9  EUSCIA2_IRQHandler                             
00006bb9  EUSCIA3_IRQHandler                             
00006bb9  EUSCIB0_IRQHandler                             
00006bb9  EUSCIB1_IRQHandler                             
00006bb9  EUSCIB2_IRQHandler                             
00006bb9  EUSCIB3_IRQHandler                             
00006bb9  FLCTL_IRQHandler                               
00006bb9  FPU_IRQHandler                                 
00006bb9  HardFault_Handler                              
00006bb9  MemManage_Handler                              
00006bb9  NMI_Handler                                    
00006bb9  PCM_IRQHandler                                 
00006bb9  PORT1_IRQHandler                               
00006bb9  PORT2_IRQHandler                               
00006bb9  PORT3_IRQHandler                               
00006bb9  PORT4_IRQHandler                               
00006bb9  PORT6_IRQHandler                               
00006bb9  PSS_IRQHandler                                 
00006bb9  PendSV_Handler                                 
00006bb9  RTC_C_IRQHandler                               
00006bb9  SVC_Handler                                    
00006bb9  SysTick_Handler                                
00006bb9  T32_INT1_IRQHandler                            
00006bb9  T32_INT2_IRQHandler                            
00006bb9  T32_INTC_IRQHandler                            
00006bb9  TA0_0_IRQHandler                               
00006bb9  TA0_N_IRQHandler                               
00006bb9  TA1_N_IRQHandler                               
00006bb9  TA2_0_IRQHandler                               
00006bb9  TA2_N_IRQHandler                               
00006bb9  TA3_0_IRQHandler                               
00006bb9  TA3_N_IRQHandler                               
00006bb9  UsageFault_Handler                             
00006bb9  WDT_A_IRQHandler                               
00006bc5  __aeabi_errno_addr                             
00006bcd  malloc                                         
00006bdd  _system_pre_init                               
00006be1  C$$EXIT                                        
00006be1  abort                                          
00006be8  _ctypes_                                       
00006df0  UART_init                                      
00006e50  upConfig_1                                     
00006f1c  __TI_Handler_Table_Base                        
00006f28  __TI_Handler_Table_Limit                       
00006f38  __TI_CINIT_Base                                
00006f50  __TI_CINIT_Limit                               
20000000  __start___llvm_prf_cnts                        
20000000  __stop___llvm_prf_cnts                         
20000000  g_pfnRAMVectors                                
200000e8  _sys_memory                                    
200004e8  _ftable                                        
200005d8  _device                                        
20000650  _stream                                        
200006d0  __TI_ft_end                                    
200006d4  __aeabi_stdin                                  
200006d8  __aeabi_stdout                                 
200006dc  __aeabi_stderr                                 
200006e0  __TI_cleanup_ptr                               
200006e4  __TI_dtors_ptr                                 
200006e8  __TI_enable_exit_profile_output                
200006ec  encA_cnt                                       
200006f0  encB_cnt                                       
200006f4  encA_dir                                       
200006f5  encB_dir                                       
200006f8  _lock                                          
200006fc  _unlock                                        
20000708  errno                                          
2000070c  SystemCoreClock                                
20000710  __CIOBUF_                                      
20000830  __TI_tmpnams                                   
200008d8  parmbuf                                        
200008e0  distance_var                                   
2000fe00  __stack                                        
20010000  __STACK_END                                    
4000480c  WDTCTL_SYM                                     
ffffffff  __TI_pprof_out_hndl                            
ffffffff  __TI_prof_data_size                            
ffffffff  __TI_prof_data_start                           
ffffffff  __binit__                                      
ffffffff  __c_args__                                     
ffffffff  binit                                          
UNDEFED   __mpu_init                                     
UNDEFED   _system_post_cinit                             

[383 symbols]
