<?xml version="1.0" encoding="ISO-8859-1" ?>
<link_info>
   <banner>TI ARM Linker Unix v20.2.6.LTS</banner>
   <copyright>Copyright (c) 1996-2018 Texas Instruments Incorporated</copyright>
   <link_time>0x62366bf2</link_time>
   <link_errors>0x0</link_errors>
   <output_file>Lab 5.out</output_file>
   <entry_point>
      <name>_c_int00_noargs</name>
      <address>0x6939</address>
   </entry_point>
   <input_file_list>
      <input_file id="fl-2">
         <path>./</path>
         <kind>object</kind>
         <file>main.obj</file>
         <name>main.obj</name>
      </input_file>
      <input_file id="fl-3">
         <path>./</path>
         <kind>object</kind>
         <file>startup_msp432p401r_ccs.obj</file>
         <name>startup_msp432p401r_ccs.obj</name>
      </input_file>
      <input_file id="fl-4">
         <path>./</path>
         <kind>object</kind>
         <file>system_msp432p401r.obj</file>
         <name>system_msp432p401r.obj</name>
      </input_file>
      <input_file id="fl-5">
         <path>./driverlib/MSP432P4xx/</path>
         <kind>object</kind>
         <file>adc14.obj</file>
         <name>adc14.obj</name>
      </input_file>
      <input_file id="fl-6">
         <path>./driverlib/MSP432P4xx/</path>
         <kind>object</kind>
         <file>aes256.obj</file>
         <name>aes256.obj</name>
      </input_file>
      <input_file id="fl-7">
         <path>./driverlib/MSP432P4xx/</path>
         <kind>object</kind>
         <file>comp_e.obj</file>
         <name>comp_e.obj</name>
      </input_file>
      <input_file id="fl-8">
         <path>./driverlib/MSP432P4xx/</path>
         <kind>object</kind>
         <file>cpu.obj</file>
         <name>cpu.obj</name>
      </input_file>
      <input_file id="fl-9">
         <path>./driverlib/MSP432P4xx/</path>
         <kind>object</kind>
         <file>crc32.obj</file>
         <name>crc32.obj</name>
      </input_file>
      <input_file id="fl-a">
         <path>./driverlib/MSP432P4xx/</path>
         <kind>object</kind>
         <file>cs.obj</file>
         <name>cs.obj</name>
      </input_file>
      <input_file id="fl-b">
         <path>./driverlib/MSP432P4xx/</path>
         <kind>object</kind>
         <file>dma.obj</file>
         <name>dma.obj</name>
      </input_file>
      <input_file id="fl-c">
         <path>./driverlib/MSP432P4xx/</path>
         <kind>object</kind>
         <file>flash.obj</file>
         <name>flash.obj</name>
      </input_file>
      <input_file id="fl-d">
         <path>./driverlib/MSP432P4xx/</path>
         <kind>object</kind>
         <file>fpu.obj</file>
         <name>fpu.obj</name>
      </input_file>
      <input_file id="fl-e">
         <path>./driverlib/MSP432P4xx/</path>
         <kind>object</kind>
         <file>gpio.obj</file>
         <name>gpio.obj</name>
      </input_file>
      <input_file id="fl-f">
         <path>./driverlib/MSP432P4xx/</path>
         <kind>object</kind>
         <file>i2c.obj</file>
         <name>i2c.obj</name>
      </input_file>
      <input_file id="fl-10">
         <path>./driverlib/MSP432P4xx/</path>
         <kind>object</kind>
         <file>interrupt.obj</file>
         <name>interrupt.obj</name>
      </input_file>
      <input_file id="fl-11">
         <path>./driverlib/MSP432P4xx/</path>
         <kind>object</kind>
         <file>mpu.obj</file>
         <name>mpu.obj</name>
      </input_file>
      <input_file id="fl-12">
         <path>./driverlib/MSP432P4xx/</path>
         <kind>object</kind>
         <file>pcm.obj</file>
         <name>pcm.obj</name>
      </input_file>
      <input_file id="fl-13">
         <path>./driverlib/MSP432P4xx/</path>
         <kind>object</kind>
         <file>pmap.obj</file>
         <name>pmap.obj</name>
      </input_file>
      <input_file id="fl-14">
         <path>./driverlib/MSP432P4xx/</path>
         <kind>object</kind>
         <file>pss.obj</file>
         <name>pss.obj</name>
      </input_file>
      <input_file id="fl-15">
         <path>./driverlib/MSP432P4xx/</path>
         <kind>object</kind>
         <file>ref_a.obj</file>
         <name>ref_a.obj</name>
      </input_file>
      <input_file id="fl-16">
         <path>./driverlib/MSP432P4xx/</path>
         <kind>object</kind>
         <file>reset.obj</file>
         <name>reset.obj</name>
      </input_file>
      <input_file id="fl-17">
         <path>./driverlib/MSP432P4xx/</path>
         <kind>object</kind>
         <file>rtc_c.obj</file>
         <name>rtc_c.obj</name>
      </input_file>
      <input_file id="fl-18">
         <path>./driverlib/MSP432P4xx/</path>
         <kind>object</kind>
         <file>spi.obj</file>
         <name>spi.obj</name>
      </input_file>
      <input_file id="fl-19">
         <path>./driverlib/MSP432P4xx/</path>
         <kind>object</kind>
         <file>sysctl.obj</file>
         <name>sysctl.obj</name>
      </input_file>
      <input_file id="fl-1a">
         <path>./driverlib/MSP432P4xx/</path>
         <kind>object</kind>
         <file>systick.obj</file>
         <name>systick.obj</name>
      </input_file>
      <input_file id="fl-1b">
         <path>./driverlib/MSP432P4xx/</path>
         <kind>object</kind>
         <file>timer32.obj</file>
         <name>timer32.obj</name>
      </input_file>
      <input_file id="fl-1c">
         <path>./driverlib/MSP432P4xx/</path>
         <kind>object</kind>
         <file>timer_a.obj</file>
         <name>timer_a.obj</name>
      </input_file>
      <input_file id="fl-1d">
         <path>./driverlib/MSP432P4xx/</path>
         <kind>object</kind>
         <file>uart.obj</file>
         <name>uart.obj</name>
      </input_file>
      <input_file id="fl-1e">
         <path>./driverlib/MSP432P4xx/</path>
         <kind>object</kind>
         <file>wdt_a.obj</file>
         <name>wdt_a.obj</name>
      </input_file>
      <input_file id="fl-22">
         <kind>object</kind>
         <file>&lt;internal&gt;</file>
         <name>&lt;internal&gt;</name>
      </input_file>
      <input_file id="fl-d8">
         <path>/Applications/ti/ccs1110/ccs/tools/compiler/ti-cgt-arm_20.2.6.LTS/lib/</path>
         <kind>archive</kind>
         <file>rtsv7M4_T_le_v4SPD16_eabi.lib</file>
         <name>e_pow.c.obj</name>
      </input_file>
      <input_file id="fl-d9">
         <path>/Applications/ti/ccs1110/ccs/tools/compiler/ti-cgt-arm_20.2.6.LTS/lib/</path>
         <kind>archive</kind>
         <file>rtsv7M4_T_le_v4SPD16_eabi.lib</file>
         <name>e_sqrt.c.obj</name>
      </input_file>
      <input_file id="fl-da">
         <path>/Applications/ti/ccs1110/ccs/tools/compiler/ti-cgt-arm_20.2.6.LTS/lib/</path>
         <kind>archive</kind>
         <file>rtsv7M4_T_le_v4SPD16_eabi.lib</file>
         <name>s_scalbn.c.obj</name>
      </input_file>
      <input_file id="fl-db">
         <path>/Applications/ti/ccs1110/ccs/tools/compiler/ti-cgt-arm_20.2.6.LTS/lib/</path>
         <kind>archive</kind>
         <file>rtsv7M4_T_le_v4SPD16_eabi.lib</file>
         <name>s_copysign.c.obj</name>
      </input_file>
      <input_file id="fl-dc">
         <path>/Applications/ti/ccs1110/ccs/tools/compiler/ti-cgt-arm_20.2.6.LTS/lib/</path>
         <kind>archive</kind>
         <file>rtsv7M4_T_le_v4SPD16_eabi.lib</file>
         <name>printf.c.obj</name>
      </input_file>
      <input_file id="fl-dd">
         <path>/Applications/ti/ccs1110/ccs/tools/compiler/ti-cgt-arm_20.2.6.LTS/lib/</path>
         <kind>archive</kind>
         <file>rtsv7M4_T_le_v4SPD16_eabi.lib</file>
         <name>_printfi.c.obj</name>
      </input_file>
      <input_file id="fl-de">
         <path>/Applications/ti/ccs1110/ccs/tools/compiler/ti-cgt-arm_20.2.6.LTS/lib/</path>
         <kind>archive</kind>
         <file>rtsv7M4_T_le_v4SPD16_eabi.lib</file>
         <name>sprintf.c.obj</name>
      </input_file>
      <input_file id="fl-df">
         <path>/Applications/ti/ccs1110/ccs/tools/compiler/ti-cgt-arm_20.2.6.LTS/lib/</path>
         <kind>archive</kind>
         <file>rtsv7M4_T_le_v4SPD16_eabi.lib</file>
         <name>fputc.c.obj</name>
      </input_file>
      <input_file id="fl-e0">
         <path>/Applications/ti/ccs1110/ccs/tools/compiler/ti-cgt-arm_20.2.6.LTS/lib/</path>
         <kind>archive</kind>
         <file>rtsv7M4_T_le_v4SPD16_eabi.lib</file>
         <name>fputs.c.obj</name>
      </input_file>
      <input_file id="fl-e1">
         <path>/Applications/ti/ccs1110/ccs/tools/compiler/ti-cgt-arm_20.2.6.LTS/lib/</path>
         <kind>archive</kind>
         <file>rtsv7M4_T_le_v4SPD16_eabi.lib</file>
         <name>_io_perm.c.obj</name>
      </input_file>
      <input_file id="fl-e2">
         <path>/Applications/ti/ccs1110/ccs/tools/compiler/ti-cgt-arm_20.2.6.LTS/lib/</path>
         <kind>archive</kind>
         <file>rtsv7M4_T_le_v4SPD16_eabi.lib</file>
         <name>setvbuf.c.obj</name>
      </input_file>
      <input_file id="fl-e3">
         <path>/Applications/ti/ccs1110/ccs/tools/compiler/ti-cgt-arm_20.2.6.LTS/lib/</path>
         <kind>archive</kind>
         <file>rtsv7M4_T_le_v4SPD16_eabi.lib</file>
         <name>fd_add_t2.asm.obj</name>
      </input_file>
      <input_file id="fl-e4">
         <path>/Applications/ti/ccs1110/ccs/tools/compiler/ti-cgt-arm_20.2.6.LTS/lib/</path>
         <kind>archive</kind>
         <file>rtsv7M4_T_le_v4SPD16_eabi.lib</file>
         <name>fd_cmp_t2.asm.obj</name>
      </input_file>
      <input_file id="fl-e5">
         <path>/Applications/ti/ccs1110/ccs/tools/compiler/ti-cgt-arm_20.2.6.LTS/lib/</path>
         <kind>archive</kind>
         <file>rtsv7M4_T_le_v4SPD16_eabi.lib</file>
         <name>fd_div_t2.asm.obj</name>
      </input_file>
      <input_file id="fl-e6">
         <path>/Applications/ti/ccs1110/ccs/tools/compiler/ti-cgt-arm_20.2.6.LTS/lib/</path>
         <kind>archive</kind>
         <file>rtsv7M4_T_le_v4SPD16_eabi.lib</file>
         <name>fd_mul_t2.asm.obj</name>
      </input_file>
      <input_file id="fl-e7">
         <path>/Applications/ti/ccs1110/ccs/tools/compiler/ti-cgt-arm_20.2.6.LTS/lib/</path>
         <kind>archive</kind>
         <file>rtsv7M4_T_le_v4SPD16_eabi.lib</file>
         <name>fd_toi_t2.asm.obj</name>
      </input_file>
      <input_file id="fl-e8">
         <path>/Applications/ti/ccs1110/ccs/tools/compiler/ti-cgt-arm_20.2.6.LTS/lib/</path>
         <kind>archive</kind>
         <file>rtsv7M4_T_le_v4SPD16_eabi.lib</file>
         <name>fd_tos_t2.asm.obj</name>
      </input_file>
      <input_file id="fl-e9">
         <path>/Applications/ti/ccs1110/ccs/tools/compiler/ti-cgt-arm_20.2.6.LTS/lib/</path>
         <kind>archive</kind>
         <file>rtsv7M4_T_le_v4SPD16_eabi.lib</file>
         <name>fs_tod_t2.asm.obj</name>
      </input_file>
      <input_file id="fl-ea">
         <path>/Applications/ti/ccs1110/ccs/tools/compiler/ti-cgt-arm_20.2.6.LTS/lib/</path>
         <kind>archive</kind>
         <file>rtsv7M4_T_le_v4SPD16_eabi.lib</file>
         <name>i_tofd_t2.asm.obj</name>
      </input_file>
      <input_file id="fl-eb">
         <path>/Applications/ti/ccs1110/ccs/tools/compiler/ti-cgt-arm_20.2.6.LTS/lib/</path>
         <kind>archive</kind>
         <file>rtsv7M4_T_le_v4SPD16_eabi.lib</file>
         <name>memcpy_t2.asm.obj</name>
      </input_file>
      <input_file id="fl-ec">
         <path>/Applications/ti/ccs1110/ccs/tools/compiler/ti-cgt-arm_20.2.6.LTS/lib/</path>
         <kind>archive</kind>
         <file>rtsv7M4_T_le_v4SPD16_eabi.lib</file>
         <name>u_tofd_t2.asm.obj</name>
      </input_file>
      <input_file id="fl-ed">
         <path>/Applications/ti/ccs1110/ccs/tools/compiler/ti-cgt-arm_20.2.6.LTS/lib/</path>
         <kind>archive</kind>
         <file>rtsv7M4_T_le_v4SPD16_eabi.lib</file>
         <name>memset_t2.asm.obj</name>
      </input_file>
      <input_file id="fl-ee">
         <path>/Applications/ti/ccs1110/ccs/tools/compiler/ti-cgt-arm_20.2.6.LTS/lib/</path>
         <kind>archive</kind>
         <file>rtsv7M4_T_le_v4SPD16_eabi.lib</file>
         <name>ull_div_t2.asm.obj</name>
      </input_file>
      <input_file id="fl-ef">
         <path>/Applications/ti/ccs1110/ccs/tools/compiler/ti-cgt-arm_20.2.6.LTS/lib/</path>
         <kind>archive</kind>
         <file>rtsv7M4_T_le_v4SPD16_eabi.lib</file>
         <name>copy_zero_init.c.obj</name>
      </input_file>
      <input_file id="fl-f0">
         <path>/Applications/ti/ccs1110/ccs/tools/compiler/ti-cgt-arm_20.2.6.LTS/lib/</path>
         <kind>archive</kind>
         <file>rtsv7M4_T_le_v4SPD16_eabi.lib</file>
         <name>copy_decompress_none.c.obj</name>
      </input_file>
      <input_file id="fl-f1">
         <path>/Applications/ti/ccs1110/ccs/tools/compiler/ti-cgt-arm_20.2.6.LTS/lib/</path>
         <kind>archive</kind>
         <file>rtsv7M4_T_le_v4SPD16_eabi.lib</file>
         <name>copy_decompress_lzss.c.obj</name>
      </input_file>
      <input_file id="fl-f2">
         <path>/Applications/ti/ccs1110/ccs/tools/compiler/ti-cgt-arm_20.2.6.LTS/lib/</path>
         <kind>archive</kind>
         <file>rtsv7M4_T_le_v4SPD16_eabi.lib</file>
         <name>exit.c.obj</name>
      </input_file>
      <input_file id="fl-f3">
         <path>/Applications/ti/ccs1110/ccs/tools/compiler/ti-cgt-arm_20.2.6.LTS/lib/</path>
         <kind>archive</kind>
         <file>rtsv7M4_T_le_v4SPD16_eabi.lib</file>
         <name>_lock.c.obj</name>
      </input_file>
      <input_file id="fl-f4">
         <path>/Applications/ti/ccs1110/ccs/tools/compiler/ti-cgt-arm_20.2.6.LTS/lib/</path>
         <kind>archive</kind>
         <file>rtsv7M4_T_le_v4SPD16_eabi.lib</file>
         <name>_ltoa.c.obj</name>
      </input_file>
      <input_file id="fl-f5">
         <path>/Applications/ti/ccs1110/ccs/tools/compiler/ti-cgt-arm_20.2.6.LTS/lib/</path>
         <kind>archive</kind>
         <file>rtsv7M4_T_le_v4SPD16_eabi.lib</file>
         <name>atoi.c.obj</name>
      </input_file>
      <input_file id="fl-f6">
         <path>/Applications/ti/ccs1110/ccs/tools/compiler/ti-cgt-arm_20.2.6.LTS/lib/</path>
         <kind>archive</kind>
         <file>rtsv7M4_T_le_v4SPD16_eabi.lib</file>
         <name>ctype.c.obj</name>
      </input_file>
      <input_file id="fl-f7">
         <path>/Applications/ti/ccs1110/ccs/tools/compiler/ti-cgt-arm_20.2.6.LTS/lib/</path>
         <kind>archive</kind>
         <file>rtsv7M4_T_le_v4SPD16_eabi.lib</file>
         <name>defs.c.obj</name>
      </input_file>
      <input_file id="fl-f8">
         <path>/Applications/ti/ccs1110/ccs/tools/compiler/ti-cgt-arm_20.2.6.LTS/lib/</path>
         <kind>archive</kind>
         <file>rtsv7M4_T_le_v4SPD16_eabi.lib</file>
         <name>memccpy.c.obj</name>
      </input_file>
      <input_file id="fl-f9">
         <path>/Applications/ti/ccs1110/ccs/tools/compiler/ti-cgt-arm_20.2.6.LTS/lib/</path>
         <kind>archive</kind>
         <file>rtsv7M4_T_le_v4SPD16_eabi.lib</file>
         <name>memchr.c.obj</name>
      </input_file>
      <input_file id="fl-fa">
         <path>/Applications/ti/ccs1110/ccs/tools/compiler/ti-cgt-arm_20.2.6.LTS/lib/</path>
         <kind>archive</kind>
         <file>rtsv7M4_T_le_v4SPD16_eabi.lib</file>
         <name>memory.c.obj</name>
      </input_file>
      <input_file id="fl-fb">
         <path>/Applications/ti/ccs1110/ccs/tools/compiler/ti-cgt-arm_20.2.6.LTS/lib/</path>
         <kind>archive</kind>
         <file>rtsv7M4_T_le_v4SPD16_eabi.lib</file>
         <name>strchr.c.obj</name>
      </input_file>
      <input_file id="fl-fc">
         <path>/Applications/ti/ccs1110/ccs/tools/compiler/ti-cgt-arm_20.2.6.LTS/lib/</path>
         <kind>archive</kind>
         <file>rtsv7M4_T_le_v4SPD16_eabi.lib</file>
         <name>strlen.c.obj</name>
      </input_file>
      <input_file id="fl-fd">
         <path>/Applications/ti/ccs1110/ccs/tools/compiler/ti-cgt-arm_20.2.6.LTS/lib/</path>
         <kind>archive</kind>
         <file>rtsv7M4_T_le_v4SPD16_eabi.lib</file>
         <name>write.c.obj</name>
      </input_file>
      <input_file id="fl-fe">
         <path>/Applications/ti/ccs1110/ccs/tools/compiler/ti-cgt-arm_20.2.6.LTS/lib/</path>
         <kind>archive</kind>
         <file>rtsv7M4_T_le_v4SPD16_eabi.lib</file>
         <name>host_device.c.obj</name>
      </input_file>
      <input_file id="fl-ff">
         <path>/Applications/ti/ccs1110/ccs/tools/compiler/ti-cgt-arm_20.2.6.LTS/lib/</path>
         <kind>archive</kind>
         <file>rtsv7M4_T_le_v4SPD16_eabi.lib</file>
         <name>errno.c.obj</name>
      </input_file>
      <input_file id="fl-100">
         <path>/Applications/ti/ccs1110/ccs/tools/compiler/ti-cgt-arm_20.2.6.LTS/lib/</path>
         <kind>archive</kind>
         <file>rtsv7M4_T_le_v4SPD16_eabi.lib</file>
         <name>boot_cortex_m.c.obj</name>
      </input_file>
      <input_file id="fl-101">
         <path>/Applications/ti/ccs1110/ccs/tools/compiler/ti-cgt-arm_20.2.6.LTS/lib/</path>
         <kind>archive</kind>
         <file>rtsv7M4_T_le_v4SPD16_eabi.lib</file>
         <name>s_frexp.c.obj</name>
      </input_file>
      <input_file id="fl-102">
         <path>/Applications/ti/ccs1110/ccs/tools/compiler/ti-cgt-arm_20.2.6.LTS/lib/</path>
         <kind>archive</kind>
         <file>rtsv7M4_T_le_v4SPD16_eabi.lib</file>
         <name>wcslen.c.obj</name>
      </input_file>
      <input_file id="fl-103">
         <path>/Applications/ti/ccs1110/ccs/tools/compiler/ti-cgt-arm_20.2.6.LTS/lib/</path>
         <kind>archive</kind>
         <file>rtsv7M4_T_le_v4SPD16_eabi.lib</file>
         <name>fflush.c.obj</name>
      </input_file>
      <input_file id="fl-104">
         <path>/Applications/ti/ccs1110/ccs/tools/compiler/ti-cgt-arm_20.2.6.LTS/lib/</path>
         <kind>archive</kind>
         <file>rtsv7M4_T_le_v4SPD16_eabi.lib</file>
         <name>fopen.c.obj</name>
      </input_file>
      <input_file id="fl-105">
         <path>/Applications/ti/ccs1110/ccs/tools/compiler/ti-cgt-arm_20.2.6.LTS/lib/</path>
         <kind>archive</kind>
         <file>rtsv7M4_T_le_v4SPD16_eabi.lib</file>
         <name>fseek.c.obj</name>
      </input_file>
      <input_file id="fl-106">
         <path>/Applications/ti/ccs1110/ccs/tools/compiler/ti-cgt-arm_20.2.6.LTS/lib/</path>
         <kind>archive</kind>
         <file>rtsv7M4_T_le_v4SPD16_eabi.lib</file>
         <name>div0.asm.obj</name>
      </input_file>
      <input_file id="fl-107">
         <path>/Applications/ti/ccs1110/ccs/tools/compiler/ti-cgt-arm_20.2.6.LTS/lib/</path>
         <kind>archive</kind>
         <file>rtsv7M4_T_le_v4SPD16_eabi.lib</file>
         <name>autoinit.c.obj</name>
      </input_file>
      <input_file id="fl-108">
         <path>/Applications/ti/ccs1110/ccs/tools/compiler/ti-cgt-arm_20.2.6.LTS/lib/</path>
         <kind>archive</kind>
         <file>rtsv7M4_T_le_v4SPD16_eabi.lib</file>
         <name>pre_init.c.obj</name>
      </input_file>
      <input_file id="fl-109">
         <path>/Applications/ti/ccs1110/ccs/tools/compiler/ti-cgt-arm_20.2.6.LTS/lib/</path>
         <kind>archive</kind>
         <file>rtsv7M4_T_le_v4SPD16_eabi.lib</file>
         <name>cpy_tbl.c.obj</name>
      </input_file>
      <input_file id="fl-10a">
         <path>/Applications/ti/ccs1110/ccs/tools/compiler/ti-cgt-arm_20.2.6.LTS/lib/</path>
         <kind>archive</kind>
         <file>rtsv7M4_T_le_v4SPD16_eabi.lib</file>
         <name>args_main.c.obj</name>
      </input_file>
      <input_file id="fl-10b">
         <path>/Applications/ti/ccs1110/ccs/tools/compiler/ti-cgt-arm_20.2.6.LTS/lib/</path>
         <kind>archive</kind>
         <file>rtsv7M4_T_le_v4SPD16_eabi.lib</file>
         <name>hostclose.c.obj</name>
      </input_file>
      <input_file id="fl-10c">
         <path>/Applications/ti/ccs1110/ccs/tools/compiler/ti-cgt-arm_20.2.6.LTS/lib/</path>
         <kind>archive</kind>
         <file>rtsv7M4_T_le_v4SPD16_eabi.lib</file>
         <name>hostlseek.c.obj</name>
      </input_file>
      <input_file id="fl-10d">
         <path>/Applications/ti/ccs1110/ccs/tools/compiler/ti-cgt-arm_20.2.6.LTS/lib/</path>
         <kind>archive</kind>
         <file>rtsv7M4_T_le_v4SPD16_eabi.lib</file>
         <name>hostopen.c.obj</name>
      </input_file>
      <input_file id="fl-10e">
         <path>/Applications/ti/ccs1110/ccs/tools/compiler/ti-cgt-arm_20.2.6.LTS/lib/</path>
         <kind>archive</kind>
         <file>rtsv7M4_T_le_v4SPD16_eabi.lib</file>
         <name>hostread.c.obj</name>
      </input_file>
      <input_file id="fl-10f">
         <path>/Applications/ti/ccs1110/ccs/tools/compiler/ti-cgt-arm_20.2.6.LTS/lib/</path>
         <kind>archive</kind>
         <file>rtsv7M4_T_le_v4SPD16_eabi.lib</file>
         <name>hostrename.c.obj</name>
      </input_file>
      <input_file id="fl-110">
         <path>/Applications/ti/ccs1110/ccs/tools/compiler/ti-cgt-arm_20.2.6.LTS/lib/</path>
         <kind>archive</kind>
         <file>rtsv7M4_T_le_v4SPD16_eabi.lib</file>
         <name>hostunlink.c.obj</name>
      </input_file>
      <input_file id="fl-111">
         <path>/Applications/ti/ccs1110/ccs/tools/compiler/ti-cgt-arm_20.2.6.LTS/lib/</path>
         <kind>archive</kind>
         <file>rtsv7M4_T_le_v4SPD16_eabi.lib</file>
         <name>hostwrite.c.obj</name>
      </input_file>
      <input_file id="fl-112">
         <path>/Applications/ti/ccs1110/ccs/tools/compiler/ti-cgt-arm_20.2.6.LTS/lib/</path>
         <kind>archive</kind>
         <file>rtsv7M4_T_le_v4SPD16_eabi.lib</file>
         <name>trgmsg.c.obj</name>
      </input_file>
      <input_file id="fl-113">
         <path>/Applications/ti/ccs1110/ccs/tools/compiler/ti-cgt-arm_20.2.6.LTS/lib/</path>
         <kind>archive</kind>
         <file>rtsv7M4_T_le_v4SPD16_eabi.lib</file>
         <name>open.c.obj</name>
      </input_file>
      <input_file id="fl-114">
         <path>/Applications/ti/ccs1110/ccs/tools/compiler/ti-cgt-arm_20.2.6.LTS/lib/</path>
         <kind>archive</kind>
         <file>rtsv7M4_T_le_v4SPD16_eabi.lib</file>
         <name>lseek.c.obj</name>
      </input_file>
      <input_file id="fl-115">
         <path>/Applications/ti/ccs1110/ccs/tools/compiler/ti-cgt-arm_20.2.6.LTS/lib/</path>
         <kind>archive</kind>
         <file>rtsv7M4_T_le_v4SPD16_eabi.lib</file>
         <name>fclose.c.obj</name>
      </input_file>
      <input_file id="fl-116">
         <path>/Applications/ti/ccs1110/ccs/tools/compiler/ti-cgt-arm_20.2.6.LTS/lib/</path>
         <kind>archive</kind>
         <file>rtsv7M4_T_le_v4SPD16_eabi.lib</file>
         <name>getdevice.c.obj</name>
      </input_file>
      <input_file id="fl-117">
         <path>/Applications/ti/ccs1110/ccs/tools/compiler/ti-cgt-arm_20.2.6.LTS/lib/</path>
         <kind>archive</kind>
         <file>rtsv7M4_T_le_v4SPD16_eabi.lib</file>
         <name>strcmp.c.obj</name>
      </input_file>
      <input_file id="fl-118">
         <path>/Applications/ti/ccs1110/ccs/tools/compiler/ti-cgt-arm_20.2.6.LTS/lib/</path>
         <kind>archive</kind>
         <file>rtsv7M4_T_le_v4SPD16_eabi.lib</file>
         <name>strcpy.c.obj</name>
      </input_file>
      <input_file id="fl-119">
         <path>/Applications/ti/ccs1110/ccs/tools/compiler/ti-cgt-arm_20.2.6.LTS/lib/</path>
         <kind>archive</kind>
         <file>rtsv7M4_T_le_v4SPD16_eabi.lib</file>
         <name>strncpy.c.obj</name>
      </input_file>
      <input_file id="fl-11a">
         <path>/Applications/ti/ccs1110/ccs/tools/compiler/ti-cgt-arm_20.2.6.LTS/lib/</path>
         <kind>archive</kind>
         <file>rtsv7M4_T_le_v4SPD16_eabi.lib</file>
         <name>remove.c.obj</name>
      </input_file>
      <input_file id="fl-11b">
         <path>/Applications/ti/ccs1110/ccs/tools/compiler/ti-cgt-arm_20.2.6.LTS/lib/</path>
         <kind>archive</kind>
         <file>rtsv7M4_T_le_v4SPD16_eabi.lib</file>
         <name>close.c.obj</name>
      </input_file>
      <input_file id="fl-11c">
         <path>/Applications/ti/ccs1110/ccs/tools/compiler/ti-cgt-arm_20.2.6.LTS/lib/</path>
         <kind>archive</kind>
         <file>rtsv7M4_T_le_v4SPD16_eabi.lib</file>
         <name>unlink.c.obj</name>
      </input_file>
   </input_file_list>
   <object_component_list>
      <object_component id="oc-26">
         <name>.intvecs:retain</name>
         <load_address>0x0</load_address>
         <run_address>0x0</run_address>
         <size>0xe4</size>
         <input_file_ref idref="fl-3"/>
      </object_component>
      <object_component id="oc-d1">
         <name>.text</name>
         <load_address>0xe4</load_address>
         <run_address>0xe4</run_address>
         <size>0xd80</size>
         <input_file_ref idref="fl-a"/>
      </object_component>
      <object_component id="oc-1bf">
         <name>.text:__TI_printfi</name>
         <load_address>0xe64</load_address>
         <run_address>0xe64</run_address>
         <size>0xa4e</size>
         <input_file_ref idref="fl-dd"/>
      </object_component>
      <object_component id="oc-2d4">
         <name>.text:_nop</name>
         <load_address>0x18b2</load_address>
         <run_address>0x18b2</run_address>
         <size>0x2</size>
         <input_file_ref idref="fl-f3"/>
      </object_component>
      <object_component id="oc-f7">
         <name>.text:pow</name>
         <load_address>0x18b4</load_address>
         <run_address>0x18b4</run_address>
         <size>0x9d0</size>
         <input_file_ref idref="fl-d8"/>
      </object_component>
      <object_component id="oc-cb">
         <name>.text</name>
         <load_address>0x2284</load_address>
         <run_address>0x2284</run_address>
         <size>0x8d4</size>
         <input_file_ref idref="fl-5"/>
      </object_component>
      <object_component id="oc-d7">
         <name>.text</name>
         <load_address>0x2b58</load_address>
         <run_address>0x2b58</run_address>
         <size>0x798</size>
         <input_file_ref idref="fl-1c"/>
      </object_component>
      <object_component id="oc-b3">
         <name>.text</name>
         <load_address>0x32f0</load_address>
         <run_address>0x32f0</run_address>
         <size>0x480</size>
         <input_file_ref idref="fl-e"/>
      </object_component>
      <object_component id="oc-c5">
         <name>.text</name>
         <load_address>0x3770</load_address>
         <run_address>0x3770</run_address>
         <size>0x41c</size>
         <input_file_ref idref="fl-1d"/>
      </object_component>
      <object_component id="oc-b9">
         <name>.text</name>
         <load_address>0x3b8c</load_address>
         <run_address>0x3b8c</run_address>
         <size>0x3f0</size>
         <input_file_ref idref="fl-10"/>
      </object_component>
      <object_component id="oc-70">
         <name>.text</name>
         <load_address>0x3f7c</load_address>
         <run_address>0x3f7c</run_address>
         <size>0x3b0</size>
         <input_file_ref idref="fl-2"/>
      </object_component>
      <object_component id="oc-ac">
         <name>.text</name>
         <load_address>0x432c</load_address>
         <run_address>0x432c</run_address>
         <size>0x334</size>
         <input_file_ref idref="fl-4"/>
      </object_component>
      <object_component id="oc-2b6">
         <name>.text:_pconv_a</name>
         <load_address>0x4660</load_address>
         <run_address>0x4660</run_address>
         <size>0x270</size>
         <input_file_ref idref="fl-dd"/>
      </object_component>
      <object_component id="oc-1a9">
         <name>.text</name>
         <load_address>0x48d0</load_address>
         <run_address>0x48d0</run_address>
         <size>0x244</size>
         <input_file_ref idref="fl-19"/>
      </object_component>
      <object_component id="oc-2a4">
         <name>.text:_pconv_g</name>
         <load_address>0x4b14</load_address>
         <run_address>0x4b14</run_address>
         <size>0x1d0</size>
         <input_file_ref idref="fl-dd"/>
      </object_component>
      <object_component id="oc-1e2">
         <name>.text</name>
         <load_address>0x4ce4</load_address>
         <run_address>0x4ce4</run_address>
         <size>0x1b6</size>
         <input_file_ref idref="fl-e3"/>
      </object_component>
      <object_component id="oc-3d2">
         <name>.text</name>
         <load_address>0x4e9a</load_address>
         <run_address>0x4e9a</run_address>
         <size>0x2</size>
         <input_file_ref idref="fl-106"/>
      </object_component>
      <object_component id="oc-1ec">
         <name>.text:sqrt</name>
         <load_address>0x4e9c</load_address>
         <run_address>0x4e9c</run_address>
         <size>0x158</size>
         <input_file_ref idref="fl-d9"/>
      </object_component>
      <object_component id="oc-2b0">
         <name>.text:_pconv_e</name>
         <load_address>0x4ff4</load_address>
         <run_address>0x4ff4</run_address>
         <size>0x13c</size>
         <input_file_ref idref="fl-dd"/>
      </object_component>
      <object_component id="oc-1e7">
         <name>.text</name>
         <load_address>0x5130</load_address>
         <run_address>0x5130</run_address>
         <size>0x136</size>
         <input_file_ref idref="fl-e5"/>
      </object_component>
      <object_component id="oc-35b">
         <name>.text:fcvt</name>
         <load_address>0x5268</load_address>
         <run_address>0x5268</run_address>
         <size>0x124</size>
         <input_file_ref idref="fl-dd"/>
      </object_component>
      <object_component id="oc-2e2">
         <name>.text:fputs</name>
         <load_address>0x538c</load_address>
         <run_address>0x538c</run_address>
         <size>0x114</size>
         <input_file_ref idref="fl-e0"/>
      </object_component>
      <object_component id="oc-20a">
         <name>.text:scalbn</name>
         <load_address>0x54a0</load_address>
         <run_address>0x54a0</run_address>
         <size>0x110</size>
         <input_file_ref idref="fl-da"/>
      </object_component>
      <object_component id="oc-45f">
         <name>.text:aligned_alloc</name>
         <load_address>0x55b0</load_address>
         <run_address>0x55b0</run_address>
         <size>0x100</size>
         <input_file_ref idref="fl-fa"/>
      </object_component>
      <object_component id="oc-e8">
         <name>.text</name>
         <load_address>0x56b0</load_address>
         <run_address>0x56b0</run_address>
         <size>0xfc</size>
         <input_file_ref idref="fl-e6"/>
      </object_component>
      <object_component id="oc-41d">
         <name>.text:free</name>
         <load_address>0x57ac</load_address>
         <run_address>0x57ac</run_address>
         <size>0xe4</size>
         <input_file_ref idref="fl-fa"/>
      </object_component>
      <object_component id="oc-3f7">
         <name>.text:setvbuf</name>
         <load_address>0x5890</load_address>
         <run_address>0x5890</run_address>
         <size>0xdc</size>
         <input_file_ref idref="fl-e2"/>
      </object_component>
      <object_component id="oc-bf">
         <name>.text</name>
         <load_address>0x596c</load_address>
         <run_address>0x596c</run_address>
         <size>0xd8</size>
         <input_file_ref idref="fl-1e"/>
      </object_component>
      <object_component id="oc-29e">
         <name>.text:_ltostr</name>
         <load_address>0x5a44</load_address>
         <run_address>0x5a44</run_address>
         <size>0xb1</size>
         <input_file_ref idref="fl-dd"/>
      </object_component>
      <object_component id="oc-3a">
         <name>.text</name>
         <load_address>0x5af6</load_address>
         <run_address>0x5af6</run_address>
         <size>0x9c</size>
         <input_file_ref idref="fl-eb"/>
      </object_component>
      <object_component id="oc-33d">
         <name>.text</name>
         <load_address>0x5b92</load_address>
         <run_address>0x5b92</run_address>
         <size>0x96</size>
         <input_file_ref idref="fl-ee"/>
      </object_component>
      <object_component id="oc-2e9">
         <name>.text:fputc</name>
         <load_address>0x5c28</load_address>
         <run_address>0x5c28</run_address>
         <size>0x8c</size>
         <input_file_ref idref="fl-df"/>
      </object_component>
      <object_component id="oc-200">
         <name>.text:__aeabi_cdcmple</name>
         <load_address>0x5cb4</load_address>
         <run_address>0x5cb4</run_address>
         <size>0x86</size>
         <input_file_ref idref="fl-e4"/>
      </object_component>
      <object_component id="oc-205">
         <name>.text:__aeabi_cdrcmple</name>
         <load_address>0x5d3a</load_address>
         <run_address>0x5d3a</run_address>
         <size>0x86</size>
         <input_file_ref idref="fl-e4"/>
      </object_component>
      <object_component id="oc-94">
         <name>.text</name>
         <load_address>0x5dc0</load_address>
         <run_address>0x5dc0</run_address>
         <size>0x7a</size>
         <input_file_ref idref="fl-ed"/>
      </object_component>
      <object_component id="oc-466">
         <name>.text:__TI_closefile</name>
         <load_address>0x5e3c</load_address>
         <run_address>0x5e3c</run_address>
         <size>0x74</size>
         <input_file_ref idref="fl-115"/>
      </object_component>
      <object_component id="oc-4a7">
         <name>.text:split</name>
         <load_address>0x5eb0</load_address>
         <run_address>0x5eb0</run_address>
         <size>0x70</size>
         <input_file_ref idref="fl-fa"/>
      </object_component>
      <object_component id="oc-354">
         <name>.text:_mcpy</name>
         <load_address>0x5f20</load_address>
         <run_address>0x5f20</run_address>
         <size>0x6e</size>
         <input_file_ref idref="fl-dd"/>
      </object_component>
      <object_component id="oc-ed">
         <name>.text</name>
         <load_address>0x5f8e</load_address>
         <run_address>0x5f8e</run_address>
         <size>0x6e</size>
         <input_file_ref idref="fl-e8"/>
      </object_component>
      <object_component id="oc-496">
         <name>.text:HOSTrename</name>
         <load_address>0x5ffc</load_address>
         <run_address>0x5ffc</run_address>
         <size>0x6c</size>
         <input_file_ref idref="fl-10f"/>
      </object_component>
      <object_component id="oc-48a">
         <name>.text:HOSTlseek</name>
         <load_address>0x6068</load_address>
         <run_address>0x6068</run_address>
         <size>0x68</size>
         <input_file_ref idref="fl-10c"/>
      </object_component>
      <object_component id="oc-17">
         <name>.text:decompress:lzss:__TI_decompress_lzss</name>
         <load_address>0x60d0</load_address>
         <run_address>0x60d0</run_address>
         <size>0x68</size>
         <input_file_ref idref="fl-f1"/>
      </object_component>
      <object_component id="oc-dd">
         <name>.text:printf</name>
         <load_address>0x6138</load_address>
         <run_address>0x6138</run_address>
         <size>0x68</size>
         <input_file_ref idref="fl-dc"/>
      </object_component>
      <object_component id="oc-369">
         <name>.text:frexp</name>
         <load_address>0x61a0</load_address>
         <run_address>0x61a0</run_address>
         <size>0x64</size>
         <input_file_ref idref="fl-101"/>
      </object_component>
      <object_component id="oc-3f1">
         <name>.text:fseek</name>
         <load_address>0x6204</load_address>
         <run_address>0x6204</run_address>
         <size>0x64</size>
         <input_file_ref idref="fl-105"/>
      </object_component>
      <object_component id="oc-395">
         <name>.text:__TI_wrt_ok</name>
         <load_address>0x6268</load_address>
         <run_address>0x6268</run_address>
         <size>0x62</size>
         <input_file_ref idref="fl-e1"/>
      </object_component>
      <object_component id="oc-472">
         <name>.text:HOSTopen</name>
         <load_address>0x62cc</load_address>
         <run_address>0x62cc</run_address>
         <size>0x60</size>
         <input_file_ref idref="fl-10d"/>
      </object_component>
      <object_component id="oc-4ae">
         <name>.text:close</name>
         <load_address>0x632c</load_address>
         <run_address>0x632c</run_address>
         <size>0x5c</size>
         <input_file_ref idref="fl-11b"/>
      </object_component>
      <object_component id="oc-47e">
         <name>.text:HOSTread</name>
         <load_address>0x6388</load_address>
         <run_address>0x6388</run_address>
         <size>0x58</size>
         <input_file_ref idref="fl-10e"/>
      </object_component>
      <object_component id="oc-484">
         <name>.text:HOSTwrite</name>
         <load_address>0x63e0</load_address>
         <run_address>0x63e0</run_address>
         <size>0x58</size>
         <input_file_ref idref="fl-111"/>
      </object_component>
      <object_component id="oc-2aa">
         <name>.text:_pconv_f</name>
         <load_address>0x6438</load_address>
         <run_address>0x6438</run_address>
         <size>0x56</size>
         <input_file_ref idref="fl-dd"/>
      </object_component>
      <object_component id="oc-348">
         <name>.text:__TI_ltoa</name>
         <load_address>0x648e</load_address>
         <run_address>0x648e</run_address>
         <size>0x54</size>
         <input_file_ref idref="fl-f4"/>
      </object_component>
      <object_component id="oc-34e">
         <name>.text:_ecpy</name>
         <load_address>0x64e2</load_address>
         <run_address>0x64e2</run_address>
         <size>0x52</size>
         <input_file_ref idref="fl-dd"/>
      </object_component>
      <object_component id="oc-3a1">
         <name>.text:__TI_doflush</name>
         <load_address>0x6534</load_address>
         <run_address>0x6534</run_address>
         <size>0x4c</size>
         <input_file_ref idref="fl-103"/>
      </object_component>
      <object_component id="oc-298">
         <name>.text:atoi</name>
         <load_address>0x6580</load_address>
         <run_address>0x6580</run_address>
         <size>0x4c</size>
         <input_file_ref idref="fl-f5"/>
      </object_component>
      <object_component id="oc-143">
         <name>.text:exit</name>
         <load_address>0x65cc</load_address>
         <run_address>0x65cc</run_address>
         <size>0x48</size>
         <input_file_ref idref="fl-f2"/>
      </object_component>
      <object_component id="oc-343">
         <name>.text</name>
         <load_address>0x6614</load_address>
         <run_address>0x6614</run_address>
         <size>0x48</size>
         <input_file_ref idref="fl-e7"/>
      </object_component>
      <object_component id="oc-478">
         <name>.text:HOSTclose</name>
         <load_address>0x665c</load_address>
         <run_address>0x665c</run_address>
         <size>0x44</size>
         <input_file_ref idref="fl-10b"/>
      </object_component>
      <object_component id="oc-490">
         <name>.text:HOSTunlink</name>
         <load_address>0x66a0</load_address>
         <run_address>0x66a0</run_address>
         <size>0x44</size>
         <input_file_ref idref="fl-110"/>
      </object_component>
      <object_component id="oc-149">
         <name>.text:__TI_auto_init_nobinit_nopinit:__TI_auto_init_nobinit_nopinit</name>
         <load_address>0x66e4</load_address>
         <run_address>0x66e4</run_address>
         <size>0x44</size>
         <input_file_ref idref="fl-107"/>
      </object_component>
      <object_component id="oc-4e6">
         <name>.text:getdevice</name>
         <load_address>0x6728</load_address>
         <run_address>0x6728</run_address>
         <size>0x44</size>
         <input_file_ref idref="fl-116"/>
      </object_component>
      <object_component id="oc-fd">
         <name>.text:sprintf</name>
         <load_address>0x676c</load_address>
         <run_address>0x676c</run_address>
         <size>0x40</size>
         <input_file_ref idref="fl-de"/>
      </object_component>
      <object_component id="oc-361">
         <name>.text:_fcpy</name>
         <load_address>0x67ac</load_address>
         <run_address>0x67ac</run_address>
         <size>0x3e</size>
         <input_file_ref idref="fl-dd"/>
      </object_component>
      <object_component id="oc-18c">
         <name>.text</name>
         <load_address>0x67ea</load_address>
         <run_address>0x67ea</run_address>
         <size>0x3e</size>
         <input_file_ref idref="fl-8"/>
      </object_component>
      <object_component id="oc-4bf">
         <name>.text:__TI_writemsg</name>
         <load_address>0x6828</load_address>
         <run_address>0x6828</run_address>
         <size>0x38</size>
         <input_file_ref idref="fl-112"/>
      </object_component>
      <object_component id="oc-f2">
         <name>.text</name>
         <load_address>0x6860</load_address>
         <run_address>0x6860</run_address>
         <size>0x38</size>
         <input_file_ref idref="fl-e9"/>
      </object_component>
      <object_component id="oc-508">
         <name>.text:strncpy</name>
         <load_address>0x6898</load_address>
         <run_address>0x6898</run_address>
         <size>0x36</size>
         <input_file_ref idref="fl-119"/>
      </object_component>
      <object_component id="oc-429">
         <name>.text:__TI_cleanup</name>
         <load_address>0x68d0</load_address>
         <run_address>0x68d0</run_address>
         <size>0x34</size>
         <input_file_ref idref="fl-104"/>
      </object_component>
      <object_component id="oc-4c5">
         <name>.text:__TI_readmsg</name>
         <load_address>0x6904</load_address>
         <run_address>0x6904</run_address>
         <size>0x34</size>
         <input_file_ref idref="fl-112"/>
      </object_component>
      <object_component id="oc-58">
         <name>.text:_c_int00_noargs:_c_int00_noargs</name>
         <load_address>0x6938</load_address>
         <run_address>0x6938</run_address>
         <size>0x34</size>
         <input_file_ref idref="fl-100"/>
      </object_component>
      <object_component id="oc-50e">
         <name>.text:finddevice</name>
         <load_address>0x696c</load_address>
         <run_address>0x696c</run_address>
         <size>0x30</size>
         <input_file_ref idref="fl-116"/>
      </object_component>
      <object_component id="oc-1f8">
         <name>.text</name>
         <load_address>0x699c</load_address>
         <run_address>0x699c</run_address>
         <size>0x2e</size>
         <input_file_ref idref="fl-ea"/>
      </object_component>
      <object_component id="oc-4b4">
         <name>.text:unlink</name>
         <load_address>0x69cc</load_address>
         <run_address>0x69cc</run_address>
         <size>0x2c</size>
         <input_file_ref idref="fl-11c"/>
      </object_component>
      <object_component id="oc-458">
         <name>.text:free_list_insert</name>
         <load_address>0x69f8</load_address>
         <run_address>0x69f8</run_address>
         <size>0x28</size>
         <input_file_ref idref="fl-fa"/>
      </object_component>
      <object_component id="oc-415">
         <name>.text:lseek</name>
         <load_address>0x6a20</load_address>
         <run_address>0x6a20</run_address>
         <size>0x28</size>
         <input_file_ref idref="fl-114"/>
      </object_component>
      <object_component id="oc-3a7">
         <name>.text:write</name>
         <load_address>0x6a48</load_address>
         <run_address>0x6a48</run_address>
         <size>0x28</size>
         <input_file_ref idref="fl-fd"/>
      </object_component>
      <object_component id="oc-39b">
         <name>.text:memchr</name>
         <load_address>0x6a70</load_address>
         <run_address>0x6a70</run_address>
         <size>0x20</size>
         <input_file_ref idref="fl-f9"/>
      </object_component>
      <object_component id="oc-e3">
         <name>.text</name>
         <load_address>0x6a90</load_address>
         <run_address>0x6a90</run_address>
         <size>0x20</size>
         <input_file_ref idref="fl-ec"/>
      </object_component>
      <object_component id="oc-46">
         <name>.text:decompress:ZI:__TI_zero_init_nomemset:__TI_zero_init_nomemset</name>
         <load_address>0x6ab0</load_address>
         <run_address>0x6ab0</run_address>
         <size>0x1c</size>
         <input_file_ref idref="fl-ef"/>
      </object_component>
      <object_component id="oc-452">
         <name>.text:free_list_remove</name>
         <load_address>0x6acc</load_address>
         <run_address>0x6acc</run_address>
         <size>0x1c</size>
         <input_file_ref idref="fl-fa"/>
      </object_component>
      <object_component id="oc-2bc">
         <name>.text:memccpy</name>
         <load_address>0x6ae8</load_address>
         <run_address>0x6ae8</run_address>
         <size>0x1c</size>
         <input_file_ref idref="fl-f8"/>
      </object_component>
      <object_component id="oc-305">
         <name>.text:copysign</name>
         <load_address>0x6b04</load_address>
         <run_address>0x6b04</run_address>
         <size>0x1a</size>
         <input_file_ref idref="fl-db"/>
      </object_component>
      <object_component id="oc-218">
         <name>.text:_outs</name>
         <load_address>0x6b1e</load_address>
         <run_address>0x6b1e</run_address>
         <size>0x18</size>
         <input_file_ref idref="fl-de"/>
      </object_component>
      <object_component id="oc-525">
         <name>.text:strcmp</name>
         <load_address>0x6b36</load_address>
         <run_address>0x6b36</run_address>
         <size>0x18</size>
         <input_file_ref idref="fl-117"/>
      </object_component>
      <object_component id="oc-36f">
         <name>.text:strchr</name>
         <load_address>0x6b4e</load_address>
         <run_address>0x6b4e</run_address>
         <size>0x16</size>
         <input_file_ref idref="fl-fb"/>
      </object_component>
      <object_component id="oc-4d9">
         <name>.text:strcpy</name>
         <load_address>0x6b64</load_address>
         <run_address>0x6b64</run_address>
         <size>0x14</size>
         <input_file_ref idref="fl-118"/>
      </object_component>
      <object_component id="oc-292">
         <name>.text:strlen</name>
         <load_address>0x6b78</load_address>
         <run_address>0x6b78</run_address>
         <size>0x14</size>
         <input_file_ref idref="fl-fc"/>
      </object_component>
      <object_component id="oc-2c2">
         <name>.text:wcslen</name>
         <load_address>0x6b8c</load_address>
         <run_address>0x6b8c</run_address>
         <size>0x12</size>
         <input_file_ref idref="fl-102"/>
      </object_component>
      <object_component id="oc-1d">
         <name>.text:decompress:none:__TI_decompress_none</name>
         <load_address>0x6b9e</load_address>
         <run_address>0x6b9e</run_address>
         <size>0xe</size>
         <input_file_ref idref="fl-f0"/>
      </object_component>
      <object_component id="oc-6a">
         <name>.text</name>
         <load_address>0x6bac</load_address>
         <run_address>0x6bac</run_address>
         <size>0xe</size>
         <input_file_ref idref="fl-3"/>
      </object_component>
      <object_component id="oc-21e">
         <name>.text:_outc</name>
         <load_address>0x6bba</load_address>
         <run_address>0x6bba</run_address>
         <size>0xa</size>
         <input_file_ref idref="fl-de"/>
      </object_component>
      <object_component id="oc-1f2">
         <name>.text:__aeabi_errno_addr</name>
         <load_address>0x6bc4</load_address>
         <run_address>0x6bc4</run_address>
         <size>0x8</size>
         <input_file_ref idref="fl-ff"/>
      </object_component>
      <object_component id="oc-423">
         <name>.text:malloc</name>
         <load_address>0x6bcc</load_address>
         <run_address>0x6bcc</run_address>
         <size>0x8</size>
         <input_file_ref idref="fl-fa"/>
      </object_component>
      <object_component id="oc-1d1">
         <name>.text:_outc</name>
         <load_address>0x6bd4</load_address>
         <run_address>0x6bd4</run_address>
         <size>0x4</size>
         <input_file_ref idref="fl-dc"/>
      </object_component>
      <object_component id="oc-1cb">
         <name>.text:_outs</name>
         <load_address>0x6bd8</load_address>
         <run_address>0x6bd8</run_address>
         <size>0x4</size>
         <input_file_ref idref="fl-dc"/>
      </object_component>
      <object_component id="oc-9a">
         <name>.text:_system_pre_init</name>
         <load_address>0x6bdc</load_address>
         <run_address>0x6bdc</run_address>
         <size>0x4</size>
         <input_file_ref idref="fl-108"/>
      </object_component>
      <object_component id="oc-13d">
         <name>.text:abort:abort</name>
         <load_address>0x6be0</load_address>
         <run_address>0x6be0</run_address>
         <size>0x4</size>
         <input_file_ref idref="fl-f2"/>
      </object_component>
      <object_component id="oc-338">
         <name>.const:.string:_ctypes_</name>
         <load_address>0x6be8</load_address>
         <run_address>0x6be8</run_address>
         <size>0x101</size>
         <input_file_ref idref="fl-f6"/>
      </object_component>
      <object_component id="oc-1b3">
         <name>.const:_ctlRegs</name>
         <load_address>0x6cec</load_address>
         <run_address>0x6cec</run_address>
         <size>0x80</size>
         <input_file_ref idref="fl-5"/>
      </object_component>
      <object_component id="oc-198">
         <name>.const:g_pulRegs</name>
         <load_address>0x6d6c</load_address>
         <run_address>0x6d6c</run_address>
         <size>0x50</size>
         <input_file_ref idref="fl-10"/>
      </object_component>
      <object_component id="oc-1fd">
         <name>.const:$O1$$</name>
         <load_address>0x6dc0</load_address>
         <run_address>0x6dc0</run_address>
         <size>0x30</size>
         <input_file_ref idref="fl-d8"/>
      </object_component>
      <object_component id="oc-106">
         <name>.const:UART_init</name>
         <load_address>0x6df0</load_address>
         <run_address>0x6df0</run_address>
         <size>0x24</size>
         <input_file_ref idref="fl-2"/>
      </object_component>
      <object_component id="oc-195">
         <name>.const:g_pulPriority</name>
         <load_address>0x6e14</load_address>
         <run_address>0x6e14</run_address>
         <size>0x20</size>
         <input_file_ref idref="fl-10"/>
      </object_component>
      <object_component id="oc-182">
         <name>.const:GPIO_PORT_TO_INT</name>
         <load_address>0x6e34</load_address>
         <run_address>0x6e34</run_address>
         <size>0x1c</size>
         <input_file_ref idref="fl-e"/>
      </object_component>
      <object_component id="oc-109">
         <name>.const:upConfig_1</name>
         <load_address>0x6e50</load_address>
         <run_address>0x6e50</run_address>
         <size>0x18</size>
         <input_file_ref idref="fl-2"/>
      </object_component>
      <object_component id="oc-19e">
         <name>.const:g_pulDisRegs</name>
         <load_address>0x6e68</load_address>
         <run_address>0x6e68</run_address>
         <size>0x8</size>
         <input_file_ref idref="fl-10"/>
      </object_component>
      <object_component id="oc-19b">
         <name>.const:g_pulEnRegs</name>
         <load_address>0x6e70</load_address>
         <run_address>0x6e70</run_address>
         <size>0x8</size>
         <input_file_ref idref="fl-10"/>
      </object_component>
      <object_component id="oc-1a1">
         <name>.const:g_pulPendRegs</name>
         <load_address>0x6e78</load_address>
         <run_address>0x6e78</run_address>
         <size>0x8</size>
         <input_file_ref idref="fl-10"/>
      </object_component>
      <object_component id="oc-1a4">
         <name>.const:g_pulUnpendRegs</name>
         <load_address>0x6e80</load_address>
         <run_address>0x6e80</run_address>
         <size>0x8</size>
         <input_file_ref idref="fl-10"/>
      </object_component>
      <object_component id="oc-566">
         <name>.cinit..data.load</name>
         <load_address>0x6e88</load_address>
         <run_address>0x6e88</run_address>
         <size>0x91</size>
      </object_component>
      <object_component id="oc-563">
         <name>__TI_handler_table</name>
         <load_address>0x6f1c</load_address>
         <run_address>0x6f1c</run_address>
         <size>0xc</size>
      </object_component>
      <object_component id="oc-567">
         <name>.cinit..bss.load</name>
         <load_address>0x6f28</load_address>
         <run_address>0x6f28</run_address>
         <size>0x8</size>
      </object_component>
      <object_component id="oc-565">
         <name>.cinit..vtable.load</name>
         <load_address>0x6f30</load_address>
         <run_address>0x6f30</run_address>
         <size>0x8</size>
      </object_component>
      <object_component id="oc-564">
         <name>__TI_cinit_table</name>
         <load_address>0x6f38</load_address>
         <run_address>0x6f38</run_address>
         <size>0x18</size>
      </object_component>
      <object_component id="oc-537">
         <name>.binit</name>
         <load_address>0x0</load_address>
         <run_address>0x0</run_address>
         <size>0x0</size>
      </object_component>
      <object_component id="oc-192">
         <name>.vtable</name>
         <uninitialized>true</uninitialized>
         <run_address>0x20000000</run_address>
         <size>0xe4</size>
         <input_file_ref idref="fl-10"/>
      </object_component>
      <object_component id="oc-103">
         <name>.data</name>
         <load_address>0x200006ec</load_address>
         <run_address>0x200006ec</run_address>
         <size>0xa</size>
         <input_file_ref idref="fl-2"/>
      </object_component>
      <object_component id="oc-17b">
         <name>.data</name>
         <load_address>0x2000070c</load_address>
         <run_address>0x2000070c</run_address>
         <size>0x4</size>
         <input_file_ref idref="fl-4"/>
      </object_component>
      <object_component id="oc-17f">
         <name>.data:GPIO_PORT_TO_BASE</name>
         <load_address>0x200006a0</load_address>
         <run_address>0x200006a0</run_address>
         <size>0x30</size>
         <input_file_ref idref="fl-e"/>
      </object_component>
      <object_component id="oc-248">
         <name>.data:$O1$$</name>
         <load_address>0x200006e0</load_address>
         <run_address>0x200006e0</run_address>
         <size>0xc</size>
         <input_file_ref idref="fl-f2"/>
      </object_component>
      <object_component id="oc-1c5">
         <name>.data:$O1$$</name>
         <load_address>0x200006f8</load_address>
         <run_address>0x200006f8</run_address>
         <size>0x8</size>
         <input_file_ref idref="fl-f3"/>
      </object_component>
      <object_component id="oc-1c8">
         <name>.data:_ftable</name>
         <load_address>0x200004e8</load_address>
         <run_address>0x200004e8</run_address>
         <size>0xf0</size>
         <input_file_ref idref="fl-f7"/>
      </object_component>
      <object_component id="oc-46c">
         <name>.data</name>
         <load_address>0x200006d0</load_address>
         <run_address>0x200006d0</run_address>
         <size>0x10</size>
         <input_file_ref idref="fl-f7"/>
      </object_component>
      <object_component id="oc-4a2">
         <name>.data:$O1$$</name>
         <load_address>0x20000700</load_address>
         <run_address>0x20000700</run_address>
         <size>0x8</size>
         <input_file_ref idref="fl-fa"/>
      </object_component>
      <object_component id="oc-43c">
         <name>.data:_device</name>
         <load_address>0x200005d8</load_address>
         <run_address>0x200005d8</run_address>
         <size>0x78</size>
         <input_file_ref idref="fl-fe"/>
      </object_component>
      <object_component id="oc-403">
         <name>.data:_stream</name>
         <load_address>0x20000650</load_address>
         <run_address>0x20000650</run_address>
         <size>0x50</size>
         <input_file_ref idref="fl-fe"/>
      </object_component>
      <object_component id="oc-2fb">
         <name>.data</name>
         <load_address>0x20000708</load_address>
         <run_address>0x20000708</run_address>
         <size>0x4</size>
         <input_file_ref idref="fl-ff"/>
      </object_component>
      <object_component id="oc-1b8">
         <name>.bss</name>
         <uninitialized>true</uninitialized>
         <run_address>0x200008d0</run_address>
         <size>0x8</size>
         <input_file_ref idref="fl-a"/>
      </object_component>
      <object_component id="oc-4f0">
         <name>.bss:_CIOBUF_</name>
         <uninitialized>true</uninitialized>
         <run_address>0x20000710</run_address>
         <size>0x120</size>
         <input_file_ref idref="fl-112"/>
      </object_component>
      <object_component id="oc-10c">
         <name>.common:distance_var</name>
         <uninitialized>true</uninitialized>
         <run_address>0x200008e0</run_address>
         <size>0x4</size>
      </object_component>
      <object_component id="oc-4ba">
         <name>.common:__TI_tmpnams</name>
         <uninitialized>true</uninitialized>
         <run_address>0x20000830</run_address>
         <size>0xa0</size>
      </object_component>
      <object_component id="oc-4cb">
         <name>.common:parmbuf</name>
         <uninitialized>true</uninitialized>
         <run_address>0x200008d8</run_address>
         <size>0x8</size>
      </object_component>
      <object_component id="oc-29">
         <name>.sysmem</name>
         <uninitialized>true</uninitialized>
         <run_address>0x200000e8</run_address>
         <size>0x10</size>
         <input_file_ref idref="fl-fa"/>
      </object_component>
      <object_component id="oc-56a">
         <name>.sysmem</name>
         <uninitialized>true</uninitialized>
         <run_address>0x200000e8</run_address>
         <size>0x0</size>
      </object_component>
      <object_component id="oc-2c">
         <name>.stack</name>
         <uninitialized>true</uninitialized>
         <run_address>0x2000fe00</run_address>
         <size>0x4</size>
         <input_file_ref idref="fl-100"/>
      </object_component>
      <object_component id="oc-569">
         <name>.stack</name>
         <uninitialized>true</uninitialized>
         <run_address>0x2000fe00</run_address>
         <size>0x0</size>
      </object_component>
      <object_component id="oc-10d">
         <name>.debug_info</name>
         <load_address>0x0</load_address>
         <run_address>0x0</run_address>
         <size>0xe42</size>
         <input_file_ref idref="fl-2"/>
      </object_component>
      <object_component id="oc-104">
         <name>.debug_info</name>
         <load_address>0xe42</load_address>
         <run_address>0xe42</run_address>
         <size>0x130</size>
         <input_file_ref idref="fl-2"/>
      </object_component>
      <object_component id="oc-107">
         <name>.debug_info</name>
         <load_address>0xf72</load_address>
         <run_address>0xf72</run_address>
         <size>0xcf</size>
         <input_file_ref idref="fl-2"/>
      </object_component>
      <object_component id="oc-10a">
         <name>.debug_info</name>
         <load_address>0x1041</load_address>
         <run_address>0x1041</run_address>
         <size>0xd1</size>
         <input_file_ref idref="fl-2"/>
      </object_component>
      <object_component id="oc-73">
         <name>.debug_info</name>
         <load_address>0x1112</load_address>
         <run_address>0x1112</run_address>
         <size>0x9ca</size>
         <input_file_ref idref="fl-2"/>
      </object_component>
      <object_component id="oc-22e">
         <name>.debug_info</name>
         <load_address>0x1adc</load_address>
         <run_address>0x1adc</run_address>
         <size>0x37e2</size>
         <input_file_ref idref="fl-2"/>
      </object_component>
      <object_component id="oc-11c">
         <name>.debug_info</name>
         <load_address>0x52be</load_address>
         <run_address>0x52be</run_address>
         <size>0x26b</size>
         <input_file_ref idref="fl-2"/>
      </object_component>
      <object_component id="oc-233">
         <name>.debug_info</name>
         <load_address>0x5529</load_address>
         <run_address>0x5529</run_address>
         <size>0x1055</size>
         <input_file_ref idref="fl-2"/>
      </object_component>
      <object_component id="oc-28b">
         <name>.debug_info</name>
         <load_address>0x657e</load_address>
         <run_address>0x657e</run_address>
         <size>0x1b5</size>
         <input_file_ref idref="fl-2"/>
      </object_component>
      <object_component id="oc-238">
         <name>.debug_info</name>
         <load_address>0x6733</load_address>
         <run_address>0x6733</run_address>
         <size>0x341</size>
         <input_file_ref idref="fl-2"/>
      </object_component>
      <object_component id="oc-110">
         <name>.debug_info</name>
         <load_address>0x6a74</load_address>
         <run_address>0x6a74</run_address>
         <size>0x8b</size>
         <input_file_ref idref="fl-2"/>
      </object_component>
      <object_component id="oc-242">
         <name>.debug_info</name>
         <load_address>0x6aff</load_address>
         <run_address>0x6aff</run_address>
         <size>0x2a4</size>
         <input_file_ref idref="fl-2"/>
      </object_component>
      <object_component id="oc-186">
         <name>.debug_info</name>
         <load_address>0x6da3</load_address>
         <run_address>0x6da3</run_address>
         <size>0xef</size>
         <input_file_ref idref="fl-2"/>
      </object_component>
      <object_component id="oc-115">
         <name>.debug_info</name>
         <load_address>0x6e92</load_address>
         <run_address>0x6e92</run_address>
         <size>0xbb</size>
         <input_file_ref idref="fl-2"/>
      </object_component>
      <object_component id="oc-1d9">
         <name>.debug_info</name>
         <load_address>0x6f4d</load_address>
         <run_address>0x6f4d</run_address>
         <size>0x2c</size>
         <input_file_ref idref="fl-2"/>
      </object_component>
      <object_component id="oc-23d">
         <name>.debug_info</name>
         <load_address>0x6f79</load_address>
         <run_address>0x6f79</run_address>
         <size>0xee</size>
         <input_file_ref idref="fl-2"/>
      </object_component>
      <object_component id="oc-78">
         <name>.debug_info</name>
         <load_address>0x7067</load_address>
         <run_address>0x7067</run_address>
         <size>0x2c4</size>
         <input_file_ref idref="fl-3"/>
      </object_component>
      <object_component id="oc-27">
         <name>.debug_info</name>
         <load_address>0x732b</load_address>
         <run_address>0x732b</run_address>
         <size>0xf0</size>
         <input_file_ref idref="fl-3"/>
      </object_component>
      <object_component id="oc-6b">
         <name>.debug_info</name>
         <load_address>0x741b</load_address>
         <run_address>0x741b</run_address>
         <size>0x1b7</size>
         <input_file_ref idref="fl-3"/>
      </object_component>
      <object_component id="oc-35">
         <name>.debug_info</name>
         <load_address>0x75d2</load_address>
         <run_address>0x75d2</run_address>
         <size>0x84</size>
         <input_file_ref idref="fl-3"/>
      </object_component>
      <object_component id="oc-17c">
         <name>.debug_info</name>
         <load_address>0x7656</load_address>
         <run_address>0x7656</run_address>
         <size>0xe9</size>
         <input_file_ref idref="fl-4"/>
      </object_component>
      <object_component id="oc-ae">
         <name>.debug_info</name>
         <load_address>0x773f</load_address>
         <run_address>0x773f</run_address>
         <size>0x25b</size>
         <input_file_ref idref="fl-4"/>
      </object_component>
      <object_component id="oc-1b7">
         <name>.debug_info</name>
         <load_address>0x799a</load_address>
         <run_address>0x799a</run_address>
         <size>0x68c</size>
         <input_file_ref idref="fl-5"/>
      </object_component>
      <object_component id="oc-1b4">
         <name>.debug_info</name>
         <load_address>0x8026</load_address>
         <run_address>0x8026</run_address>
         <size>0xe2</size>
         <input_file_ref idref="fl-5"/>
      </object_component>
      <object_component id="oc-cc">
         <name>.debug_info</name>
         <load_address>0x8108</load_address>
         <run_address>0x8108</run_address>
         <size>0x22f3</size>
         <input_file_ref idref="fl-5"/>
      </object_component>
      <object_component id="oc-18e">
         <name>.debug_info</name>
         <load_address>0xa3fb</load_address>
         <run_address>0xa3fb</run_address>
         <size>0x3bf</size>
         <input_file_ref idref="fl-8"/>
      </object_component>
      <object_component id="oc-1bc">
         <name>.debug_info</name>
         <load_address>0xa7ba</load_address>
         <run_address>0xa7ba</run_address>
         <size>0x77e</size>
         <input_file_ref idref="fl-a"/>
      </object_component>
      <object_component id="oc-1b9">
         <name>.debug_info</name>
         <load_address>0xaf38</load_address>
         <run_address>0xaf38</run_address>
         <size>0xff</size>
         <input_file_ref idref="fl-a"/>
      </object_component>
      <object_component id="oc-d2">
         <name>.debug_info</name>
         <load_address>0xb037</load_address>
         <run_address>0xb037</run_address>
         <size>0x22d9</size>
         <input_file_ref idref="fl-a"/>
      </object_component>
      <object_component id="oc-18b">
         <name>.debug_info</name>
         <load_address>0xd310</load_address>
         <run_address>0xd310</run_address>
         <size>0x687</size>
         <input_file_ref idref="fl-e"/>
      </object_component>
      <object_component id="oc-183">
         <name>.debug_info</name>
         <load_address>0xd997</load_address>
         <run_address>0xd997</run_address>
         <size>0xf1</size>
         <input_file_ref idref="fl-e"/>
      </object_component>
      <object_component id="oc-180">
         <name>.debug_info</name>
         <load_address>0xda88</load_address>
         <run_address>0xda88</run_address>
         <size>0xf3</size>
         <input_file_ref idref="fl-e"/>
      </object_component>
      <object_component id="oc-b7">
         <name>.debug_info</name>
         <load_address>0xdb7b</load_address>
         <run_address>0xdb7b</run_address>
         <size>0x19f4</size>
         <input_file_ref idref="fl-e"/>
      </object_component>
      <object_component id="oc-1a8">
         <name>.debug_info</name>
         <load_address>0xf56f</load_address>
         <run_address>0xf56f</run_address>
         <size>0x615</size>
         <input_file_ref idref="fl-10"/>
      </object_component>
      <object_component id="oc-196">
         <name>.debug_info</name>
         <load_address>0xfb84</load_address>
         <run_address>0xfb84</run_address>
         <size>0xf0</size>
         <input_file_ref idref="fl-10"/>
      </object_component>
      <object_component id="oc-199">
         <name>.debug_info</name>
         <load_address>0xfc74</load_address>
         <run_address>0xfc74</run_address>
         <size>0xe8</size>
         <input_file_ref idref="fl-10"/>
      </object_component>
      <object_component id="oc-19c">
         <name>.debug_info</name>
         <load_address>0xfd5c</load_address>
         <run_address>0xfd5c</run_address>
         <size>0xec</size>
         <input_file_ref idref="fl-10"/>
      </object_component>
      <object_component id="oc-19f">
         <name>.debug_info</name>
         <load_address>0xfe48</load_address>
         <run_address>0xfe48</run_address>
         <size>0xee</size>
         <input_file_ref idref="fl-10"/>
      </object_component>
      <object_component id="oc-1a2">
         <name>.debug_info</name>
         <load_address>0xff36</load_address>
         <run_address>0xff36</run_address>
         <size>0xf0</size>
         <input_file_ref idref="fl-10"/>
      </object_component>
      <object_component id="oc-1a5">
         <name>.debug_info</name>
         <load_address>0x10026</load_address>
         <run_address>0x10026</run_address>
         <size>0xf4</size>
         <input_file_ref idref="fl-10"/>
      </object_component>
      <object_component id="oc-193">
         <name>.debug_info</name>
         <load_address>0x1011a</load_address>
         <run_address>0x1011a</run_address>
         <size>0xf5</size>
         <input_file_ref idref="fl-10"/>
      </object_component>
      <object_component id="oc-ba">
         <name>.debug_info</name>
         <load_address>0x1020f</load_address>
         <run_address>0x1020f</run_address>
         <size>0x1198</size>
         <input_file_ref idref="fl-10"/>
      </object_component>
      <object_component id="oc-27e">
         <name>.debug_info</name>
         <load_address>0x113a7</load_address>
         <run_address>0x113a7</run_address>
         <size>0x54d</size>
         <input_file_ref idref="fl-19"/>
      </object_component>
      <object_component id="oc-1ab">
         <name>.debug_info</name>
         <load_address>0x118f4</load_address>
         <run_address>0x118f4</run_address>
         <size>0xe97</size>
         <input_file_ref idref="fl-19"/>
      </object_component>
      <object_component id="oc-1be">
         <name>.debug_info</name>
         <load_address>0x1278b</load_address>
         <run_address>0x1278b</run_address>
         <size>0x6ab</size>
         <input_file_ref idref="fl-1c"/>
      </object_component>
      <object_component id="oc-d9">
         <name>.debug_info</name>
         <load_address>0x12e36</load_address>
         <run_address>0x12e36</run_address>
         <size>0x249d</size>
         <input_file_ref idref="fl-1c"/>
      </object_component>
      <object_component id="oc-1b2">
         <name>.debug_info</name>
         <load_address>0x152d3</load_address>
         <run_address>0x152d3</run_address>
         <size>0x671</size>
         <input_file_ref idref="fl-1d"/>
      </object_component>
      <object_component id="oc-c6">
         <name>.debug_info</name>
         <load_address>0x15944</load_address>
         <run_address>0x15944</run_address>
         <size>0x1616</size>
         <input_file_ref idref="fl-1d"/>
      </object_component>
      <object_component id="oc-1b0">
         <name>.debug_info</name>
         <load_address>0x16f5a</load_address>
         <run_address>0x16f5a</run_address>
         <size>0x715</size>
         <input_file_ref idref="fl-1e"/>
      </object_component>
      <object_component id="oc-c0">
         <name>.debug_info</name>
         <load_address>0x1766f</load_address>
         <run_address>0x1766f</run_address>
         <size>0x8a7</size>
         <input_file_ref idref="fl-1e"/>
      </object_component>
      <object_component id="oc-216">
         <name>.debug_info</name>
         <load_address>0x17f16</load_address>
         <run_address>0x17f16</run_address>
         <size>0x35e</size>
         <input_file_ref idref="fl-d8"/>
      </object_component>
      <object_component id="oc-1fe">
         <name>.debug_info</name>
         <load_address>0x18274</load_address>
         <run_address>0x18274</run_address>
         <size>0x128</size>
         <input_file_ref idref="fl-d8"/>
      </object_component>
      <object_component id="oc-f9">
         <name>.debug_info</name>
         <load_address>0x1839c</load_address>
         <run_address>0x1839c</run_address>
         <size>0xbf2</size>
         <input_file_ref idref="fl-d8"/>
      </object_component>
      <object_component id="oc-312">
         <name>.debug_info</name>
         <load_address>0x18f8e</load_address>
         <run_address>0x18f8e</run_address>
         <size>0x46</size>
         <input_file_ref idref="fl-d8"/>
      </object_component>
      <object_component id="oc-211">
         <name>.debug_info</name>
         <load_address>0x18fd4</load_address>
         <run_address>0x18fd4</run_address>
         <size>0x39</size>
         <input_file_ref idref="fl-d8"/>
      </object_component>
      <object_component id="oc-2fa">
         <name>.debug_info</name>
         <load_address>0x1900d</load_address>
         <run_address>0x1900d</run_address>
         <size>0x2c5</size>
         <input_file_ref idref="fl-d9"/>
      </object_component>
      <object_component id="oc-1f0">
         <name>.debug_info</name>
         <load_address>0x192d2</load_address>
         <run_address>0x192d2</run_address>
         <size>0x24e</size>
         <input_file_ref idref="fl-d9"/>
      </object_component>
      <object_component id="oc-30c">
         <name>.debug_info</name>
         <load_address>0x19520</load_address>
         <run_address>0x19520</run_address>
         <size>0x2f8</size>
         <input_file_ref idref="fl-da"/>
      </object_component>
      <object_component id="oc-20e">
         <name>.debug_info</name>
         <load_address>0x19818</load_address>
         <run_address>0x19818</run_address>
         <size>0x225</size>
         <input_file_ref idref="fl-da"/>
      </object_component>
      <object_component id="oc-3ba">
         <name>.debug_info</name>
         <load_address>0x19a3d</load_address>
         <run_address>0x19a3d</run_address>
         <size>0x39</size>
         <input_file_ref idref="fl-da"/>
      </object_component>
      <object_component id="oc-30d">
         <name>.debug_info</name>
         <load_address>0x19a76</load_address>
         <run_address>0x19a76</run_address>
         <size>0x2c</size>
         <input_file_ref idref="fl-da"/>
      </object_component>
      <object_component id="oc-309">
         <name>.debug_info</name>
         <load_address>0x19aa2</load_address>
         <run_address>0x19aa2</run_address>
         <size>0x161</size>
         <input_file_ref idref="fl-db"/>
      </object_component>
      <object_component id="oc-1d8">
         <name>.debug_info</name>
         <load_address>0x19c03</load_address>
         <run_address>0x19c03</run_address>
         <size>0x3e5</size>
         <input_file_ref idref="fl-dc"/>
      </object_component>
      <object_component id="oc-1d5">
         <name>.debug_info</name>
         <load_address>0x19fe8</load_address>
         <run_address>0x19fe8</run_address>
         <size>0x157</size>
         <input_file_ref idref="fl-dc"/>
      </object_component>
      <object_component id="oc-1cd">
         <name>.debug_info</name>
         <load_address>0x1a13f</load_address>
         <run_address>0x1a13f</run_address>
         <size>0x166</size>
         <input_file_ref idref="fl-dc"/>
      </object_component>
      <object_component id="oc-e0">
         <name>.debug_info</name>
         <load_address>0x1a2a5</load_address>
         <run_address>0x1a2a5</run_address>
         <size>0x1ac</size>
         <input_file_ref idref="fl-dc"/>
      </object_component>
      <object_component id="oc-2f2">
         <name>.debug_info</name>
         <load_address>0x1a451</load_address>
         <run_address>0x1a451</run_address>
         <size>0xb2</size>
         <input_file_ref idref="fl-dc"/>
      </object_component>
      <object_component id="oc-2c9">
         <name>.debug_info</name>
         <load_address>0x1a503</load_address>
         <run_address>0x1a503</run_address>
         <size>0x590</size>
         <input_file_ref idref="fl-dd"/>
      </object_component>
      <object_component id="oc-29f">
         <name>.debug_info</name>
         <load_address>0x1aa93</load_address>
         <run_address>0x1aa93</run_address>
         <size>0x21e</size>
         <input_file_ref idref="fl-dd"/>
      </object_component>
      <object_component id="oc-34f">
         <name>.debug_info</name>
         <load_address>0x1acb1</load_address>
         <run_address>0x1acb1</run_address>
         <size>0x1b3</size>
         <input_file_ref idref="fl-dd"/>
      </object_component>
      <object_component id="oc-355">
         <name>.debug_info</name>
         <load_address>0x1ae64</load_address>
         <run_address>0x1ae64</run_address>
         <size>0x21b</size>
         <input_file_ref idref="fl-dd"/>
      </object_component>
      <object_component id="oc-2a5">
         <name>.debug_info</name>
         <load_address>0x1b07f</load_address>
         <run_address>0x1b07f</run_address>
         <size>0x3c0</size>
         <input_file_ref idref="fl-dd"/>
      </object_component>
      <object_component id="oc-35c">
         <name>.debug_info</name>
         <load_address>0x1b43f</load_address>
         <run_address>0x1b43f</run_address>
         <size>0x30a</size>
         <input_file_ref idref="fl-dd"/>
      </object_component>
      <object_component id="oc-362">
         <name>.debug_info</name>
         <load_address>0x1b749</load_address>
         <run_address>0x1b749</run_address>
         <size>0x215</size>
         <input_file_ref idref="fl-dd"/>
      </object_component>
      <object_component id="oc-2ab">
         <name>.debug_info</name>
         <load_address>0x1b95e</load_address>
         <run_address>0x1b95e</run_address>
         <size>0x215</size>
         <input_file_ref idref="fl-dd"/>
      </object_component>
      <object_component id="oc-2b1">
         <name>.debug_info</name>
         <load_address>0x1bb73</load_address>
         <run_address>0x1bb73</run_address>
         <size>0x304</size>
         <input_file_ref idref="fl-dd"/>
      </object_component>
      <object_component id="oc-2b7">
         <name>.debug_info</name>
         <load_address>0x1be77</load_address>
         <run_address>0x1be77</run_address>
         <size>0x4b5</size>
         <input_file_ref idref="fl-dd"/>
      </object_component>
      <object_component id="oc-1c0">
         <name>.debug_info</name>
         <load_address>0x1c32c</load_address>
         <run_address>0x1c32c</run_address>
         <size>0x5f4</size>
         <input_file_ref idref="fl-dd"/>
      </object_component>
      <object_component id="oc-2ca">
         <name>.debug_info</name>
         <load_address>0x1c920</load_address>
         <run_address>0x1c920</run_address>
         <size>0x86</size>
         <input_file_ref idref="fl-dd"/>
      </object_component>
      <object_component id="oc-386">
         <name>.debug_info</name>
         <load_address>0x1c9a6</load_address>
         <run_address>0x1c9a6</run_address>
         <size>0x39</size>
         <input_file_ref idref="fl-dd"/>
      </object_component>
      <object_component id="oc-3ec">
         <name>.debug_info</name>
         <load_address>0x1c9df</load_address>
         <run_address>0x1c9df</run_address>
         <size>0xb6</size>
         <input_file_ref idref="fl-dd"/>
      </object_component>
      <object_component id="oc-38b">
         <name>.debug_info</name>
         <load_address>0x1ca95</load_address>
         <run_address>0x1ca95</run_address>
         <size>0x46</size>
         <input_file_ref idref="fl-dd"/>
      </object_component>
      <object_component id="oc-2cf">
         <name>.debug_info</name>
         <load_address>0x1cadb</load_address>
         <run_address>0x1cadb</run_address>
         <size>0x46</size>
         <input_file_ref idref="fl-dd"/>
      </object_component>
      <object_component id="oc-381">
         <name>.debug_info</name>
         <load_address>0x1cb21</load_address>
         <run_address>0x1cb21</run_address>
         <size>0x2c</size>
         <input_file_ref idref="fl-dd"/>
      </object_component>
      <object_component id="oc-225">
[...]
      </symbol>
      <symbol id="sm-918">
         <name>__aeabi_cdcmple</name>
         <value>0x5cb5</value>
         <object_component_ref idref="oc-200"/>
      </symbol>
      <symbol id="sm-919">
         <name>__aeabi_cdrcmple</name>
         <value>0x5d3b</value>
         <object_component_ref idref="oc-205"/>
      </symbol>
      <symbol id="sm-92d">
         <name>__aeabi_ddiv</name>
         <value>0x5131</value>
         <object_component_ref idref="oc-1e7"/>
      </symbol>
      <symbol id="sm-938">
         <name>__aeabi_dmul</name>
         <value>0x56b1</value>
         <object_component_ref idref="oc-e8"/>
      </symbol>
      <symbol id="sm-942">
         <name>__aeabi_d2iz</name>
         <value>0x6615</value>
         <object_component_ref idref="oc-343"/>
      </symbol>
      <symbol id="sm-94e">
         <name>__aeabi_d2f</name>
         <value>0x5f8f</value>
         <object_component_ref idref="oc-ed"/>
      </symbol>
      <symbol id="sm-959">
         <name>__aeabi_f2d</name>
         <value>0x6861</value>
         <object_component_ref idref="oc-f2"/>
      </symbol>
      <symbol id="sm-963">
         <name>__aeabi_i2d</name>
         <value>0x699d</value>
         <object_component_ref idref="oc-1f8"/>
      </symbol>
      <symbol id="sm-97e">
         <name>memcpy</name>
         <value>0x5af7</value>
         <object_component_ref idref="oc-3a"/>
      </symbol>
      <symbol id="sm-97f">
         <name>__aeabi_memcpy</name>
         <value>0x5af7</value>
         <object_component_ref idref="oc-3a"/>
      </symbol>
      <symbol id="sm-980">
         <name>__aeabi_memcpy8</name>
         <value>0x5af7</value>
         <object_component_ref idref="oc-3a"/>
      </symbol>
      <symbol id="sm-981">
         <name>__aeabi_memcpy4</name>
         <value>0x5af7</value>
         <object_component_ref idref="oc-3a"/>
      </symbol>
      <symbol id="sm-98b">
         <name>__aeabi_ui2d</name>
         <value>0x6a91</value>
         <object_component_ref idref="oc-e3"/>
      </symbol>
      <symbol id="sm-99a">
         <name>__aeabi_memset</name>
         <value>0x5dc3</value>
         <object_component_ref idref="oc-94"/>
      </symbol>
      <symbol id="sm-99b">
         <name>memset</name>
         <value>0x5dc9</value>
         <object_component_ref idref="oc-94"/>
      </symbol>
      <symbol id="sm-99c">
         <name>__aeabi_memset8</name>
         <value>0x5dc3</value>
         <object_component_ref idref="oc-94"/>
      </symbol>
      <symbol id="sm-99d">
         <name>__aeabi_memset4</name>
         <value>0x5dc3</value>
         <object_component_ref idref="oc-94"/>
      </symbol>
      <symbol id="sm-99e">
         <name>__aeabi_memclr8</name>
         <value>0x5dc1</value>
         <object_component_ref idref="oc-94"/>
      </symbol>
      <symbol id="sm-99f">
         <name>__aeabi_memclr4</name>
         <value>0x5dc1</value>
         <object_component_ref idref="oc-94"/>
      </symbol>
      <symbol id="sm-9a0">
         <name>__aeabi_memclr</name>
         <value>0x5dc1</value>
         <object_component_ref idref="oc-94"/>
      </symbol>
      <symbol id="sm-9ad">
         <name>__aeabi_uldivmod</name>
         <value>0x5b93</value>
         <object_component_ref idref="oc-33d"/>
      </symbol>
      <symbol id="sm-9c1">
         <name>__TI_zero_init_nomemset</name>
         <value>0x6ab1</value>
         <object_component_ref idref="oc-46"/>
      </symbol>
      <symbol id="sm-9d8">
         <name>__TI_decompress_none</name>
         <value>0x6b9f</value>
         <object_component_ref idref="oc-1d"/>
      </symbol>
      <symbol id="sm-9fb">
         <name>__TI_decompress_lzss</name>
         <value>0x60d1</value>
         <object_component_ref idref="oc-17"/>
      </symbol>
      <symbol id="sm-a21">
         <name>C$$EXIT</name>
         <value>0x6be1</value>
         <object_component_ref idref="oc-13d"/>
      </symbol>
      <symbol id="sm-a22">
         <name>abort</name>
         <value>0x6be1</value>
         <object_component_ref idref="oc-13d"/>
      </symbol>
      <symbol id="sm-a23">
         <name>__TI_dtors_ptr</name>
         <value>0x200006e4</value>
         <object_component_ref idref="oc-248"/>
      </symbol>
      <symbol id="sm-a24">
         <name>__TI_cleanup_ptr</name>
         <value>0x200006e0</value>
         <object_component_ref idref="oc-248"/>
      </symbol>
      <symbol id="sm-a25">
         <name>__TI_enable_exit_profile_output</name>
         <value>0x200006e8</value>
         <object_component_ref idref="oc-248"/>
      </symbol>
      <symbol id="sm-a26">
         <name>exit</name>
         <value>0x65cd</value>
         <object_component_ref idref="oc-143"/>
      </symbol>
      <symbol id="sm-a3b">
         <name>_nop</name>
         <value>0x18b3</value>
         <object_component_ref idref="oc-2d4"/>
      </symbol>
      <symbol id="sm-a3c">
         <name>_lock</name>
         <value>0x200006f8</value>
         <object_component_ref idref="oc-1c5"/>
      </symbol>
      <symbol id="sm-a3d">
         <name>_unlock</name>
         <value>0x200006fc</value>
         <object_component_ref idref="oc-1c5"/>
      </symbol>
      <symbol id="sm-a4c">
         <name>__TI_ltoa</name>
         <value>0x648f</value>
         <object_component_ref idref="oc-348"/>
      </symbol>
      <symbol id="sm-a62">
         <name>atoi</name>
         <value>0x6581</value>
         <object_component_ref idref="oc-298"/>
      </symbol>
      <symbol id="sm-a6d">
         <name>_ctypes_</name>
         <value>0x6be8</value>
         <object_component_ref idref="oc-338"/>
      </symbol>
      <symbol id="sm-a82">
         <name>__TI_tmpnams</name>
         <value>0x20000830</value>
      </symbol>
      <symbol id="sm-a83">
         <name>__aeabi_stdout</name>
         <value>0x200006d8</value>
         <object_component_ref idref="oc-46c"/>
      </symbol>
      <symbol id="sm-a84">
         <name>__aeabi_stderr</name>
         <value>0x200006dc</value>
         <object_component_ref idref="oc-46c"/>
      </symbol>
      <symbol id="sm-a85">
         <name>__aeabi_stdin</name>
         <value>0x200006d4</value>
         <object_component_ref idref="oc-46c"/>
      </symbol>
      <symbol id="sm-a86">
         <name>_ftable</name>
         <value>0x200004e8</value>
         <object_component_ref idref="oc-1c8"/>
      </symbol>
      <symbol id="sm-a87">
         <name>__TI_ft_end</name>
         <value>0x200006d0</value>
         <object_component_ref idref="oc-46c"/>
      </symbol>
      <symbol id="sm-a97">
         <name>memccpy</name>
         <value>0x6ae9</value>
         <object_component_ref idref="oc-2bc"/>
      </symbol>
      <symbol id="sm-aa7">
         <name>memchr</name>
         <value>0x6a71</value>
         <object_component_ref idref="oc-39b"/>
      </symbol>
      <symbol id="sm-b30">
         <name>_sys_memory</name>
         <value>0x200000e8</value>
         <object_component_ref idref="oc-29"/>
      </symbol>
      <symbol id="sm-b31">
         <name>free</name>
         <value>0x57ad</value>
         <object_component_ref idref="oc-41d"/>
      </symbol>
      <symbol id="sm-b32">
         <name>memalign</name>
         <value>0x55b1</value>
         <object_component_ref idref="oc-45f"/>
      </symbol>
      <symbol id="sm-b33">
         <name>malloc</name>
         <value>0x6bcd</value>
         <object_component_ref idref="oc-423"/>
      </symbol>
      <symbol id="sm-b34">
         <name>aligned_alloc</name>
         <value>0x55b1</value>
         <object_component_ref idref="oc-45f"/>
      </symbol>
      <symbol id="sm-b44">
         <name>strchr</name>
         <value>0x6b4f</value>
         <object_component_ref idref="oc-36f"/>
      </symbol>
      <symbol id="sm-b52">
         <name>strlen</name>
         <value>0x6b79</value>
         <object_component_ref idref="oc-292"/>
      </symbol>
      <symbol id="sm-b6c">
         <name>write</name>
         <value>0x6a49</value>
         <object_component_ref idref="oc-3a7"/>
      </symbol>
      <symbol id="sm-b7d">
         <name>_stream</name>
         <value>0x20000650</value>
         <object_component_ref idref="oc-403"/>
      </symbol>
      <symbol id="sm-b7e">
         <name>_device</name>
         <value>0x200005d8</value>
         <object_component_ref idref="oc-43c"/>
      </symbol>
      <symbol id="sm-b94">
         <name>__aeabi_errno_addr</name>
         <value>0x6bc5</value>
         <object_component_ref idref="oc-1f2"/>
      </symbol>
      <symbol id="sm-b95">
         <name>errno</name>
         <value>0x20000708</value>
         <object_component_ref idref="oc-2fb"/>
      </symbol>
      <symbol id="sm-ba8">
         <name>__stack</name>
         <value>0x2000fe00</value>
         <object_component_ref idref="oc-2c"/>
      </symbol>
      <symbol id="sm-ba9">
         <name>_c_int00_noargs</name>
         <value>0x6939</value>
         <object_component_ref idref="oc-58"/>
      </symbol>
      <symbol id="sm-bbf">
         <name>frexpl</name>
         <value>0x61a1</value>
         <object_component_ref idref="oc-369"/>
      </symbol>
      <symbol id="sm-bc0">
         <name>frexp</name>
         <value>0x61a1</value>
         <object_component_ref idref="oc-369"/>
      </symbol>
      <symbol id="sm-bd9">
         <name>wcslen</name>
         <value>0x6b8d</value>
         <object_component_ref idref="oc-2c2"/>
      </symbol>
      <symbol id="sm-be9">
         <name>__TI_doflush</name>
         <value>0x6535</value>
         <object_component_ref idref="oc-3a1"/>
      </symbol>
      <symbol id="sm-bf9">
         <name>__TI_cleanup</name>
         <value>0x68d1</value>
         <object_component_ref idref="oc-429"/>
      </symbol>
      <symbol id="sm-c0b">
         <name>fseek</name>
         <value>0x6205</value>
         <object_component_ref idref="oc-3f1"/>
      </symbol>
      <symbol id="sm-c15">
         <name>__aeabi_idiv0</name>
         <value>0x4e9b</value>
         <object_component_ref idref="oc-3d2"/>
      </symbol>
      <symbol id="sm-c16">
         <name>__aeabi_ldiv0</name>
         <value>0x4e9b</value>
         <object_component_ref idref="oc-3d2"/>
      </symbol>
      <symbol id="sm-c3e">
         <name>__TI_auto_init_nobinit_nopinit</name>
         <value>0x66e5</value>
         <object_component_ref idref="oc-149"/>
      </symbol>
      <symbol id="sm-c48">
         <name>_system_pre_init</name>
         <value>0x6bdd</value>
         <object_component_ref idref="oc-9a"/>
      </symbol>
      <symbol id="sm-c5b">
         <name>HOSTclose</name>
         <value>0x665d</value>
         <object_component_ref idref="oc-478"/>
      </symbol>
      <symbol id="sm-c6c">
         <name>HOSTlseek</name>
         <value>0x6069</value>
         <object_component_ref idref="oc-48a"/>
      </symbol>
      <symbol id="sm-c7e">
         <name>parmbuf</name>
         <value>0x200008d8</value>
      </symbol>
      <symbol id="sm-c7f">
         <name>HOSTopen</name>
         <value>0x62cd</value>
         <object_component_ref idref="oc-472"/>
      </symbol>
      <symbol id="sm-c90">
         <name>HOSTread</name>
         <value>0x6389</value>
         <object_component_ref idref="oc-47e"/>
      </symbol>
      <symbol id="sm-ca1">
         <name>HOSTrename</name>
         <value>0x5ffd</value>
         <object_component_ref idref="oc-496"/>
      </symbol>
      <symbol id="sm-cb2">
         <name>HOSTunlink</name>
         <value>0x66a1</value>
         <object_component_ref idref="oc-490"/>
      </symbol>
      <symbol id="sm-cc3">
         <name>HOSTwrite</name>
         <value>0x63e1</value>
         <object_component_ref idref="oc-484"/>
      </symbol>
      <symbol id="sm-ce7">
         <name>__TI_readmsg</name>
         <value>0x6905</value>
         <object_component_ref idref="oc-4c5"/>
      </symbol>
      <symbol id="sm-ce8">
         <name>C$$IO$$</name>
         <value>0x6857</value>
         <object_component_ref idref="oc-4bf"/>
      </symbol>
      <symbol id="sm-ce9">
         <name>__CIOBUF_</name>
         <value>0x20000710</value>
         <object_component_ref idref="oc-4f0"/>
      </symbol>
      <symbol id="sm-cea">
         <name>__TI_writemsg</name>
         <value>0x6829</value>
         <object_component_ref idref="oc-4bf"/>
      </symbol>
      <symbol id="sm-cfb">
         <name>lseek</name>
         <value>0x6a21</value>
         <object_component_ref idref="oc-415"/>
      </symbol>
      <symbol id="sm-d10">
         <name>__TI_closefile</name>
         <value>0x5e3d</value>
         <object_component_ref idref="oc-466"/>
      </symbol>
      <symbol id="sm-d33">
         <name>finddevice</name>
         <value>0x696d</value>
         <object_component_ref idref="oc-50e"/>
      </symbol>
      <symbol id="sm-d34">
         <name>getdevice</name>
         <value>0x6729</value>
         <object_component_ref idref="oc-4e6"/>
      </symbol>
      <symbol id="sm-d43">
         <name>strcmp</name>
         <value>0x6b37</value>
         <object_component_ref idref="oc-525"/>
      </symbol>
      <symbol id="sm-d51">
         <name>strcpy</name>
         <value>0x6b65</value>
         <object_component_ref idref="oc-4d9"/>
      </symbol>
      <symbol id="sm-d61">
         <name>strncpy</name>
         <value>0x6899</value>
         <object_component_ref idref="oc-508"/>
      </symbol>
      <symbol id="sm-d76">
         <name>close</name>
         <value>0x632d</value>
         <object_component_ref idref="oc-4ae"/>
      </symbol>
      <symbol id="sm-d86">
         <name>unlink</name>
         <value>0x69cd</value>
         <object_component_ref idref="oc-4b4"/>
      </symbol>
      <symbol id="sm-d87">
         <name>__TI_static_base__</name>
         <value>0x0</value>
      </symbol>
      <symbol id="sm-d8a">
         <name>__mpu_init</name>
         <value>0x0</value>
      </symbol>
      <symbol id="sm-d8b">
         <name>_system_post_cinit</name>
         <value>0x0</value>
      </symbol>
      <symbol id="sm-d8c">
         <name>NMI_Handler</name>
         <value>0x6bb9</value>
      </symbol>
      <symbol id="sm-d8d">
         <name>HardFault_Handler</name>
         <value>0x6bb9</value>
      </symbol>
      <symbol id="sm-d8e">
         <name>MemManage_Handler</name>
         <value>0x6bb9</value>
      </symbol>
      <symbol id="sm-d8f">
         <name>BusFault_Handler</name>
         <value>0x6bb9</value>
      </symbol>
      <symbol id="sm-d90">
         <name>UsageFault_Handler</name>
         <value>0x6bb9</value>
      </symbol>
      <symbol id="sm-d91">
         <name>SVC_Handler</name>
         <value>0x6bb9</value>
      </symbol>
      <symbol id="sm-d92">
         <name>DebugMon_Handler</name>
         <value>0x6bb9</value>
      </symbol>
      <symbol id="sm-d93">
         <name>PendSV_Handler</name>
         <value>0x6bb9</value>
      </symbol>
      <symbol id="sm-d94">
         <name>SysTick_Handler</name>
         <value>0x6bb9</value>
      </symbol>
      <symbol id="sm-d95">
         <name>PSS_IRQHandler</name>
         <value>0x6bb9</value>
      </symbol>
      <symbol id="sm-d96">
         <name>CS_IRQHandler</name>
         <value>0x6bb9</value>
      </symbol>
      <symbol id="sm-d97">
         <name>PCM_IRQHandler</name>
         <value>0x6bb9</value>
      </symbol>
      <symbol id="sm-d98">
         <name>WDT_A_IRQHandler</name>
         <value>0x6bb9</value>
      </symbol>
      <symbol id="sm-d99">
         <name>FPU_IRQHandler</name>
         <value>0x6bb9</value>
      </symbol>
      <symbol id="sm-d9a">
         <name>FLCTL_IRQHandler</name>
         <value>0x6bb9</value>
      </symbol>
      <symbol id="sm-d9b">
         <name>COMP_E0_IRQHandler</name>
         <value>0x6bb9</value>
      </symbol>
      <symbol id="sm-d9c">
         <name>COMP_E1_IRQHandler</name>
         <value>0x6bb9</value>
      </symbol>
      <symbol id="sm-d9d">
         <name>TA0_0_IRQHandler</name>
         <value>0x6bb9</value>
      </symbol>
      <symbol id="sm-d9e">
         <name>TA0_N_IRQHandler</name>
         <value>0x6bb9</value>
      </symbol>
      <symbol id="sm-d9f">
         <name>TA1_0_IRQHandler</name>
         <value>0x4113</value>
      </symbol>
      <symbol id="sm-da0">
         <name>TA1_N_IRQHandler</name>
         <value>0x6bb9</value>
      </symbol>
      <symbol id="sm-da1">
         <name>TA2_0_IRQHandler</name>
         <value>0x6bb9</value>
      </symbol>
      <symbol id="sm-da2">
         <name>TA2_N_IRQHandler</name>
         <value>0x6bb9</value>
      </symbol>
      <symbol id="sm-da3">
         <name>TA3_0_IRQHandler</name>
         <value>0x6bb9</value>
      </symbol>
      <symbol id="sm-da4">
         <name>TA3_N_IRQHandler</name>
         <value>0x6bb9</value>
      </symbol>
      <symbol id="sm-da5">
         <name>EUSCIA0_IRQHandler</name>
         <value>0x41a3</value>
      </symbol>
      <symbol id="sm-da6">
         <name>EUSCIA1_IRQHandler</name>
         <value>0x6bb9</value>
      </symbol>
      <symbol id="sm-da7">
         <name>EUSCIA2_IRQHandler</name>
         <value>0x6bb9</value>
      </symbol>
      <symbol id="sm-da8">
         <name>EUSCIA3_IRQHandler</name>
         <value>0x6bb9</value>
      </symbol>
      <symbol id="sm-da9">
         <name>EUSCIB0_IRQHandler</name>
         <value>0x6bb9</value>
      </symbol>
      <symbol id="sm-daa">
         <name>EUSCIB1_IRQHandler</name>
         <value>0x6bb9</value>
      </symbol>
      <symbol id="sm-dab">
         <name>EUSCIB2_IRQHandler</name>
         <value>0x6bb9</value>
      </symbol>
      <symbol id="sm-dac">
         <name>EUSCIB3_IRQHandler</name>
         <value>0x6bb9</value>
      </symbol>
      <symbol id="sm-dad">
         <name>ADC14_IRQHandler</name>
         <value>0x6bb9</value>
      </symbol>
      <symbol id="sm-dae">
         <name>T32_INT1_IRQHandler</name>
         <value>0x6bb9</value>
      </symbol>
      <symbol id="sm-daf">
         <name>T32_INT2_IRQHandler</name>
         <value>0x6bb9</value>
      </symbol>
      <symbol id="sm-db0">
         <name>T32_INTC_IRQHandler</name>
         <value>0x6bb9</value>
      </symbol>
      <symbol id="sm-db1">
         <name>AES256_IRQHandler</name>
         <value>0x6bb9</value>
      </symbol>
      <symbol id="sm-db2">
         <name>RTC_C_IRQHandler</name>
         <value>0x6bb9</value>
      </symbol>
      <symbol id="sm-db3">
         <name>DMA_ERR_IRQHandler</name>
         <value>0x6bb9</value>
      </symbol>
      <symbol id="sm-db4">
         <name>DMA_INT3_IRQHandler</name>
         <value>0x6bb9</value>
      </symbol>
      <symbol id="sm-db5">
         <name>DMA_INT2_IRQHandler</name>
         <value>0x6bb9</value>
      </symbol>
      <symbol id="sm-db6">
         <name>DMA_INT1_IRQHandler</name>
         <value>0x6bb9</value>
      </symbol>
      <symbol id="sm-db7">
         <name>DMA_INT0_IRQHandler</name>
         <value>0x6bb9</value>
      </symbol>
      <symbol id="sm-db8">
         <name>PORT1_IRQHandler</name>
         <value>0x6bb9</value>
      </symbol>
      <symbol id="sm-db9">
         <name>PORT2_IRQHandler</name>
         <value>0x6bb9</value>
      </symbol>
      <symbol id="sm-dba">
         <name>PORT3_IRQHandler</name>
         <value>0x6bb9</value>
      </symbol>
      <symbol id="sm-dbb">
         <name>PORT4_IRQHandler</name>
         <value>0x6bb9</value>
      </symbol>
      <symbol id="sm-dbc">
         <name>PORT5_IRQHandler</name>
         <value>0x3fe7</value>
      </symbol>
      <symbol id="sm-dbd">
         <name>PORT6_IRQHandler</name>
         <value>0x6bb9</value>
      </symbol>
      <symbol id="sm-dbe">
         <name>remove</name>
         <value>0x69cd</value>
      </symbol>
   </symbol_table>
   <title>Link successful</title>
</link_info>
