******************************************************************************
                  TI ARM Linker Unix v20.2.6                   
******************************************************************************
>> Linked Mon Apr 25 19:58:21 2022

OUTPUT FILE NAME:   <Lab 6.out>
ENTRY POINT SYMBOL: "_c_int00_noargs"  address: 00006c71


MEMORY CONFIGURATION

         name            origin    length      used     unused   attr    fill
----------------------  --------  ---------  --------  --------  ----  --------
  MAIN                  00000000   00040000  000072ec  00038d14  R  X
  INFO                  00200000   00004000  00000000  00004000  R  X
  SRAM_CODE             01000000   00010000  00000ae0  0000f520  RW X
  SRAM_DATA             20000000   00010000  00000ae0  0000f520  RW  


SEGMENT ALLOCATION MAP

run origin  load origin   length   init length attrs members
----------  ----------- ---------- ----------- ----- -------
00000000    00000000    000072f0   000072f0    r-x
  00000000    00000000    000000e4   000000e4    r-- .intvecs
  000000e4    000000e4    00006e38   00006e38    r-x .text
  00006f20    00006f20    00000300   00000300    r-- .const
  00007220    00007220    000000d0   000000d0    r-- .cinit
20000000    20000000    000008e4   00000000    rw-
  20000000    20000000    000000e4   00000000    rw- .vtable
  200000e8    200000e8    00000400   00000000    rw- .sysmem
  200004e8    200004e8    00000228   00000000    rw- .data
  20000710    20000710    000001d4   00000000    rw- .bss
2000fe00    2000fe00    00000200   00000000    rw-
  2000fe00    2000fe00    00000200   00000000    rw- .stack


SECTION ALLOCATION MAP

 output                                  attributes/
section   page    origin      length       input sections
--------  ----  ----------  ----------   ----------------
.intvecs   0    00000000    000000e4     
                  00000000    000000e4     startup_msp432p401r_ccs.obj (.intvecs:retain)

.text      0    000000e4    00006e38     
                  000000e4    00000d80     cs.obj (.text)
                  00000e64    00000a4e     rtsv7M4_T_le_v4SPD16_eabi.lib : _printfi.c.obj (.text:__TI_printfi)
                  000018b2    00000002                                   : _lock.c.obj (.text:_nop)
                  000018b4    000009d0                                   : e_pow.c.obj (.text:pow)
                  00002284    000008d4     adc14.obj (.text)
                  00002b58    00000798     timer_a.obj (.text)
                  000032f0    000006e8     main.obj (.text)
                  000039d8    00000480     gpio.obj (.text)
                  00003e58    0000041c     uart.obj (.text)
                  00004274    000003f0     interrupt.obj (.text)
                  00004664    00000334     system_msp432p401r.obj (.text)
                  00004998    00000270     rtsv7M4_T_le_v4SPD16_eabi.lib : _printfi.c.obj (.text:_pconv_a)
                  00004c08    00000244     sysctl.obj (.text)
                  00004e4c    000001d0     rtsv7M4_T_le_v4SPD16_eabi.lib : _printfi.c.obj (.text:_pconv_g)
                  0000501c    000001b6                                   : fd_add_t2.asm.obj (.text)
                  000051d2    00000002                                   : div0.asm.obj (.text)
                  000051d4    00000158                                   : e_sqrt.c.obj (.text:sqrt)
                  0000532c    0000013c                                   : _printfi.c.obj (.text:_pconv_e)
                  00005468    00000136                                   : fd_div_t2.asm.obj (.text)
                  0000559e    00000002     --HOLE-- [fill = 0]
                  000055a0    00000124                                   : _printfi.c.obj (.text:fcvt)
                  000056c4    00000114                                   : fputs.c.obj (.text:fputs)
                  000057d8    00000110                                   : s_scalbn.c.obj (.text:scalbn)
                  000058e8    00000100                                   : memory.c.obj (.text:aligned_alloc)
                  000059e8    000000fc                                   : fd_mul_t2.asm.obj (.text)
                  00005ae4    000000e4                                   : memory.c.obj (.text:free)
                  00005bc8    000000dc                                   : setvbuf.c.obj (.text:setvbuf)
                  00005ca4    000000d8     wdt_a.obj (.text)
                  00005d7c    000000b1     rtsv7M4_T_le_v4SPD16_eabi.lib : _printfi.c.obj (.text:_ltostr)
                  00005e2d    00000001     --HOLE-- [fill = 0]
                  00005e2e    0000009c                                   : memcpy_t2.asm.obj (.text)
                  00005eca    00000096                                   : ull_div_t2.asm.obj (.text)
                  00005f60    0000008c                                   : fputc.c.obj (.text:fputc)
                  00005fec    00000086                                   : fd_cmp_t2.asm.obj (.text:__aeabi_cdcmple)
                  00006072    00000086                                   : fd_cmp_t2.asm.obj (.text:__aeabi_cdrcmple)
                  000060f8    0000007a                                   : memset_t2.asm.obj (.text)
                  00006172    00000002     --HOLE-- [fill = 0]
                  00006174    00000074                                   : fclose.c.obj (.text:__TI_closefile)
                  000061e8    00000070                                   : memory.c.obj (.text:split)
                  00006258    0000006e                                   : _printfi.c.obj (.text:_mcpy)
                  000062c6    0000006e                                   : fd_tos_t2.asm.obj (.text)
                  00006334    0000006c                                   : hostrename.c.obj (.text:HOSTrename)
                  000063a0    00000068                                   : hostlseek.c.obj (.text:HOSTlseek)
                  00006408    00000068                                   : copy_decompress_lzss.c.obj (.text:decompress:lzss:__TI_decompress_lzss)
                  00006470    00000068                                   : printf.c.obj (.text:printf)
                  000064d8    00000064                                   : s_frexp.c.obj (.text:frexp)
                  0000653c    00000064                                   : fseek.c.obj (.text:fseek)
                  000065a0    00000062                                   : _io_perm.c.obj (.text:__TI_wrt_ok)
                  00006602    00000002     --HOLE-- [fill = 0]
                  00006604    00000060                                   : hostopen.c.obj (.text:HOSTopen)
                  00006664    0000005c                                   : close.c.obj (.text:close)
                  000066c0    00000058                                   : hostread.c.obj (.text:HOSTread)
                  00006718    00000058                                   : hostwrite.c.obj (.text:HOSTwrite)
                  00006770    00000056                                   : _printfi.c.obj (.text:_pconv_f)
                  000067c6    00000054                                   : _ltoa.c.obj (.text:__TI_ltoa)
                  0000681a    00000052                                   : _printfi.c.obj (.text:_ecpy)
                  0000686c    0000004c                                   : fflush.c.obj (.text:__TI_doflush)
                  000068b8    0000004c                                   : atoi.c.obj (.text:atoi)
                  00006904    00000048                                   : exit.c.obj (.text:exit)
                  0000694c    00000048                                   : fd_toi_t2.asm.obj (.text)
                  00006994    00000044                                   : hostclose.c.obj (.text:HOSTclose)
                  000069d8    00000044                                   : hostunlink.c.obj (.text:HOSTunlink)
                  00006a1c    00000044                                   : autoinit.c.obj (.text:__TI_auto_init_nobinit_nopinit:__TI_auto_init_nobinit_nopinit)
                  00006a60    00000044                                   : getdevice.c.obj (.text:getdevice)
                  00006aa4    00000040                                   : sprintf.c.obj (.text:sprintf)
                  00006ae4    0000003e                                   : _printfi.c.obj (.text:_fcpy)
                  00006b22    0000003e     cpu.obj (.text)
                  00006b60    00000038     rtsv7M4_T_le_v4SPD16_eabi.lib : trgmsg.c.obj (.text:__TI_writemsg)
                  00006b98    00000038                                   : fs_tod_t2.asm.obj (.text)
                  00006bd0    00000036                                   : strncpy.c.obj (.text:strncpy)
                  00006c06    00000002     --HOLE-- [fill = 0]
                  00006c08    00000034                                   : fopen.c.obj (.text:__TI_cleanup)
                  00006c3c    00000034                                   : trgmsg.c.obj (.text:__TI_readmsg)
                  00006c70    00000034                                   : boot_cortex_m.c.obj (.text:_c_int00_noargs:_c_int00_noargs)
                  00006ca4    00000030                                   : getdevice.c.obj (.text:finddevice)
                  00006cd4    0000002e                                   : i_tofd_t2.asm.obj (.text)
                  00006d02    00000002     --HOLE-- [fill = 0]
                  00006d04    0000002c                                   : unlink.c.obj (.text:unlink)
                  00006d30    00000028                                   : memory.c.obj (.text:free_list_insert)
                  00006d58    00000028                                   : lseek.c.obj (.text:lseek)
                  00006d80    00000028                                   : write.c.obj (.text:write)
                  00006da8    00000020                                   : memchr.c.obj (.text:memchr)
                  00006dc8    00000020                                   : u_tofd_t2.asm.obj (.text)
                  00006de8    0000001c                                   : copy_zero_init.c.obj (.text:decompress:ZI:__TI_zero_init_nomemset:__TI_zero_init_nomemset)
                  00006e04    0000001c                                   : memory.c.obj (.text:free_list_remove)
                  00006e20    0000001c                                   : memccpy.c.obj (.text:memccpy)
                  00006e3c    0000001a                                   : s_copysign.c.obj (.text:copysign)
                  00006e56    00000018                                   : sprintf.c.obj (.text:_outs)
                  00006e6e    00000018                                   : strcmp.c.obj (.text:strcmp)
                  00006e86    00000016                                   : strchr.c.obj (.text:strchr)
                  00006e9c    00000014                                   : strcpy.c.obj (.text:strcpy)
                  00006eb0    00000014                                   : strlen.c.obj (.text:strlen)
                  00006ec4    00000012                                   : wcslen.c.obj (.text:wcslen)
                  00006ed6    0000000e                                   : copy_decompress_none.c.obj (.text:decompress:none:__TI_decompress_none)
                  00006ee4    0000000e     startup_msp432p401r_ccs.obj (.text)
                  00006ef2    0000000a     rtsv7M4_T_le_v4SPD16_eabi.lib : sprintf.c.obj (.text:_outc)
                  00006efc    00000008                                   : errno.c.obj (.text:__aeabi_errno_addr)
                  00006f04    00000008                                   : memory.c.obj (.text:malloc)
                  00006f0c    00000004                                   : printf.c.obj (.text:_outc)
                  00006f10    00000004                                   : printf.c.obj (.text:_outs)
                  00006f14    00000004                                   : pre_init.c.obj (.text:_system_pre_init)
                  00006f18    00000004                                   : exit.c.obj (.text:abort:abort)

.const     0    00006f20    00000300     
                  00006f20    00000101     rtsv7M4_T_le_v4SPD16_eabi.lib : ctype.c.obj (.const:.string:_ctypes_)
                  00007021    00000003     --HOLE-- [fill = 0]
                  00007024    00000080     adc14.obj (.const:_ctlRegs)
                  000070a4    00000050     interrupt.obj (.const:g_pulRegs)
                  000070f4    00000004     --HOLE-- [fill = 0]
                  000070f8    00000030     rtsv7M4_T_le_v4SPD16_eabi.lib : e_pow.c.obj (.const:$O1$$)
                  00007128    00000024     main.obj (.const:UART_init)
                  0000714c    00000020     interrupt.obj (.const:g_pulPriority)
                  0000716c    0000001c     gpio.obj (.const:GPIO_PORT_TO_INT)
                  00007188    00000018     main.obj (.const:pwmConfigTA01)
                  000071a0    00000018     main.obj (.const:pwmConfigTA02)
                  000071b8    00000018     main.obj (.const:pwmConfigTA03)
                  000071d0    00000018     main.obj (.const:pwmConfigTA04)
                  000071e8    00000018     main.obj (.const:upConfig_1)
                  00007200    00000008     interrupt.obj (.const:g_pulDisRegs)
                  00007208    00000008     interrupt.obj (.const:g_pulEnRegs)
                  00007210    00000008     interrupt.obj (.const:g_pulPendRegs)
                  00007218    00000008     interrupt.obj (.const:g_pulUnpendRegs)

.cinit     0    00007220    000000d0     
                  00007220    00000095     (.cinit..data.load) [load image, compression = lzss]
                  000072b5    00000003     --HOLE-- [fill = 0]
                  000072b8    0000000c     (__TI_handler_table)
                  000072c4    00000004     --HOLE-- [fill = 0]
                  000072c8    00000008     (.cinit..bss.load) [load image, compression = zero_init]
                  000072d0    00000008     (.cinit..vtable.load) [load image, compression = zero_init]
                  000072d8    00000018     (__TI_cinit_table)

.init_array 
*          0    00000000    00000000     UNINITIALIZED

.binit     0    00000000    00000000     

.vtable    0    20000000    000000e4     UNINITIALIZED
                  20000000    000000e4     interrupt.obj (.vtable)

.sysmem    0    200000e8    00000400     UNINITIALIZED
                  200000e8    00000010     rtsv7M4_T_le_v4SPD16_eabi.lib : memory.c.obj (.sysmem)
                  200000f8    000003f0     --HOLE--

.data      0    200004e8    00000228     UNINITIALIZED
                  200004e8    000000f0     rtsv7M4_T_le_v4SPD16_eabi.lib : defs.c.obj (.data:_ftable)
                  200005d8    00000078                                   : host_device.c.obj (.data:_device)
                  20000650    00000050                                   : host_device.c.obj (.data:_stream)
                  200006a0    00000030     gpio.obj (.data:GPIO_PORT_TO_BASE)
                  200006d0    00000010     rtsv7M4_T_le_v4SPD16_eabi.lib : defs.c.obj (.data)
                  200006e0    0000000c                                   : exit.c.obj (.data:$O1$$)
                  200006ec    0000000b     main.obj (.data)
                  200006f7    00000001     --HOLE--
                  200006f8    00000008     rtsv7M4_T_le_v4SPD16_eabi.lib : _lock.c.obj (.data:$O1$$)
                  20000700    00000008                                   : memory.c.obj (.data:$O1$$)
                  20000708    00000004                                   : errno.c.obj (.data)
                  2000070c    00000004     system_msp432p401r.obj (.data)

.bss       0    20000710    000001d4     UNINITIALIZED
                  20000710    00000120     rtsv7M4_T_le_v4SPD16_eabi.lib : trgmsg.c.obj (.bss:_CIOBUF_)
                  20000830    000000a0     (.common:__TI_tmpnams)
                  200008d0    00000008     cs.obj (.bss)
                  200008d8    00000008     (.common:parmbuf)
                  200008e0    00000004     (.common:distance_var)

.stack     0    2000fe00    00000200     UNINITIALIZED
                  2000fe00    00000004     rtsv7M4_T_le_v4SPD16_eabi.lib : boot_cortex_m.c.obj (.stack)
                  2000fe04    000001fc     --HOLE--

__llvm_prf_cnts 
*          0    20000000    00000000     UNINITIALIZED

MODULE SUMMARY

       Module                        code    ro data   rw data
       ------                        ----    -------   -------
    ./
       main.obj                      1768    156       30     
       system_msp432p401r.obj        820     0         8      
       startup_msp432p401r_ccs.obj   14      228       0      
    +--+-----------------------------+-------+---------+---------+
       Total:                        2602    384       38     
                                                              
    ./driverlib/MSP432P4xx/
       cs.obj                        3456    0         16     
       adc14.obj                     2260    128       0      
       timer_a.obj                   1944    0         0      
       interrupt.obj                 1008    144       456    
       gpio.obj                      1152    28        96     
       uart.obj                      1052    0         0      
       sysctl.obj                    580     0         0      
       wdt_a.obj                     216     0         0      
       cpu.obj                       62      0         0      
    +--+-----------------------------+-------+---------+---------+
       Total:                        11730   300       568    
                                                              
    /Applications/ti/ccs1110/ccs/tools/compiler/ti-cgt-arm_20.2.6.LTS/lib/rtsv7M4_T_le_v4SPD16_eabi.lib
       _printfi.c.obj                4851    0         0      
       e_pow.c.obj                   2512    48        0      
       defs.c.obj                    0       0         832    
       memory.c.obj                  672     0         16     
       trgmsg.c.obj                  108     0         576    
       fd_add_t2.asm.obj             438     0         0      
       host_device.c.obj             0       0         400    
       e_sqrt.c.obj                  344     0         0      
       fd_div_t2.asm.obj             310     0         0      
       fputs.c.obj                   276     0         0      
       s_scalbn.c.obj                272     0         0      
       fd_cmp_t2.asm.obj             268     0         0      
       ctype.c.obj                   0       257       0      
       fd_mul_t2.asm.obj             252     0         0      
       setvbuf.c.obj                 220     0         0      
       memcpy_t2.asm.obj             156     0         0      
       ull_div_t2.asm.obj            150     0         0      
       fputc.c.obj                   140     0         0      
       memset_t2.asm.obj             122     0         0      
       fclose.c.obj                  116     0         0      
       getdevice.c.obj               116     0         0      
       hostopen.c.obj                96      0         16     
       printf.c.obj                  112     0         0      
       fd_tos_t2.asm.obj             110     0         0      
       hostrename.c.obj              108     0         0      
       copy_decompress_lzss.c.obj    104     0         0      
       hostlseek.c.obj               104     0         0      
       exit.c.obj                    76      0         24     
       fseek.c.obj                   100     0         0      
       s_frexp.c.obj                 100     0         0      
       _io_perm.c.obj                98      0         0      
       sprintf.c.obj                 98      0         0      
       close.c.obj                   92      0         0      
       hostread.c.obj                88      0         0      
       hostwrite.c.obj               88      0         0      
       _ltoa.c.obj                   84      0         0      
       atoi.c.obj                    76      0         0      
       fflush.c.obj                  76      0         0      
       fd_toi_t2.asm.obj             72      0         0      
       autoinit.c.obj                68      0         0      
       hostclose.c.obj               68      0         0      
       hostunlink.c.obj              68      0         0      
       fs_tod_t2.asm.obj             56      0         0      
       strncpy.c.obj                 54      0         0      
       boot_cortex_m.c.obj           52      0         0      
       fopen.c.obj                   52      0         0      
       i_tofd_t2.asm.obj             46      0         0      
       unlink.c.obj                  44      0         0      
       lseek.c.obj                   40      0         0      
       write.c.obj                   40      0         0      
       memchr.c.obj                  32      0         0      
       u_tofd_t2.asm.obj             32      0         0      
       copy_zero_init.c.obj          28      0         0      
       memccpy.c.obj                 28      0         0      
       s_copysign.c.obj              26      0         0      
       strcmp.c.obj                  24      0         0      
       strchr.c.obj                  22      0         0      
       strcpy.c.obj                  20      0         0      
       strlen.c.obj                  20      0         0      
       _lock.c.obj                   2       0         16     
       wcslen.c.obj                  18      0         0      
       errno.c.obj                   8       0         8      
       copy_decompress_none.c.obj    14      0         0      
       pre_init.c.obj                4       0         0      
       div0.asm.obj                  2       0         0      
    +--+-----------------------------+-------+---------+---------+
       Total:                        13873   305       1888   
                                                              
       Heap:                         0       0         2048   
       Stack:                        0       0         1024   
       Linker Generated:             0       201       0      
    +--+-----------------------------+-------+---------+---------+
       Grand Total:                  28205   1190      5566   


LINKER GENERATED COPY TABLES

__TI_cinit_table @ 000072d8 records: 3, size/record: 8, table size: 24
	.data: load addr=00007220, load size=00000095 bytes, run addr=200004e8, run size=00000228 bytes, compression=lzss
	.bss: load addr=000072c8, load size=00000008 bytes, run addr=20000710, run size=000001d4 bytes, compression=zero_init
	.vtable: load addr=000072d0, load size=00000008 bytes, run addr=20000000, run size=000000e4 bytes, compression=zero_init


LINKER GENERATED HANDLER TABLE

__TI_handler_table @ 000072b8 records: 3, size/record: 4, table size: 12
	index: 0, handler: __TI_zero_init
	index: 1, handler: __TI_decompress_lzss
	index: 2, handler: __TI_decompress_none


GLOBAL SYMBOLS: SORTED ALPHABETICALLY BY Name 

address   name                                           
-------   ----                                           
00006ef1  ADC14_IRQHandler                               
00002ad1  ADC14_clearInterruptFlag                       
00002679  ADC14_configureConversionMemory                
00002521  ADC14_configureMultiSequenceMode               
000025b7  ADC14_configureSingleSampleMode                
000027b1  ADC14_disableComparatorWindow                  
0000264f  ADC14_disableConversion                        
00002a4f  ADC14_disableInterrupt                         
000023f5  ADC14_disableModule                            
000029cf  ADC14_disableReferenceBurst                    
00002435  ADC14_disableSampleTimer                       
00002721  ADC14_enableComparatorWindow                   
0000260d  ADC14_enableConversion                         
00002a27  ADC14_enableInterrupt                          
000023ed  ADC14_enableModule                             
000029b9  ADC14_enableReferenceBurst                     
0000240b  ADC14_enableSampleTimer                        
00002a9b  ADC14_getEnabledInterruptStatus                
00002a77  ADC14_getInterruptStatus                       
000028d9  ADC14_getMultiSequenceResult                   
000024ab  ADC14_getResolution                            
000028bf  ADC14_getResult                                
00002945  ADC14_getResultArray                           
0000244b  ADC14_initModule                               
0000265b  ADC14_isBusy                                   
00002afd  ADC14_registerInterrupt                        
0000280f  ADC14_setComparatorWindowValue                 
000029e5  ADC14_setPowerMode                             
00002491  ADC14_setResolution                            
00002895  ADC14_setResultFormat                          
000024f7  ADC14_setSampleHoldTime                        
000024b5  ADC14_setSampleHoldTrigger                     
0000262d  ADC14_toggleConversionTrigger                  
00002b11  ADC14_unregisterInterrupt                      
00006ef1  AES256_IRQHandler                              
00006ef1  BusFault_Handler                               
00006f19  C$$EXIT                                        
00006b8f  C$$IO$$                                        
00006ef1  COMP_E0_IRQHandler                             
00006ef1  COMP_E1_IRQHandler                             
00006b57  CPU_basepriGet                                 
00006b49  CPU_basepriSet                                 
00006b23  CPU_cpsid                                      
00006b39  CPU_cpsie                                      
00006b2f  CPU_primask                                    
00006b45  CPU_wfi                                        
00006ef1  CS_IRQHandler                                  
00000de9  CS_clearInterruptFlag                          
0000068d  CS_disableClockRequest                         
00000773  CS_disableDCOExternalResistor                  
00000cbd  CS_disableFaultCounter                         
00000da7  CS_disableInterrupt                            
00000665  CS_enableClockRequest                          
000006d5  CS_enableDCOExternalResistor                   
00000c91  CS_enableFaultCounter                          
00000d85  CS_enableInterrupt                             
00000c29  CS_getACLK                                     
00000be9  CS_getBCLK                                     
0000086d  CS_getDCOFrequency                             
00000dcf  CS_getEnabledInterruptStatus                   
00000c05  CS_getHSMCLK                                   
00000dc9  CS_getInterruptStatus                          
00000c6f  CS_getMCLK                                     
00000c4d  CS_getSMCLK                                    
00000385  CS_initClockSignal                             
00000e0b  CS_registerInterrupt                           
00000ce9  CS_resetFaultCounter                           
00000791  CS_setDCOCenteredFrequency                     
000006fd  CS_setDCOExternalResistorCalibration           
00000a11  CS_setDCOFrequency                             
00000349  CS_setExternalClockSourceFrequency             
000006af  CS_setReferenceOscillatorFrequency             
00000d35  CS_startFaultCounter                           
00000489  CS_startHFXT                                   
000004ad  CS_startHFXTWithTimeout                        
00000571  CS_startLFXT                                   
00000595  CS_startLFXTWithTimeout                        
000007c9  CS_tuneDCOFrequency                            
00000e1f  CS_unregisterInterrupt                         
00006ef1  DMA_ERR_IRQHandler                             
00006ef1  DMA_INT0_IRQHandler                            
00006ef1  DMA_INT1_IRQHandler                            
00006ef1  DMA_INT2_IRQHandler                            
00006ef1  DMA_INT3_IRQHandler                            
00006ef1  DebugMon_Handler                               
00006ef1  Default_Handler                                
00003821  EUSCIA0_IRQHandler                             
00003821  EUSCIA0_IRQHandler                             
00006ef1  EUSCIA1_IRQHandler                             
00006ef1  EUSCIA2_IRQHandler                             
00006ef1  EUSCIA3_IRQHandler                             
00006ef1  EUSCIB0_IRQHandler                             
00006ef1  EUSCIB1_IRQHandler                             
00006ef1  EUSCIB2_IRQHandler                             
00006ef1  EUSCIB3_IRQHandler                             
00006ef1  FLCTL_IRQHandler                               
00006ef1  FPU_IRQHandler                                 
00003cfb  GPIO_clearInterruptFlag                        
00003cbb  GPIO_disableInterrupt                          
00003c99  GPIO_enableInterrupt                           
00003d53  GPIO_getEnabledInterruptStatus                 
00003c6b  GPIO_getInputPinValue                          
00003cdd  GPIO_getInterruptStatus                        
00003d1d  GPIO_interruptEdgeSelect                       
00003e13  GPIO_registerInterrupt                         
00003a13  GPIO_setAsInputPin                             
00003bc7  GPIO_setAsInputPinWithPullDownResistor         
00003c19  GPIO_setAsInputPinWithPullUpResistor           
000039d9  GPIO_setAsOutputPin                            
00003add  GPIO_setAsPeripheralModuleFunctionInputPin     
00003a59  GPIO_setAsPeripheralModuleFunctionOutputPin    
00003dcf  GPIO_setDriveStrengthHigh                      
00003df1  GPIO_setDriveStrengthLow                       
00003b61  GPIO_setOutputHighOnPin                        
00003b83  GPIO_setOutputLowOnPin                         
00003ba5  GPIO_toggleOutputOnPin                         
00003e33  GPIO_unregisterInterrupt                       
00006995  HOSTclose                                      
000063a1  HOSTlseek                                      
00006605  HOSTopen                                       
000066c1  HOSTread                                       
00006335  HOSTrename                                     
000069d9  HOSTunlink                                     
00006719  HOSTwrite                                      
00006ef1  HardFault_Handler                              
00004437  Interrupt_disableInterrupt                     
00004287  Interrupt_disableMaster                        
00004635  Interrupt_disableSleepOnIsrExit                
000043c5  Interrupt_enableInterrupt                      
00004277  Interrupt_enableMaster                         
00004623  Interrupt_enableSleepOnIsrExit                 
0000439f  Interrupt_getPriority                          
00004317  Interrupt_getPriorityGrouping                  
00004603  Interrupt_getPriorityMask                      
0000461d  Interrupt_getVectorTableAddress                
000044a9  Interrupt_isEnabled                            
00004535  Interrupt_pendInterrupt                        
00004297  Interrupt_registerInterrupt                    
0000434f  Interrupt_setPriority                          
000042fd  Interrupt_setPriorityGrouping                  
000045f3  Interrupt_setPriorityMask                      
0000460d  Interrupt_setVectorTableAddress                
000045a5  Interrupt_unpendInterrupt                      
000042e9  Interrupt_unregisterInterrupt                  
00006ef1  MemManage_Handler                              
00006ef1  NMI_Handler                                    
00006ef1  PCM_IRQHandler                                 
00006ef1  PORT1_IRQHandler                               
00006ef1  PORT2_IRQHandler                               
00006ef1  PORT3_IRQHandler                               
00003629  PORT4_IRQHandler                               
00003629  PORT4_IRQHandler                               
0000335b  PORT5_IRQHandler                               
0000335b  PORT5_IRQHandler                               
00006ef1  PORT6_IRQHandler                               
00006ef1  PSS_IRQHandler                                 
00006ef1  PendSV_Handler                                 
00006ef1  RTC_C_IRQHandler                               
00006ee5  Reset_Handler                                  
00006ef1  SVC_Handler                                    
00004dfb  SysCtl_disableGlitchFilter                     
00004c8b  SysCtl_disableNMISource                        
00004d93  SysCtl_disablePeripheralAtCPUHalt              
00004cd5  SysCtl_disableSRAMBank                         
00004d59  SysCtl_disableSRAMBankRetention                
00004def  SysCtl_enableGlitchFilter                      
00004c9f  SysCtl_enableNMISource                         
00004d7f  SysCtl_enablePeripheralAtCPUHalt               
00004cb9  SysCtl_enableSRAMBank                          
00004d3d  SysCtl_enableSRAMBankRetention                 
00004c85  SysCtl_getFlashSize                            
00004cb3  SysCtl_getNMISourceStatus                      
00004c7f  SysCtl_getSRAMSize                             
00004c09  SysCtl_getTLVInfo                              
00004e07  SysCtl_getTempCalibrationConstant              
00004d75  SysCtl_rebootDevice                            
00004dcb  SysCtl_setWDTPasswordViolationResetType        
00004da7  SysCtl_setWDTTimeoutResetType                  
00006ef1  SysTick_Handler                                
2000070c  SystemCoreClock                                
00004665  SystemCoreClockUpdate                          
000048dd  SystemInit                                     
00006ef1  T32_INT1_IRQHandler                            
00006ef1  T32_INT2_IRQHandler                            
00006ef1  T32_INTC_IRQHandler                            
00006ef1  TA0_0_IRQHandler                               
00006ef1  TA0_N_IRQHandler                               
000036b5  TA1_0_IRQHandler                               
000036b5  TA1_0_IRQHandler                               
00006ef1  TA1_N_IRQHandler                               
00006ef1  TA2_0_IRQHandler                               
00006ef1  TA2_N_IRQHandler                               
00006ef1  TA3_0_IRQHandler                               
00006ef1  TA3_N_IRQHandler                               
00003023  Timer_A_clearCaptureCompareInterrupt           
0000300d  Timer_A_clearInterruptFlag                     
00002e8b  Timer_A_clearTimer                             
00002cb3  Timer_A_configureContinuousMode                
00002d41  Timer_A_configureUpDownMode                    
00002ce3  Timer_A_configureUpMode                        
000030b1  Timer_A_disableCaptureCompareInterrupt         
0000305f  Timer_A_disableInterrupt                       
00003085  Timer_A_enableCaptureCompareInterrupt          
0000304b  Timer_A_enableInterrupt                        
00002f57  Timer_A_generatePWM                            
00002efd  Timer_A_getCaptureCompareCount                 
00003119  Timer_A_getCaptureCompareEnabledInterruptStatus
000030d9  Timer_A_getCaptureCompareInterruptStatus       
00002e3f  Timer_A_getCounterValue                        
00003101  Timer_A_getEnabledInterruptStatus              
00003073  Timer_A_getInterruptStatus                     
00002ecf  Timer_A_getOutputForOutputModeOutBitValue      
00002e9f  Timer_A_getSynchronizedCaptureCompareInput     
00002d9f  Timer_A_initCapture                            
00002df1  Timer_A_initCompare                            
00003155  Timer_A_registerInterrupt                      
00002fe1  Timer_A_setCompareValue                        
00002f1f  Timer_A_setOutputForOutputModeOutBitValue      
00002c9d  Timer_A_startCounter                           
00002fcd  Timer_A_stopTimer                              
00003227  Timer_A_unregisterInterrupt                    
0000416d  UART_clearInterruptFlag                        
000040c5  UART_disableInterrupt                          
00003fa7  UART_disableModule                             
00004095  UART_enableInterrupt                           
00003f91  UART_enableModule                              
00004111  UART_getEnabledInterruptStatus                 
000040f5  UART_getInterruptStatus                        
0000405d  UART_getReceiveBufferAddressForDMA             
0000406b  UART_getTransmitBufferAddressForDMA            
00007128  UART_init                                      
00003e59  UART_initModule                                
00003fbd  UART_queryStatusFlags                          
00003f6b  UART_receiveData                               
0000418d  UART_registerInterrupt                         
00003fe5  UART_resetDormant                              
00004079  UART_selectDeglitchTime                        
00003fd1  UART_setDormant                                
00003ff9  UART_transmitAddress                           
00004017  UART_transmitBreak                             
00003f41  UART_transmitData                              
00004209  UART_unregisterInterrupt                       
00006ef1  UsageFault_Handler                             
4000480c  WDTCTL_SYM                                     
00006ef1  WDT_A_IRQHandler                               
00005ce5  WDT_A_clearTimer                               
00005ca5  WDT_A_holdTimer                                
00005d21  WDT_A_initIntervalTimer                        
00005d05  WDT_A_initWatchdogTimer                        
00005d55  WDT_A_registerInterrupt                        
00005d3d  WDT_A_setPasswordViolationReset                
00005d49  WDT_A_setTimeoutReset                          
00005cc5  WDT_A_startTimer                               
00005d69  WDT_A_unregisterInterrupt                      
20000710  __CIOBUF_                                      
20010000  __STACK_END                                    
00000200  __STACK_SIZE                                   
00000400  __SYSMEM_SIZE                                  
000072d8  __TI_CINIT_Base                                
000072f0  __TI_CINIT_Limit                               
000072b8  __TI_Handler_Table_Base                        
000072c4  __TI_Handler_Table_Limit                       
00006a1d  __TI_auto_init_nobinit_nopinit                 
00006c09  __TI_cleanup                                   
200006e0  __TI_cleanup_ptr                               
00006175  __TI_closefile                                 
00006409  __TI_decompress_lzss                           
00006ed7  __TI_decompress_none                           
0000686d  __TI_doflush                                   
200006e4  __TI_dtors_ptr                                 
200006e8  __TI_enable_exit_profile_output                
200006d0  __TI_ft_end                                    
000067c7  __TI_ltoa                                      
ffffffff  __TI_pprof_out_hndl                            
00000e65  __TI_printfi                                   
ffffffff  __TI_prof_data_size                            
ffffffff  __TI_prof_data_start                           
00006c3d  __TI_readmsg                                   
00000000  __TI_static_base__                             
20000830  __TI_tmpnams                                   
00006b61  __TI_writemsg                                  
000065a1  __TI_wrt_ok                                    
00006de9  __TI_zero_init_nomemset                        
00005fed  __aeabi_cdcmpeq                                
00005fed  __aeabi_cdcmple                                
00006073  __aeabi_cdrcmple                               
000062c7  __aeabi_d2f                                    
0000694d  __aeabi_d2iz                                   
00005027  __aeabi_dadd                                   
00005469  __aeabi_ddiv                                   
000059e9  __aeabi_dmul                                   
0000501d  __aeabi_dsub                                   
00006efd  __aeabi_errno_addr                             
00006b99  __aeabi_f2d                                    
00006cd5  __aeabi_i2d                                    
000051d3  __aeabi_idiv0                                  
000051d3  __aeabi_ldiv0                                  
000060f9  __aeabi_memclr                                 
000060f9  __aeabi_memclr4                                
000060f9  __aeabi_memclr8                                
00005e2f  __aeabi_memcpy                                 
00005e2f  __aeabi_memcpy4                                
00005e2f  __aeabi_memcpy8                                
000060fb  __aeabi_memset                                 
000060fb  __aeabi_memset4                                
000060fb  __aeabi_memset8                                
200006dc  __aeabi_stderr                                 
200006d4  __aeabi_stdin                                  
200006d8  __aeabi_stdout                                 
00006dc9  __aeabi_ui2d                                   
00005ecb  __aeabi_uldivmod                               
ffffffff  __binit__                                      
ffffffff  __c_args__                                     
UNDEFED   __mpu_init                                     
2000fe00  __stack                                        
20000000  __start___llvm_prf_cnts                        
20000000  __stop___llvm_prf_cnts                         
00006c71  _c_int00_noargs                                
00006f20  _ctypes_                                       
200005d8  _device                                        
200004e8  _ftable                                        
200006f8  _lock                                          
000018b3  _nop                                           
20000650  _stream                                        
200000e8  _sys_memory                                    
UNDEFED   _system_post_cinit                             
00006f15  _system_pre_init                               
200006fc  _unlock                                        
00006f19  abort                                          
000058e9  aligned_alloc                                  
000068b9  atoi                                           
ffffffff  binit                                          
00006665  close                                          
00006e3d  copysign                                       
00006e3d  copysignl                                      
200008e0  distance_var                                   
200006f6  drive_mode                                     
200006ec  encA_cnt                                       
200006f4  encA_dir                                       
200006f0  encB_cnt                                       
200006f5  encB_dir                                       
20000708  errno                                          
00006905  exit                                           
00006ca5  finddevice                                     
00005f61  fputc                                          
000056c5  fputs                                          
00005ae5  free                                           
000064d9  frexp                                          
000064d9  frexpl                                         
0000653d  fseek                                          
20000000  g_pfnRAMVectors                                
00006a61  getdevice                                      
00000000  interruptVectors                               
000057d9  ldexp                                          
000057d9  ldexpl                                         
00006d59  lseek                                          
000033bf  main                                           
00006f05  malloc                                         
000032f1  mechrev_setup                                  
000058e9  memalign                                       
00006e21  memccpy                                        
00006da9  memchr                                         
00005e2f  memcpy                                         
00006101  memset                                         
200008d8  parmbuf                                        
000018b5  pow                                            
000018b5  powl                                           
00006471  printf                                         
00005f61  putc                                           
00007188  pwmConfigTA01                                  
000071a0  pwmConfigTA02                                  
000071b8  pwmConfigTA03                                  
000071d0  pwmConfigTA04                                  
00006d05  remove                                         
000057d9  scalbn                                         
000057d9  scalbnl                                        
00005bc9  setvbuf                                        
00006aa5  sprintf                                        
000051d5  sqrt                                           
000051d5  sqrtl                                          
00006e87  strchr                                         
00006e6f  strcmp                                         
00006e9d  strcpy                                         
00006eb1  strlen                                         
00006bd1  strncpy                                        
00006d05  unlink                                         
000071e8  upConfig_1                                     
00006ec5  wcslen                                         
00006d81  write                                          


GLOBAL SYMBOLS: SORTED BY Symbol Address 

address   name                                           
-------   ----                                           
00000000  __TI_static_base__                             
00000000  interruptVectors                               
00000200  __STACK_SIZE                                   
00000349  CS_setExternalClockSourceFrequency             
00000385  CS_initClockSignal                             
00000400  __SYSMEM_SIZE                                  
00000489  CS_startHFXT                                   
000004ad  CS_startHFXTWithTimeout                        
00000571  CS_startLFXT                                   
00000595  CS_startLFXTWithTimeout                        
00000665  CS_enableClockRequest                          
0000068d  CS_disableClockRequest                         
000006af  CS_setReferenceOscillatorFrequency             
000006d5  CS_enableDCOExternalResistor                   
000006fd  CS_setDCOExternalResistorCalibration           
00000773  CS_disableDCOExternalResistor                  
00000791  CS_setDCOCenteredFrequency                     
000007c9  CS_tuneDCOFrequency                            
0000086d  CS_getDCOFrequency                             
00000a11  CS_setDCOFrequency                             
00000be9  CS_getBCLK                                     
00000c05  CS_getHSMCLK                                   
00000c29  CS_getACLK                                     
00000c4d  CS_getSMCLK                                    
00000c6f  CS_getMCLK                                     
00000c91  CS_enableFaultCounter                          
00000cbd  CS_disableFaultCounter                         
00000ce9  CS_resetFaultCounter                           
00000d35  CS_startFaultCounter                           
00000d85  CS_enableInterrupt                             
00000da7  CS_disableInterrupt                            
00000dc9  CS_getInterruptStatus                          
00000dcf  CS_getEnabledInterruptStatus                   
00000de9  CS_clearInterruptFlag                          
00000e0b  CS_registerInterrupt                           
00000e1f  CS_unregisterInterrupt                         
00000e65  __TI_printfi                                   
000018b3  _nop                                           
000018b5  pow                                            
000018b5  powl                                           
000023ed  ADC14_enableModule                             
000023f5  ADC14_disableModule                            
0000240b  ADC14_enableSampleTimer                        
00002435  ADC14_disableSampleTimer                       
0000244b  ADC14_initModule                               
00002491  ADC14_setResolution                            
000024ab  ADC14_getResolution                            
000024b5  ADC14_setSampleHoldTrigger                     
000024f7  ADC14_setSampleHoldTime                        
00002521  ADC14_configureMultiSequenceMode               
000025b7  ADC14_configureSingleSampleMode                
0000260d  ADC14_enableConversion                         
0000262d  ADC14_toggleConversionTrigger                  
0000264f  ADC14_disableConversion                        
0000265b  ADC14_isBusy                                   
00002679  ADC14_configureConversionMemory                
00002721  ADC14_enableComparatorWindow                   
000027b1  ADC14_disableComparatorWindow                  
0000280f  ADC14_setComparatorWindowValue                 
00002895  ADC14_setResultFormat                          
000028bf  ADC14_getResult                                
000028d9  ADC14_getMultiSequenceResult                   
00002945  ADC14_getResultArray                           
000029b9  ADC14_enableReferenceBurst                     
000029cf  ADC14_disableReferenceBurst                    
000029e5  ADC14_setPowerMode                             
00002a27  ADC14_enableInterrupt                          
00002a4f  ADC14_disableInterrupt                         
00002a77  ADC14_getInterruptStatus                       
00002a9b  ADC14_getEnabledInterruptStatus                
00002ad1  ADC14_clearInterruptFlag                       
00002afd  ADC14_registerInterrupt                        
00002b11  ADC14_unregisterInterrupt                      
00002c9d  Timer_A_startCounter                           
00002cb3  Timer_A_configureContinuousMode                
00002ce3  Timer_A_configureUpMode                        
00002d41  Timer_A_configureUpDownMode                    
00002d9f  Timer_A_initCapture                            
00002df1  Timer_A_initCompare                            
00002e3f  Timer_A_getCounterValue                        
00002e8b  Timer_A_clearTimer                             
00002e9f  Timer_A_getSynchronizedCaptureCompareInput     
00002ecf  Timer_A_getOutputForOutputModeOutBitValue      
00002efd  Timer_A_getCaptureCompareCount                 
00002f1f  Timer_A_setOutputForOutputModeOutBitValue      
00002f57  Timer_A_generatePWM                            
00002fcd  Timer_A_stopTimer                              
00002fe1  Timer_A_setCompareValue                        
0000300d  Timer_A_clearInterruptFlag                     
00003023  Timer_A_clearCaptureCompareInterrupt           
0000304b  Timer_A_enableInterrupt                        
0000305f  Timer_A_disableInterrupt                       
00003073  Timer_A_getInterruptStatus                     
00003085  Timer_A_enableCaptureCompareInterrupt          
000030b1  Timer_A_disableCaptureCompareInterrupt         
000030d9  Timer_A_getCaptureCompareInterruptStatus       
00003101  Timer_A_getEnabledInterruptStatus              
00003119  Timer_A_getCaptureCompareEnabledInterruptStatus
00003155  Timer_A_registerInterrupt                      
00003227  Timer_A_unregisterInterrupt                    
000032f1  mechrev_setup                                  
0000335b  PORT5_IRQHandler                               
0000335b  PORT5_IRQHandler                               
000033bf  main                                           
00003629  PORT4_IRQHandler                               
00003629  PORT4_IRQHandler                               
000036b5  TA1_0_IRQHandler                               
000036b5  TA1_0_IRQHandler                               
00003821  EUSCIA0_IRQHandler                             
00003821  EUSCIA0_IRQHandler                             
000039d9  GPIO_setAsOutputPin                            
00003a13  GPIO_setAsInputPin                             
00003a59  GPIO_setAsPeripheralModuleFunctionOutputPin    
00003add  GPIO_setAsPeripheralModuleFunctionInputPin     
00003b61  GPIO_setOutputHighOnPin                        
00003b83  GPIO_setOutputLowOnPin                         
00003ba5  GPIO_toggleOutputOnPin                         
00003bc7  GPIO_setAsInputPinWithPullDownResistor         
00003c19  GPIO_setAsInputPinWithPullUpResistor           
00003c6b  GPIO_getInputPinValue                          
00003c99  GPIO_enableInterrupt                           
00003cbb  GPIO_disableInterrupt                          
00003cdd  GPIO_getInterruptStatus                        
00003cfb  GPIO_clearInterruptFlag                        
00003d1d  GPIO_interruptEdgeSelect                       
00003d53  GPIO_getEnabledInterruptStatus                 
00003dcf  GPIO_setDriveStrengthHigh                      
00003df1  GPIO_setDriveStrengthLow                       
00003e13  GPIO_registerInterrupt                         
00003e33  GPIO_unregisterInterrupt                       
00003e59  UART_initModule                                
00003f41  UART_transmitData                              
00003f6b  UART_receiveData                               
00003f91  UART_enableModule                              
00003fa7  UART_disableModule                             
00003fbd  UART_queryStatusFlags                          
00003fd1  UART_setDormant                                
00003fe5  UART_resetDormant                              
00003ff9  UART_transmitAddress                           
00004017  UART_transmitBreak                             
0000405d  UART_getReceiveBufferAddressForDMA             
0000406b  UART_getTransmitBufferAddressForDMA            
00004079  UART_selectDeglitchTime                        
00004095  UART_enableInterrupt                           
000040c5  UART_disableInterrupt                          
000040f5  UART_getInterruptStatus                        
00004111  UART_getEnabledInterruptStatus                 
0000416d  UART_clearInterruptFlag                        
0000418d  UART_registerInterrupt                         
00004209  UART_unregisterInterrupt                       
00004277  Interrupt_enableMaster                         
00004287  Interrupt_disableMaster                        
00004297  Interrupt_registerInterrupt                    
000042e9  Interrupt_unregisterInterrupt                  
000042fd  Interrupt_setPriorityGrouping                  
00004317  Interrupt_getPriorityGrouping                  
0000434f  Interrupt_setPriority                          
0000439f  Interrupt_getPriority                          
000043c5  Interrupt_enableInterrupt                      
00004437  Interrupt_disableInterrupt                     
000044a9  Interrupt_isEnabled                            
00004535  Interrupt_pendInterrupt                        
000045a5  Interrupt_unpendInterrupt                      
000045f3  Interrupt_setPriorityMask                      
00004603  Interrupt_getPriorityMask                      
0000460d  Interrupt_setVectorTableAddress                
0000461d  Interrupt_getVectorTableAddress                
00004623  Interrupt_enableSleepOnIsrExit                 
00004635  Interrupt_disableSleepOnIsrExit                
00004665  SystemCoreClockUpdate                          
000048dd  SystemInit                                     
00004c09  SysCtl_getTLVInfo                              
00004c7f  SysCtl_getSRAMSize                             
00004c85  SysCtl_getFlashSize                            
00004c8b  SysCtl_disableNMISource                        
00004c9f  SysCtl_enableNMISource                         
00004cb3  SysCtl_getNMISourceStatus                      
00004cb9  SysCtl_enableSRAMBank                          
00004cd5  SysCtl_disableSRAMBank                         
00004d3d  SysCtl_enableSRAMBankRetention                 
00004d59  SysCtl_disableSRAMBankRetention                
00004d75  SysCtl_rebootDevice                            
00004d7f  SysCtl_enablePeripheralAtCPUHalt               
00004d93  SysCtl_disablePeripheralAtCPUHalt              
00004da7  SysCtl_setWDTTimeoutResetType                  
00004dcb  SysCtl_setWDTPasswordViolationResetType        
00004def  SysCtl_enableGlitchFilter                      
00004dfb  SysCtl_disableGlitchFilter                     
00004e07  SysCtl_getTempCalibrationConstant              
0000501d  __aeabi_dsub                                   
00005027  __aeabi_dadd                                   
000051d3  __aeabi_idiv0                                  
000051d3  __aeabi_ldiv0                                  
000051d5  sqrt                                           
000051d5  sqrtl                                          
00005469  __aeabi_ddiv                                   
000056c5  fputs                                          
000057d9  ldexp                                          
000057d9  ldexpl                                         
000057d9  scalbn                                         
000057d9  scalbnl                                        
000058e9  aligned_alloc                                  
000058e9  memalign                                       
000059e9  __aeabi_dmul                                   
00005ae5  free                                           
00005bc9  setvbuf                                        
00005ca5  WDT_A_holdTimer                                
00005cc5  WDT_A_startTimer                               
00005ce5  WDT_A_clearTimer                               
00005d05  WDT_A_initWatchdogTimer                        
00005d21  WDT_A_initIntervalTimer                        
00005d3d  WDT_A_setPasswordViolationReset                
00005d49  WDT_A_setTimeoutReset                          
00005d55  WDT_A_registerInterrupt                        
00005d69  WDT_A_unregisterInterrupt                      
00005e2f  __aeabi_memcpy                                 
00005e2f  __aeabi_memcpy4                                
00005e2f  __aeabi_memcpy8                                
00005e2f  memcpy                                         
00005ecb  __aeabi_uldivmod                               
00005f61  fputc                                          
00005f61  putc                                           
00005fed  __aeabi_cdcmpeq                                
00005fed  __aeabi_cdcmple                                
00006073  __aeabi_cdrcmple                               
000060f9  __aeabi_memclr                                 
000060f9  __aeabi_memclr4                                
000060f9  __aeabi_memclr8                                
000060fb  __aeabi_memset                                 
000060fb  __aeabi_memset4                                
000060fb  __aeabi_memset8                                
00006101  memset                                         
00006175  __TI_closefile                                 
000062c7  __aeabi_d2f                                    
00006335  HOSTrename                                     
000063a1  HOSTlseek                                      
00006409  __TI_decompress_lzss                           
00006471  printf                                         
000064d9  frexp                                          
000064d9  frexpl                                         
0000653d  fseek                                          
000065a1  __TI_wrt_ok                                    
00006605  HOSTopen                                       
00006665  close                                          
000066c1  HOSTread                                       
00006719  HOSTwrite                                      
000067c7  __TI_ltoa                                      
0000686d  __TI_doflush                                   
000068b9  atoi                                           
00006905  exit                                           
0000694d  __aeabi_d2iz                                   
00006995  HOSTclose                                      
000069d9  HOSTunlink                                     
00006a1d  __TI_auto_init_nobinit_nopinit                 
00006a61  getdevice                                      
00006aa5  sprintf                                        
00006b23  CPU_cpsid                                      
00006b2f  CPU_primask                                    
00006b39  CPU_cpsie                                      
00006b45  CPU_wfi                                        
00006b49  CPU_basepriSet                                 
00006b57  CPU_basepriGet                                 
00006b61  __TI_writemsg                                  
00006b8f  C$$IO$$                                        
00006b99  __aeabi_f2d                                    
00006bd1  strncpy                                        
00006c09  __TI_cleanup                                   
00006c3d  __TI_readmsg                                   
00006c71  _c_int00_noargs                                
00006ca5  finddevice                                     
00006cd5  __aeabi_i2d                                    
00006d05  remove                                         
00006d05  unlink                                         
00006d59  lseek                                          
00006d81  write                                          
00006da9  memchr                                         
00006dc9  __aeabi_ui2d                                   
00006de9  __TI_zero_init_nomemset                        
00006e21  memccpy                                        
00006e3d  copysign                                       
00006e3d  copysignl                                      
00006e6f  strcmp                                         
00006e87  strchr                                         
00006e9d  strcpy                                         
00006eb1  strlen                                         
00006ec5  wcslen                                         
00006ed7  __TI_decompress_none                           
00006ee5  Reset_Handler                                  
00006ef1  ADC14_IRQHandler                               
00006ef1  AES256_IRQHandler                              
00006ef1  BusFault_Handler                               
00006ef1  COMP_E0_IRQHandler                             
00006ef1  COMP_E1_IRQHandler                             
00006ef1  CS_IRQHandler                                  
00006ef1  DMA_ERR_IRQHandler                             
00006ef1  DMA_INT0_IRQHandler                            
00006ef1  DMA_INT1_IRQHandler                            
00006ef1  DMA_INT2_IRQHandler                            
00006ef1  DMA_INT3_IRQHandler                            
00006ef1  DebugMon_Handler                               
00006ef1  Default_Handler                                
00006ef1  EUSCIA1_IRQHandler                             
00006ef1  EUSCIA2_IRQHandler                             
00006ef1  EUSCIA3_IRQHandler                             
00006ef1  EUSCIB0_IRQHandler                             
00006ef1  EUSCIB1_IRQHandler                             
00006ef1  EUSCIB2_IRQHandler                             
00006ef1  EUSCIB3_IRQHandler                             
00006ef1  FLCTL_IRQHandler                               
00006ef1  FPU_IRQHandler                                 
00006ef1  HardFault_Handler                              
00006ef1  MemManage_Handler                              
00006ef1  NMI_Handler                                    
00006ef1  PCM_IRQHandler                                 
00006ef1  PORT1_IRQHandler                               
00006ef1  PORT2_IRQHandler                               
00006ef1  PORT3_IRQHandler                               
00006ef1  PORT6_IRQHandler                               
00006ef1  PSS_IRQHandler                                 
00006ef1  PendSV_Handler                                 
00006ef1  RTC_C_IRQHandler                               
00006ef1  SVC_Handler                                    
00006ef1  SysTick_Handler                                
00006ef1  T32_INT1_IRQHandler                            
00006ef1  T32_INT2_IRQHandler                            
00006ef1  T32_INTC_IRQHandler                            
00006ef1  TA0_0_IRQHandler                               
00006ef1  TA0_N_IRQHandler                               
00006ef1  TA1_N_IRQHandler                               
00006ef1  TA2_0_IRQHandler                               
00006ef1  TA2_N_IRQHandler                               
00006ef1  TA3_0_IRQHandler                               
00006ef1  TA3_N_IRQHandler                               
00006ef1  UsageFault_Handler                             
00006ef1  WDT_A_IRQHandler                               
00006efd  __aeabi_errno_addr                             
00006f05  malloc                                         
00006f15  _system_pre_init                               
00006f19  C$$EXIT                                        
00006f19  abort                                          
00006f20  _ctypes_                                       
00007128  UART_init                                      
00007188  pwmConfigTA01                                  
000071a0  pwmConfigTA02                                  
000071b8  pwmConfigTA03                                  
000071d0  pwmConfigTA04                                  
000071e8  upConfig_1                                     
000072b8  __TI_Handler_Table_Base                        
000072c4  __TI_Handler_Table_Limit                       
000072d8  __TI_CINIT_Base                                
000072f0  __TI_CINIT_Limit                               
20000000  __start___llvm_prf_cnts                        
20000000  __stop___llvm_prf_cnts                         
20000000  g_pfnRAMVectors                                
200000e8  _sys_memory                                    
200004e8  _ftable                                        
200005d8  _device                                        
20000650  _stream                                        
200006d0  __TI_ft_end                                    
200006d4  __aeabi_stdin                                  
200006d8  __aeabi_stdout                                 
200006dc  __aeabi_stderr                                 
200006e0  __TI_cleanup_ptr                               
200006e4  __TI_dtors_ptr                                 
200006e8  __TI_enable_exit_profile_output                
200006ec  encA_cnt                                       
200006f0  encB_cnt                                       
200006f4  encA_dir                                       
200006f5  encB_dir                                       
200006f6  drive_mode                                     
200006f8  _lock                                          
200006fc  _unlock                                        
20000708  errno                                          
2000070c  SystemCoreClock                                
20000710  __CIOBUF_                                      
20000830  __TI_tmpnams                                   
200008d8  parmbuf                                        
200008e0  distance_var                                   
2000fe00  __stack                                        
20010000  __STACK_END                                    
4000480c  WDTCTL_SYM                                     
ffffffff  __TI_pprof_out_hndl                            
ffffffff  __TI_prof_data_size                            
ffffffff  __TI_prof_data_start                           
ffffffff  __binit__                                      
ffffffff  __c_args__                                     
ffffffff  binit                                          
UNDEFED   __mpu_init                                     
UNDEFED   _system_post_cinit                             

[389 symbols]
