<?xml version="1.0" encoding="ISO-8859-1" ?>
<link_info>
   <banner>TI ARM Linker Unix v20.2.6.LTS</banner>
   <copyright>Copyright (c) 1996-2018 Texas Instruments Incorporated</copyright>
   <link_time>0x62675fcd</link_time>
   <link_errors>0x0</link_errors>
   <output_file>Lab 6.out</output_file>
   <entry_point>
      <name>_c_int00_noargs</name>
      <address>0x6c71</address>
   </entry_point>
   <input_file_list>
      <input_file id="fl-2">
         <path>./</path>
         <kind>object</kind>
         <file>main.obj</file>
         <name>main.obj</name>
      </input_file>
      <input_file id="fl-3">
         <path>./</path>
         <kind>object</kind>
         <file>startup_msp432p401r_ccs.obj</file>
         <name>startup_msp432p401r_ccs.obj</name>
      </input_file>
      <input_file id="fl-4">
         <path>./</path>
         <kind>object</kind>
         <file>system_msp432p401r.obj</file>
         <name>system_msp432p401r.obj</name>
      </input_file>
      <input_file id="fl-5">
         <path>./driverlib/MSP432P4xx/</path>
         <kind>object</kind>
         <file>adc14.obj</file>
         <name>adc14.obj</name>
      </input_file>
      <input_file id="fl-6">
         <path>./driverlib/MSP432P4xx/</path>
         <kind>object</kind>
         <file>aes256.obj</file>
         <name>aes256.obj</name>
      </input_file>
      <input_file id="fl-7">
         <path>./driverlib/MSP432P4xx/</path>
         <kind>object</kind>
         <file>comp_e.obj</file>
         <name>comp_e.obj</name>
      </input_file>
      <input_file id="fl-8">
         <path>./driverlib/MSP432P4xx/</path>
         <kind>object</kind>
         <file>cpu.obj</file>
         <name>cpu.obj</name>
      </input_file>
      <input_file id="fl-9">
         <path>./driverlib/MSP432P4xx/</path>
         <kind>object</kind>
         <file>crc32.obj</file>
         <name>crc32.obj</name>
      </input_file>
      <input_file id="fl-a">
         <path>./driverlib/MSP432P4xx/</path>
         <kind>object</kind>
         <file>cs.obj</file>
         <name>cs.obj</name>
      </input_file>
      <input_file id="fl-b">
         <path>./driverlib/MSP432P4xx/</path>
         <kind>object</kind>
         <file>dma.obj</file>
         <name>dma.obj</name>
      </input_file>
      <input_file id="fl-c">
         <path>./driverlib/MSP432P4xx/</path>
         <kind>object</kind>
         <file>flash.obj</file>
         <name>flash.obj</name>
      </input_file>
      <input_file id="fl-d">
         <path>./driverlib/MSP432P4xx/</path>
         <kind>object</kind>
         <file>fpu.obj</file>
         <name>fpu.obj</name>
      </input_file>
      <input_file id="fl-e">
         <path>./driverlib/MSP432P4xx/</path>
         <kind>object</kind>
         <file>gpio.obj</file>
         <name>gpio.obj</name>
      </input_file>
      <input_file id="fl-f">
         <path>./driverlib/MSP432P4xx/</path>
         <kind>object</kind>
         <file>i2c.obj</file>
         <name>i2c.obj</name>
      </input_file>
      <input_file id="fl-10">
         <path>./driverlib/MSP432P4xx/</path>
         <kind>object</kind>
         <file>interrupt.obj</file>
         <name>interrupt.obj</name>
      </input_file>
      <input_file id="fl-11">
         <path>./driverlib/MSP432P4xx/</path>
         <kind>object</kind>
         <file>mpu.obj</file>
         <name>mpu.obj</name>
      </input_file>
      <input_file id="fl-12">
         <path>./driverlib/MSP432P4xx/</path>
         <kind>object</kind>
         <file>pcm.obj</file>
         <name>pcm.obj</name>
      </input_file>
      <input_file id="fl-13">
         <path>./driverlib/MSP432P4xx/</path>
         <kind>object</kind>
         <file>pmap.obj</file>
         <name>pmap.obj</name>
      </input_file>
      <input_file id="fl-14">
         <path>./driverlib/MSP432P4xx/</path>
         <kind>object</kind>
         <file>pss.obj</file>
         <name>pss.obj</name>
      </input_file>
      <input_file id="fl-15">
         <path>./driverlib/MSP432P4xx/</path>
         <kind>object</kind>
         <file>ref_a.obj</file>
         <name>ref_a.obj</name>
      </input_file>
      <input_file id="fl-16">
         <path>./driverlib/MSP432P4xx/</path>
         <kind>object</kind>
         <file>reset.obj</file>
         <name>reset.obj</name>
      </input_file>
      <input_file id="fl-17">
         <path>./driverlib/MSP432P4xx/</path>
         <kind>object</kind>
         <file>rtc_c.obj</file>
         <name>rtc_c.obj</name>
      </input_file>
      <input_file id="fl-18">
         <path>./driverlib/MSP432P4xx/</path>
         <kind>object</kind>
         <file>spi.obj</file>
         <name>spi.obj</name>
      </input_file>
      <input_file id="fl-19">
         <path>./driverlib/MSP432P4xx/</path>
         <kind>object</kind>
         <file>sysctl.obj</file>
         <name>sysctl.obj</name>
      </input_file>
      <input_file id="fl-1a">
         <path>./driverlib/MSP432P4xx/</path>
         <kind>object</kind>
         <file>systick.obj</file>
         <name>systick.obj</name>
      </input_file>
      <input_file id="fl-1b">
         <path>./driverlib/MSP432P4xx/</path>
         <kind>object</kind>
         <file>timer32.obj</file>
         <name>timer32.obj</name>
      </input_file>
      <input_file id="fl-1c">
         <path>./driverlib/MSP432P4xx/</path>
         <kind>object</kind>
         <file>timer_a.obj</file>
         <name>timer_a.obj</name>
      </input_file>
      <input_file id="fl-1d">
         <path>./driverlib/MSP432P4xx/</path>
         <kind>object</kind>
         <file>uart.obj</file>
         <name>uart.obj</name>
      </input_file>
      <input_file id="fl-1e">
         <path>./driverlib/MSP432P4xx/</path>
         <kind>object</kind>
         <file>wdt_a.obj</file>
         <name>wdt_a.obj</name>
      </input_file>
      <input_file id="fl-22">
         <kind>object</kind>
         <file>&lt;internal&gt;</file>
         <name>&lt;internal&gt;</name>
      </input_file>
      <input_file id="fl-d8">
         <path>/Applications/ti/ccs1110/ccs/tools/compiler/ti-cgt-arm_20.2.6.LTS/lib/</path>
         <kind>archive</kind>
         <file>rtsv7M4_T_le_v4SPD16_eabi.lib</file>
         <name>e_pow.c.obj</name>
      </input_file>
      <input_file id="fl-d9">
         <path>/Applications/ti/ccs1110/ccs/tools/compiler/ti-cgt-arm_20.2.6.LTS/lib/</path>
         <kind>archive</kind>
         <file>rtsv7M4_T_le_v4SPD16_eabi.lib</file>
         <name>e_sqrt.c.obj</name>
      </input_file>
      <input_file id="fl-da">
         <path>/Applications/ti/ccs1110/ccs/tools/compiler/ti-cgt-arm_20.2.6.LTS/lib/</path>
         <kind>archive</kind>
         <file>rtsv7M4_T_le_v4SPD16_eabi.lib</file>
         <name>s_scalbn.c.obj</name>
      </input_file>
      <input_file id="fl-db">
         <path>/Applications/ti/ccs1110/ccs/tools/compiler/ti-cgt-arm_20.2.6.LTS/lib/</path>
         <kind>archive</kind>
         <file>rtsv7M4_T_le_v4SPD16_eabi.lib</file>
         <name>s_copysign.c.obj</name>
      </input_file>
      <input_file id="fl-dc">
         <path>/Applications/ti/ccs1110/ccs/tools/compiler/ti-cgt-arm_20.2.6.LTS/lib/</path>
         <kind>archive</kind>
         <file>rtsv7M4_T_le_v4SPD16_eabi.lib</file>
         <name>printf.c.obj</name>
      </input_file>
      <input_file id="fl-dd">
         <path>/Applications/ti/ccs1110/ccs/tools/compiler/ti-cgt-arm_20.2.6.LTS/lib/</path>
         <kind>archive</kind>
         <file>rtsv7M4_T_le_v4SPD16_eabi.lib</file>
         <name>_printfi.c.obj</name>
      </input_file>
      <input_file id="fl-de">
         <path>/Applications/ti/ccs1110/ccs/tools/compiler/ti-cgt-arm_20.2.6.LTS/lib/</path>
         <kind>archive</kind>
         <file>rtsv7M4_T_le_v4SPD16_eabi.lib</file>
         <name>sprintf.c.obj</name>
      </input_file>
      <input_file id="fl-df">
         <path>/Applications/ti/ccs1110/ccs/tools/compiler/ti-cgt-arm_20.2.6.LTS/lib/</path>
         <kind>archive</kind>
         <file>rtsv7M4_T_le_v4SPD16_eabi.lib</file>
         <name>fputc.c.obj</name>
      </input_file>
      <input_file id="fl-e0">
         <path>/Applications/ti/ccs1110/ccs/tools/compiler/ti-cgt-arm_20.2.6.LTS/lib/</path>
         <kind>archive</kind>
         <file>rtsv7M4_T_le_v4SPD16_eabi.lib</file>
         <name>fputs.c.obj</name>
      </input_file>
      <input_file id="fl-e1">
         <path>/Applications/ti/ccs1110/ccs/tools/compiler/ti-cgt-arm_20.2.6.LTS/lib/</path>
         <kind>archive</kind>
         <file>rtsv7M4_T_le_v4SPD16_eabi.lib</file>
         <name>_io_perm.c.obj</name>
      </input_file>
      <input_file id="fl-e2">
         <path>/Applications/ti/ccs1110/ccs/tools/compiler/ti-cgt-arm_20.2.6.LTS/lib/</path>
         <kind>archive</kind>
         <file>rtsv7M4_T_le_v4SPD16_eabi.lib</file>
         <name>setvbuf.c.obj</name>
      </input_file>
      <input_file id="fl-e3">
         <path>/Applications/ti/ccs1110/ccs/tools/compiler/ti-cgt-arm_20.2.6.LTS/lib/</path>
         <kind>archive</kind>
         <file>rtsv7M4_T_le_v4SPD16_eabi.lib</file>
         <name>fd_add_t2.asm.obj</name>
      </input_file>
      <input_file id="fl-e4">
         <path>/Applications/ti/ccs1110/ccs/tools/compiler/ti-cgt-arm_20.2.6.LTS/lib/</path>
         <kind>archive</kind>
         <file>rtsv7M4_T_le_v4SPD16_eabi.lib</file>
         <name>fd_cmp_t2.asm.obj</name>
      </input_file>
      <input_file id="fl-e5">
         <path>/Applications/ti/ccs1110/ccs/tools/compiler/ti-cgt-arm_20.2.6.LTS/lib/</path>
         <kind>archive</kind>
         <file>rtsv7M4_T_le_v4SPD16_eabi.lib</file>
         <name>fd_div_t2.asm.obj</name>
      </input_file>
      <input_file id="fl-e6">
         <path>/Applications/ti/ccs1110/ccs/tools/compiler/ti-cgt-arm_20.2.6.LTS/lib/</path>
         <kind>archive</kind>
         <file>rtsv7M4_T_le_v4SPD16_eabi.lib</file>
         <name>fd_mul_t2.asm.obj</name>
      </input_file>
      <input_file id="fl-e7">
         <path>/Applications/ti/ccs1110/ccs/tools/compiler/ti-cgt-arm_20.2.6.LTS/lib/</path>
         <kind>archive</kind>
         <file>rtsv7M4_T_le_v4SPD16_eabi.lib</file>
         <name>fd_toi_t2.asm.obj</name>
      </input_file>
      <input_file id="fl-e8">
         <path>/Applications/ti/ccs1110/ccs/tools/compiler/ti-cgt-arm_20.2.6.LTS/lib/</path>
         <kind>archive</kind>
         <file>rtsv7M4_T_le_v4SPD16_eabi.lib</file>
         <name>fd_tos_t2.asm.obj</name>
      </input_file>
      <input_file id="fl-e9">
         <path>/Applications/ti/ccs1110/ccs/tools/compiler/ti-cgt-arm_20.2.6.LTS/lib/</path>
         <kind>archive</kind>
         <file>rtsv7M4_T_le_v4SPD16_eabi.lib</file>
         <name>fs_tod_t2.asm.obj</name>
      </input_file>
      <input_file id="fl-ea">
         <path>/Applications/ti/ccs1110/ccs/tools/compiler/ti-cgt-arm_20.2.6.LTS/lib/</path>
         <kind>archive</kind>
         <file>rtsv7M4_T_le_v4SPD16_eabi.lib</file>
         <name>i_tofd_t2.asm.obj</name>
      </input_file>
      <input_file id="fl-eb">
         <path>/Applications/ti/ccs1110/ccs/tools/compiler/ti-cgt-arm_20.2.6.LTS/lib/</path>
         <kind>archive</kind>
         <file>rtsv7M4_T_le_v4SPD16_eabi.lib</file>
         <name>memcpy_t2.asm.obj</name>
      </input_file>
      <input_file id="fl-ec">
         <path>/Applications/ti/ccs1110/ccs/tools/compiler/ti-cgt-arm_20.2.6.LTS/lib/</path>
         <kind>archive</kind>
         <file>rtsv7M4_T_le_v4SPD16_eabi.lib</file>
         <name>u_tofd_t2.asm.obj</name>
      </input_file>
      <input_file id="fl-ed">
         <path>/Applications/ti/ccs1110/ccs/tools/compiler/ti-cgt-arm_20.2.6.LTS/lib/</path>
         <kind>archive</kind>
         <file>rtsv7M4_T_le_v4SPD16_eabi.lib</file>
         <name>memset_t2.asm.obj</name>
      </input_file>
      <input_file id="fl-ee">
         <path>/Applications/ti/ccs1110/ccs/tools/compiler/ti-cgt-arm_20.2.6.LTS/lib/</path>
         <kind>archive</kind>
         <file>rtsv7M4_T_le_v4SPD16_eabi.lib</file>
         <name>ull_div_t2.asm.obj</name>
      </input_file>
      <input_file id="fl-ef">
         <path>/Applications/ti/ccs1110/ccs/tools/compiler/ti-cgt-arm_20.2.6.LTS/lib/</path>
         <kind>archive</kind>
         <file>rtsv7M4_T_le_v4SPD16_eabi.lib</file>
         <name>copy_zero_init.c.obj</name>
      </input_file>
      <input_file id="fl-f0">
         <path>/Applications/ti/ccs1110/ccs/tools/compiler/ti-cgt-arm_20.2.6.LTS/lib/</path>
         <kind>archive</kind>
         <file>rtsv7M4_T_le_v4SPD16_eabi.lib</file>
         <name>copy_decompress_none.c.obj</name>
      </input_file>
      <input_file id="fl-f1">
         <path>/Applications/ti/ccs1110/ccs/tools/compiler/ti-cgt-arm_20.2.6.LTS/lib/</path>
         <kind>archive</kind>
         <file>rtsv7M4_T_le_v4SPD16_eabi.lib</file>
         <name>copy_decompress_lzss.c.obj</name>
      </input_file>
      <input_file id="fl-f2">
         <path>/Applications/ti/ccs1110/ccs/tools/compiler/ti-cgt-arm_20.2.6.LTS/lib/</path>
         <kind>archive</kind>
         <file>rtsv7M4_T_le_v4SPD16_eabi.lib</file>
         <name>exit.c.obj</name>
      </input_file>
      <input_file id="fl-f3">
         <path>/Applications/ti/ccs1110/ccs/tools/compiler/ti-cgt-arm_20.2.6.LTS/lib/</path>
         <kind>archive</kind>
         <file>rtsv7M4_T_le_v4SPD16_eabi.lib</file>
         <name>_lock.c.obj</name>
      </input_file>
      <input_file id="fl-f4">
         <path>/Applications/ti/ccs1110/ccs/tools/compiler/ti-cgt-arm_20.2.6.LTS/lib/</path>
         <kind>archive</kind>
         <file>rtsv7M4_T_le_v4SPD16_eabi.lib</file>
         <name>_ltoa.c.obj</name>
      </input_file>
      <input_file id="fl-f5">
         <path>/Applications/ti/ccs1110/ccs/tools/compiler/ti-cgt-arm_20.2.6.LTS/lib/</path>
         <kind>archive</kind>
         <file>rtsv7M4_T_le_v4SPD16_eabi.lib</file>
         <name>atoi.c.obj</name>
      </input_file>
      <input_file id="fl-f6">
         <path>/Applications/ti/ccs1110/ccs/tools/compiler/ti-cgt-arm_20.2.6.LTS/lib/</path>
         <kind>archive</kind>
         <file>rtsv7M4_T_le_v4SPD16_eabi.lib</file>
         <name>ctype.c.obj</name>
      </input_file>
      <input_file id="fl-f7">
         <path>/Applications/ti/ccs1110/ccs/tools/compiler/ti-cgt-arm_20.2.6.LTS/lib/</path>
         <kind>archive</kind>
         <file>rtsv7M4_T_le_v4SPD16_eabi.lib</file>
         <name>defs.c.obj</name>
      </input_file>
      <input_file id="fl-f8">
         <path>/Applications/ti/ccs1110/ccs/tools/compiler/ti-cgt-arm_20.2.6.LTS/lib/</path>
         <kind>archive</kind>
         <file>rtsv7M4_T_le_v4SPD16_eabi.lib</file>
         <name>memccpy.c.obj</name>
      </input_file>
      <input_file id="fl-f9">
         <path>/Applications/ti/ccs1110/ccs/tools/compiler/ti-cgt-arm_20.2.6.LTS/lib/</path>
         <kind>archive</kind>
         <file>rtsv7M4_T_le_v4SPD16_eabi.lib</file>
         <name>memchr.c.obj</name>
      </input_file>
      <input_file id="fl-fa">
         <path>/Applications/ti/ccs1110/ccs/tools/compiler/ti-cgt-arm_20.2.6.LTS/lib/</path>
         <kind>archive</kind>
         <file>rtsv7M4_T_le_v4SPD16_eabi.lib</file>
         <name>memory.c.obj</name>
      </input_file>
      <input_file id="fl-fb">
         <path>/Applications/ti/ccs1110/ccs/tools/compiler/ti-cgt-arm_20.2.6.LTS/lib/</path>
         <kind>archive</kind>
         <file>rtsv7M4_T_le_v4SPD16_eabi.lib</file>
         <name>strchr.c.obj</name>
      </input_file>
      <input_file id="fl-fc">
         <path>/Applications/ti/ccs1110/ccs/tools/compiler/ti-cgt-arm_20.2.6.LTS/lib/</path>
         <kind>archive</kind>
         <file>rtsv7M4_T_le_v4SPD16_eabi.lib</file>
         <name>strlen.c.obj</name>
      </input_file>
      <input_file id="fl-fd">
         <path>/Applications/ti/ccs1110/ccs/tools/compiler/ti-cgt-arm_20.2.6.LTS/lib/</path>
         <kind>archive</kind>
         <file>rtsv7M4_T_le_v4SPD16_eabi.lib</file>
         <name>write.c.obj</name>
      </input_file>
      <input_file id="fl-fe">
         <path>/Applications/ti/ccs1110/ccs/tools/compiler/ti-cgt-arm_20.2.6.LTS/lib/</path>
         <kind>archive</kind>
         <file>rtsv7M4_T_le_v4SPD16_eabi.lib</file>
         <name>host_device.c.obj</name>
      </input_file>
      <input_file id="fl-ff">
         <path>/Applications/ti/ccs1110/ccs/tools/compiler/ti-cgt-arm_20.2.6.LTS/lib/</path>
         <kind>archive</kind>
         <file>rtsv7M4_T_le_v4SPD16_eabi.lib</file>
         <name>errno.c.obj</name>
      </input_file>
      <input_file id="fl-100">
         <path>/Applications/ti/ccs1110/ccs/tools/compiler/ti-cgt-arm_20.2.6.LTS/lib/</path>
         <kind>archive</kind>
         <file>rtsv7M4_T_le_v4SPD16_eabi.lib</file>
         <name>boot_cortex_m.c.obj</name>
      </input_file>
      <input_file id="fl-101">
         <path>/Applications/ti/ccs1110/ccs/tools/compiler/ti-cgt-arm_20.2.6.LTS/lib/</path>
         <kind>archive</kind>
         <file>rtsv7M4_T_le_v4SPD16_eabi.lib</file>
         <name>s_frexp.c.obj</name>
      </input_file>
      <input_file id="fl-102">
         <path>/Applications/ti/ccs1110/ccs/tools/compiler/ti-cgt-arm_20.2.6.LTS/lib/</path>
         <kind>archive</kind>
         <file>rtsv7M4_T_le_v4SPD16_eabi.lib</file>
         <name>wcslen.c.obj</name>
      </input_file>
      <input_file id="fl-103">
         <path>/Applications/ti/ccs1110/ccs/tools/compiler/ti-cgt-arm_20.2.6.LTS/lib/</path>
         <kind>archive</kind>
         <file>rtsv7M4_T_le_v4SPD16_eabi.lib</file>
         <name>fflush.c.obj</name>
      </input_file>
      <input_file id="fl-104">
         <path>/Applications/ti/ccs1110/ccs/tools/compiler/ti-cgt-arm_20.2.6.LTS/lib/</path>
         <kind>archive</kind>
         <file>rtsv7M4_T_le_v4SPD16_eabi.lib</file>
         <name>fopen.c.obj</name>
      </input_file>
      <input_file id="fl-105">
         <path>/Applications/ti/ccs1110/ccs/tools/compiler/ti-cgt-arm_20.2.6.LTS/lib/</path>
         <kind>archive</kind>
         <file>rtsv7M4_T_le_v4SPD16_eabi.lib</file>
         <name>fseek.c.obj</name>
      </input_file>
      <input_file id="fl-106">
         <path>/Applications/ti/ccs1110/ccs/tools/compiler/ti-cgt-arm_20.2.6.LTS/lib/</path>
         <kind>archive</kind>
         <file>rtsv7M4_T_le_v4SPD16_eabi.lib</file>
         <name>div0.asm.obj</name>
      </input_file>
      <input_file id="fl-107">
         <path>/Applications/ti/ccs1110/ccs/tools/compiler/ti-cgt-arm_20.2.6.LTS/lib/</path>
         <kind>archive</kind>
         <file>rtsv7M4_T_le_v4SPD16_eabi.lib</file>
         <name>autoinit.c.obj</name>
      </input_file>
      <input_file id="fl-108">
         <path>/Applications/ti/ccs1110/ccs/tools/compiler/ti-cgt-arm_20.2.6.LTS/lib/</path>
         <kind>archive</kind>
         <file>rtsv7M4_T_le_v4SPD16_eabi.lib</file>
         <name>pre_init.c.obj</name>
      </input_file>
      <input_file id="fl-109">
         <path>/Applications/ti/ccs1110/ccs/tools/compiler/ti-cgt-arm_20.2.6.LTS/lib/</path>
         <kind>archive</kind>
         <file>rtsv7M4_T_le_v4SPD16_eabi.lib</file>
         <name>cpy_tbl.c.obj</name>
      </input_file>
      <input_file id="fl-10a">
         <path>/Applications/ti/ccs1110/ccs/tools/compiler/ti-cgt-arm_20.2.6.LTS/lib/</path>
         <kind>archive</kind>
         <file>rtsv7M4_T_le_v4SPD16_eabi.lib</file>
         <name>args_main.c.obj</name>
      </input_file>
      <input_file id="fl-10b">
         <path>/Applications/ti/ccs1110/ccs/tools/compiler/ti-cgt-arm_20.2.6.LTS/lib/</path>
         <kind>archive</kind>
         <file>rtsv7M4_T_le_v4SPD16_eabi.lib</file>
         <name>hostclose.c.obj</name>
      </input_file>
      <input_file id="fl-10c">
         <path>/Applications/ti/ccs1110/ccs/tools/compiler/ti-cgt-arm_20.2.6.LTS/lib/</path>
         <kind>archive</kind>
         <file>rtsv7M4_T_le_v4SPD16_eabi.lib</file>
         <name>hostlseek.c.obj</name>
      </input_file>
      <input_file id="fl-10d">
         <path>/Applications/ti/ccs1110/ccs/tools/compiler/ti-cgt-arm_20.2.6.LTS/lib/</path>
         <kind>archive</kind>
         <file>rtsv7M4_T_le_v4SPD16_eabi.lib</file>
         <name>hostopen.c.obj</name>
      </input_file>
      <input_file id="fl-10e">
         <path>/Applications/ti/ccs1110/ccs/tools/compiler/ti-cgt-arm_20.2.6.LTS/lib/</path>
         <kind>archive</kind>
         <file>rtsv7M4_T_le_v4SPD16_eabi.lib</file>
         <name>hostread.c.obj</name>
      </input_file>
      <input_file id="fl-10f">
         <path>/Applications/ti/ccs1110/ccs/tools/compiler/ti-cgt-arm_20.2.6.LTS/lib/</path>
         <kind>archive</kind>
         <file>rtsv7M4_T_le_v4SPD16_eabi.lib</file>
         <name>hostrename.c.obj</name>
      </input_file>
      <input_file id="fl-110">
         <path>/Applications/ti/ccs1110/ccs/tools/compiler/ti-cgt-arm_20.2.6.LTS/lib/</path>
         <kind>archive</kind>
         <file>rtsv7M4_T_le_v4SPD16_eabi.lib</file>
         <name>hostunlink.c.obj</name>
      </input_file>
      <input_file id="fl-111">
         <path>/Applications/ti/ccs1110/ccs/tools/compiler/ti-cgt-arm_20.2.6.LTS/lib/</path>
         <kind>archive</kind>
         <file>rtsv7M4_T_le_v4SPD16_eabi.lib</file>
         <name>hostwrite.c.obj</name>
      </input_file>
      <input_file id="fl-112">
         <path>/Applications/ti/ccs1110/ccs/tools/compiler/ti-cgt-arm_20.2.6.LTS/lib/</path>
         <kind>archive</kind>
         <file>rtsv7M4_T_le_v4SPD16_eabi.lib</file>
         <name>trgmsg.c.obj</name>
      </input_file>
      <input_file id="fl-113">
         <path>/Applications/ti/ccs1110/ccs/tools/compiler/ti-cgt-arm_20.2.6.LTS/lib/</path>
         <kind>archive</kind>
         <file>rtsv7M4_T_le_v4SPD16_eabi.lib</file>
         <name>open.c.obj</name>
      </input_file>
      <input_file id="fl-114">
         <path>/Applications/ti/ccs1110/ccs/tools/compiler/ti-cgt-arm_20.2.6.LTS/lib/</path>
         <kind>archive</kind>
         <file>rtsv7M4_T_le_v4SPD16_eabi.lib</file>
         <name>lseek.c.obj</name>
      </input_file>
      <input_file id="fl-115">
         <path>/Applications/ti/ccs1110/ccs/tools/compiler/ti-cgt-arm_20.2.6.LTS/lib/</path>
         <kind>archive</kind>
         <file>rtsv7M4_T_le_v4SPD16_eabi.lib</file>
         <name>fclose.c.obj</name>
      </input_file>
      <input_file id="fl-116">
         <path>/Applications/ti/ccs1110/ccs/tools/compiler/ti-cgt-arm_20.2.6.LTS/lib/</path>
         <kind>archive</kind>
         <file>rtsv7M4_T_le_v4SPD16_eabi.lib</file>
         <name>getdevice.c.obj</name>
      </input_file>
      <input_file id="fl-117">
         <path>/Applications/ti/ccs1110/ccs/tools/compiler/ti-cgt-arm_20.2.6.LTS/lib/</path>
         <kind>archive</kind>
         <file>rtsv7M4_T_le_v4SPD16_eabi.lib</file>
         <name>strcmp.c.obj</name>
      </input_file>
      <input_file id="fl-118">
         <path>/Applications/ti/ccs1110/ccs/tools/compiler/ti-cgt-arm_20.2.6.LTS/lib/</path>
         <kind>archive</kind>
         <file>rtsv7M4_T_le_v4SPD16_eabi.lib</file>
         <name>strcpy.c.obj</name>
      </input_file>
      <input_file id="fl-119">
         <path>/Applications/ti/ccs1110/ccs/tools/compiler/ti-cgt-arm_20.2.6.LTS/lib/</path>
         <kind>archive</kind>
         <file>rtsv7M4_T_le_v4SPD16_eabi.lib</file>
         <name>strncpy.c.obj</name>
      </input_file>
      <input_file id="fl-11a">
         <path>/Applications/ti/ccs1110/ccs/tools/compiler/ti-cgt-arm_20.2.6.LTS/lib/</path>
         <kind>archive</kind>
         <file>rtsv7M4_T_le_v4SPD16_eabi.lib</file>
         <name>remove.c.obj</name>
      </input_file>
      <input_file id="fl-11b">
         <path>/Applications/ti/ccs1110/ccs/tools/compiler/ti-cgt-arm_20.2.6.LTS/lib/</path>
         <kind>archive</kind>
         <file>rtsv7M4_T_le_v4SPD16_eabi.lib</file>
         <name>close.c.obj</name>
      </input_file>
      <input_file id="fl-11c">
         <path>/Applications/ti/ccs1110/ccs/tools/compiler/ti-cgt-arm_20.2.6.LTS/lib/</path>
         <kind>archive</kind>
         <file>rtsv7M4_T_le_v4SPD16_eabi.lib</file>
         <name>unlink.c.obj</name>
      </input_file>
   </input_file_list>
   <object_component_list>
      <object_component id="oc-26">
         <name>.intvecs:retain</name>
         <load_address>0x0</load_address>
         <run_address>0x0</run_address>
         <size>0xe4</size>
         <input_file_ref idref="fl-3"/>
      </object_component>
      <object_component id="oc-d7">
         <name>.text</name>
         <load_address>0xe4</load_address>
         <run_address>0xe4</run_address>
         <size>0xd80</size>
         <input_file_ref idref="fl-a"/>
      </object_component>
      <object_component id="oc-1cb">
         <name>.text:__TI_printfi</name>
         <load_address>0xe64</load_address>
         <run_address>0xe64</run_address>
         <size>0xa4e</size>
         <input_file_ref idref="fl-dd"/>
      </object_component>
      <object_component id="oc-2ed">
         <name>.text:_nop</name>
         <load_address>0x18b2</load_address>
         <run_address>0x18b2</run_address>
         <size>0x2</size>
         <input_file_ref idref="fl-f3"/>
      </object_component>
      <object_component id="oc-10c">
         <name>.text:pow</name>
         <load_address>0x18b4</load_address>
         <run_address>0x18b4</run_address>
         <size>0x9d0</size>
         <input_file_ref idref="fl-d8"/>
      </object_component>
      <object_component id="oc-d1">
         <name>.text</name>
         <load_address>0x2284</load_address>
         <run_address>0x2284</run_address>
         <size>0x8d4</size>
         <input_file_ref idref="fl-5"/>
      </object_component>
      <object_component id="oc-c5">
         <name>.text</name>
         <load_address>0x2b58</load_address>
         <run_address>0x2b58</run_address>
         <size>0x798</size>
         <input_file_ref idref="fl-1c"/>
      </object_component>
      <object_component id="oc-70">
         <name>.text</name>
         <load_address>0x32f0</load_address>
         <run_address>0x32f0</run_address>
         <size>0x6e8</size>
         <input_file_ref idref="fl-2"/>
      </object_component>
      <object_component id="oc-b3">
         <name>.text</name>
         <load_address>0x39d8</load_address>
         <run_address>0x39d8</run_address>
         <size>0x480</size>
         <input_file_ref idref="fl-e"/>
      </object_component>
      <object_component id="oc-cb">
         <name>.text</name>
         <load_address>0x3e58</load_address>
         <run_address>0x3e58</run_address>
         <size>0x41c</size>
         <input_file_ref idref="fl-1d"/>
      </object_component>
      <object_component id="oc-b9">
         <name>.text</name>
         <load_address>0x4274</load_address>
         <run_address>0x4274</run_address>
         <size>0x3f0</size>
         <input_file_ref idref="fl-10"/>
      </object_component>
      <object_component id="oc-ac">
         <name>.text</name>
         <load_address>0x4664</load_address>
         <run_address>0x4664</run_address>
         <size>0x334</size>
         <input_file_ref idref="fl-4"/>
      </object_component>
      <object_component id="oc-2cf">
         <name>.text:_pconv_a</name>
         <load_address>0x4998</load_address>
         <run_address>0x4998</run_address>
         <size>0x270</size>
         <input_file_ref idref="fl-dd"/>
      </object_component>
      <object_component id="oc-1b5">
         <name>.text</name>
         <load_address>0x4c08</load_address>
         <run_address>0x4c08</run_address>
         <size>0x244</size>
         <input_file_ref idref="fl-19"/>
      </object_component>
      <object_component id="oc-2bd">
         <name>.text:_pconv_g</name>
         <load_address>0x4e4c</load_address>
         <run_address>0x4e4c</run_address>
         <size>0x1d0</size>
         <input_file_ref idref="fl-dd"/>
      </object_component>
      <object_component id="oc-201">
         <name>.text</name>
         <load_address>0x501c</load_address>
         <run_address>0x501c</run_address>
         <size>0x1b6</size>
         <input_file_ref idref="fl-e3"/>
      </object_component>
      <object_component id="oc-3eb">
         <name>.text</name>
         <load_address>0x51d2</load_address>
         <run_address>0x51d2</run_address>
         <size>0x2</size>
         <input_file_ref idref="fl-106"/>
      </object_component>
      <object_component id="oc-20b">
         <name>.text:sqrt</name>
         <load_address>0x51d4</load_address>
         <run_address>0x51d4</run_address>
         <size>0x158</size>
         <input_file_ref idref="fl-d9"/>
      </object_component>
      <object_component id="oc-2c9">
         <name>.text:_pconv_e</name>
         <load_address>0x532c</load_address>
         <run_address>0x532c</run_address>
         <size>0x13c</size>
         <input_file_ref idref="fl-dd"/>
      </object_component>
      <object_component id="oc-206">
         <name>.text</name>
         <load_address>0x5468</load_address>
         <run_address>0x5468</run_address>
         <size>0x136</size>
         <input_file_ref idref="fl-e5"/>
      </object_component>
      <object_component id="oc-374">
         <name>.text:fcvt</name>
         <load_address>0x55a0</load_address>
         <run_address>0x55a0</run_address>
         <size>0x124</size>
         <input_file_ref idref="fl-dd"/>
      </object_component>
      <object_component id="oc-2fb">
         <name>.text:fputs</name>
         <load_address>0x56c4</load_address>
         <run_address>0x56c4</run_address>
         <size>0x114</size>
         <input_file_ref idref="fl-e0"/>
      </object_component>
      <object_component id="oc-229">
         <name>.text:scalbn</name>
         <load_address>0x57d8</load_address>
         <run_address>0x57d8</run_address>
         <size>0x110</size>
         <input_file_ref idref="fl-da"/>
      </object_component>
      <object_component id="oc-478">
         <name>.text:aligned_alloc</name>
         <load_address>0x58e8</load_address>
         <run_address>0x58e8</run_address>
         <size>0x100</size>
         <input_file_ref idref="fl-fa"/>
      </object_component>
      <object_component id="oc-fd">
         <name>.text</name>
         <load_address>0x59e8</load_address>
         <run_address>0x59e8</run_address>
         <size>0xfc</size>
         <input_file_ref idref="fl-e6"/>
      </object_component>
      <object_component id="oc-436">
         <name>.text:free</name>
         <load_address>0x5ae4</load_address>
         <run_address>0x5ae4</run_address>
         <size>0xe4</size>
         <input_file_ref idref="fl-fa"/>
      </object_component>
      <object_component id="oc-410">
         <name>.text:setvbuf</name>
         <load_address>0x5bc8</load_address>
         <run_address>0x5bc8</run_address>
         <size>0xdc</size>
         <input_file_ref idref="fl-e2"/>
      </object_component>
      <object_component id="oc-bf">
         <name>.text</name>
         <load_address>0x5ca4</load_address>
         <run_address>0x5ca4</run_address>
         <size>0xd8</size>
         <input_file_ref idref="fl-1e"/>
      </object_component>
      <object_component id="oc-2b7">
         <name>.text:_ltostr</name>
         <load_address>0x5d7c</load_address>
         <run_address>0x5d7c</run_address>
         <size>0xb1</size>
         <input_file_ref idref="fl-dd"/>
      </object_component>
      <object_component id="oc-3a">
         <name>.text</name>
         <load_address>0x5e2e</load_address>
         <run_address>0x5e2e</run_address>
         <size>0x9c</size>
         <input_file_ref idref="fl-eb"/>
      </object_component>
      <object_component id="oc-356">
         <name>.text</name>
         <load_address>0x5eca</load_address>
         <run_address>0x5eca</run_address>
         <size>0x96</size>
         <input_file_ref idref="fl-ee"/>
      </object_component>
      <object_component id="oc-302">
         <name>.text:fputc</name>
         <load_address>0x5f60</load_address>
         <run_address>0x5f60</run_address>
         <size>0x8c</size>
         <input_file_ref idref="fl-df"/>
      </object_component>
      <object_component id="oc-21f">
         <name>.text:__aeabi_cdcmple</name>
         <load_address>0x5fec</load_address>
         <run_address>0x5fec</run_address>
         <size>0x86</size>
         <input_file_ref idref="fl-e4"/>
      </object_component>
      <object_component id="oc-224">
         <name>.text:__aeabi_cdrcmple</name>
         <load_address>0x6072</load_address>
         <run_address>0x6072</run_address>
         <size>0x86</size>
         <input_file_ref idref="fl-e4"/>
      </object_component>
      <object_component id="oc-94">
         <name>.text</name>
         <load_address>0x60f8</load_address>
         <run_address>0x60f8</run_address>
         <size>0x7a</size>
         <input_file_ref idref="fl-ed"/>
      </object_component>
      <object_component id="oc-47f">
         <name>.text:__TI_closefile</name>
         <load_address>0x6174</load_address>
         <run_address>0x6174</run_address>
         <size>0x74</size>
         <input_file_ref idref="fl-115"/>
      </object_component>
      <object_component id="oc-4c0">
         <name>.text:split</name>
         <load_address>0x61e8</load_address>
         <run_address>0x61e8</run_address>
         <size>0x70</size>
         <input_file_ref idref="fl-fa"/>
      </object_component>
      <object_component id="oc-36d">
         <name>.text:_mcpy</name>
         <load_address>0x6258</load_address>
         <run_address>0x6258</run_address>
         <size>0x6e</size>
         <input_file_ref idref="fl-dd"/>
      </object_component>
      <object_component id="oc-102">
         <name>.text</name>
         <load_address>0x62c6</load_address>
         <run_address>0x62c6</run_address>
         <size>0x6e</size>
         <input_file_ref idref="fl-e8"/>
      </object_component>
      <object_component id="oc-4af">
         <name>.text:HOSTrename</name>
         <load_address>0x6334</load_address>
         <run_address>0x6334</run_address>
         <size>0x6c</size>
         <input_file_ref idref="fl-10f"/>
      </object_component>
      <object_component id="oc-4a3">
         <name>.text:HOSTlseek</name>
         <load_address>0x63a0</load_address>
         <run_address>0x63a0</run_address>
         <size>0x68</size>
         <input_file_ref idref="fl-10c"/>
      </object_component>
      <object_component id="oc-17">
         <name>.text:decompress:lzss:__TI_decompress_lzss</name>
         <load_address>0x6408</load_address>
         <run_address>0x6408</run_address>
         <size>0x68</size>
         <input_file_ref idref="fl-f1"/>
      </object_component>
      <object_component id="oc-dd">
         <name>.text:printf</name>
         <load_address>0x6470</load_address>
         <run_address>0x6470</run_address>
         <size>0x68</size>
         <input_file_ref idref="fl-dc"/>
      </object_component>
      <object_component id="oc-382">
         <name>.text:frexp</name>
         <load_address>0x64d8</load_address>
         <run_address>0x64d8</run_address>
         <size>0x64</size>
         <input_file_ref idref="fl-101"/>
      </object_component>
      <object_component id="oc-40a">
         <name>.text:fseek</name>
         <load_address>0x653c</load_address>
         <run_address>0x653c</run_address>
         <size>0x64</size>
         <input_file_ref idref="fl-105"/>
      </object_component>
      <object_component id="oc-3ae">
         <name>.text:__TI_wrt_ok</name>
         <load_address>0x65a0</load_address>
         <run_address>0x65a0</run_address>
         <size>0x62</size>
         <input_file_ref idref="fl-e1"/>
      </object_component>
      <object_component id="oc-48b">
         <name>.text:HOSTopen</name>
         <load_address>0x6604</load_address>
         <run_address>0x6604</run_address>
         <size>0x60</size>
         <input_file_ref idref="fl-10d"/>
      </object_component>
      <object_component id="oc-4c7">
         <name>.text:close</name>
         <load_address>0x6664</load_address>
         <run_address>0x6664</run_address>
         <size>0x5c</size>
         <input_file_ref idref="fl-11b"/>
      </object_component>
      <object_component id="oc-497">
         <name>.text:HOSTread</name>
         <load_address>0x66c0</load_address>
         <run_address>0x66c0</run_address>
         <size>0x58</size>
         <input_file_ref idref="fl-10e"/>
      </object_component>
      <object_component id="oc-49d">
         <name>.text:HOSTwrite</name>
         <load_address>0x6718</load_address>
         <run_address>0x6718</run_address>
         <size>0x58</size>
         <input_file_ref idref="fl-111"/>
      </object_component>
      <object_component id="oc-2c3">
         <name>.text:_pconv_f</name>
         <load_address>0x6770</load_address>
         <run_address>0x6770</run_address>
         <size>0x56</size>
         <input_file_ref idref="fl-dd"/>
      </object_component>
      <object_component id="oc-361">
         <name>.text:__TI_ltoa</name>
         <load_address>0x67c6</load_address>
         <run_address>0x67c6</run_address>
         <size>0x54</size>
         <input_file_ref idref="fl-f4"/>
      </object_component>
      <object_component id="oc-367">
         <name>.text:_ecpy</name>
         <load_address>0x681a</load_address>
         <run_address>0x681a</run_address>
         <size>0x52</size>
         <input_file_ref idref="fl-dd"/>
      </object_component>
      <object_component id="oc-3ba">
         <name>.text:__TI_doflush</name>
         <load_address>0x686c</load_address>
         <run_address>0x686c</run_address>
         <size>0x4c</size>
         <input_file_ref idref="fl-103"/>
      </object_component>
      <object_component id="oc-2b1">
         <name>.text:atoi</name>
         <load_address>0x68b8</load_address>
         <run_address>0x68b8</run_address>
         <size>0x4c</size>
         <input_file_ref idref="fl-f5"/>
      </object_component>
      <object_component id="oc-14f">
         <name>.text:exit</name>
         <load_address>0x6904</load_address>
         <run_address>0x6904</run_address>
         <size>0x48</size>
         <input_file_ref idref="fl-f2"/>
      </object_component>
      <object_component id="oc-35c">
         <name>.text</name>
         <load_address>0x694c</load_address>
         <run_address>0x694c</run_address>
         <size>0x48</size>
         <input_file_ref idref="fl-e7"/>
      </object_component>
      <object_component id="oc-491">
         <name>.text:HOSTclose</name>
         <load_address>0x6994</load_address>
         <run_address>0x6994</run_address>
         <size>0x44</size>
         <input_file_ref idref="fl-10b"/>
      </object_component>
      <object_component id="oc-4a9">
         <name>.text:HOSTunlink</name>
         <load_address>0x69d8</load_address>
         <run_address>0x69d8</run_address>
         <size>0x44</size>
         <input_file_ref idref="fl-110"/>
      </object_component>
      <object_component id="oc-155">
         <name>.text:__TI_auto_init_nobinit_nopinit:__TI_auto_init_nobinit_nopinit</name>
         <load_address>0x6a1c</load_address>
         <run_address>0x6a1c</run_address>
         <size>0x44</size>
         <input_file_ref idref="fl-107"/>
      </object_component>
      <object_component id="oc-4ff">
         <name>.text:getdevice</name>
         <load_address>0x6a60</load_address>
         <run_address>0x6a60</run_address>
         <size>0x44</size>
         <input_file_ref idref="fl-116"/>
      </object_component>
      <object_component id="oc-112">
         <name>.text:sprintf</name>
         <load_address>0x6aa4</load_address>
         <run_address>0x6aa4</run_address>
         <size>0x40</size>
         <input_file_ref idref="fl-de"/>
      </object_component>
      <object_component id="oc-37a">
         <name>.text:_fcpy</name>
         <load_address>0x6ae4</load_address>
         <run_address>0x6ae4</run_address>
         <size>0x3e</size>
         <input_file_ref idref="fl-dd"/>
      </object_component>
      <object_component id="oc-198">
         <name>.text</name>
         <load_address>0x6b22</load_address>
         <run_address>0x6b22</run_address>
         <size>0x3e</size>
         <input_file_ref idref="fl-8"/>
      </object_component>
      <object_component id="oc-4d8">
         <name>.text:__TI_writemsg</name>
         <load_address>0x6b60</load_address>
         <run_address>0x6b60</run_address>
         <size>0x38</size>
         <input_file_ref idref="fl-112"/>
      </object_component>
      <object_component id="oc-107">
         <name>.text</name>
         <load_address>0x6b98</load_address>
         <run_address>0x6b98</run_address>
         <size>0x38</size>
         <input_file_ref idref="fl-e9"/>
      </object_component>
      <object_component id="oc-521">
         <name>.text:strncpy</name>
         <load_address>0x6bd0</load_address>
         <run_address>0x6bd0</run_address>
         <size>0x36</size>
         <input_file_ref idref="fl-119"/>
      </object_component>
      <object_component id="oc-442">
         <name>.text:__TI_cleanup</name>
         <load_address>0x6c08</load_address>
         <run_address>0x6c08</run_address>
         <size>0x34</size>
         <input_file_ref idref="fl-104"/>
      </object_component>
      <object_component id="oc-4de">
         <name>.text:__TI_readmsg</name>
         <load_address>0x6c3c</load_address>
         <run_address>0x6c3c</run_address>
         <size>0x34</size>
         <input_file_ref idref="fl-112"/>
      </object_component>
      <object_component id="oc-58">
         <name>.text:_c_int00_noargs:_c_int00_noargs</name>
         <load_address>0x6c70</load_address>
         <run_address>0x6c70</run_address>
         <size>0x34</size>
         <input_file_ref idref="fl-100"/>
      </object_component>
      <object_component id="oc-527">
         <name>.text:finddevice</name>
         <load_address>0x6ca4</load_address>
         <run_address>0x6ca4</run_address>
         <size>0x30</size>
         <input_file_ref idref="fl-116"/>
      </object_component>
      <object_component id="oc-217">
         <name>.text</name>
         <load_address>0x6cd4</load_address>
         <run_address>0x6cd4</run_address>
         <size>0x2e</size>
         <input_file_ref idref="fl-ea"/>
      </object_component>
      <object_component id="oc-4cd">
         <name>.text:unlink</name>
         <load_address>0x6d04</load_address>
         <run_address>0x6d04</run_address>
         <size>0x2c</size>
         <input_file_ref idref="fl-11c"/>
      </object_component>
      <object_component id="oc-471">
         <name>.text:free_list_insert</name>
         <load_address>0x6d30</load_address>
         <run_address>0x6d30</run_address>
         <size>0x28</size>
         <input_file_ref idref="fl-fa"/>
      </object_component>
      <object_component id="oc-42e">
         <name>.text:lseek</name>
         <load_address>0x6d58</load_address>
         <run_address>0x6d58</run_address>
         <size>0x28</size>
         <input_file_ref idref="fl-114"/>
      </object_component>
      <object_component id="oc-3c0">
         <name>.text:write</name>
         <load_address>0x6d80</load_address>
         <run_address>0x6d80</run_address>
         <size>0x28</size>
         <input_file_ref idref="fl-fd"/>
      </object_component>
      <object_component id="oc-3b4">
         <name>.text:memchr</name>
         <load_address>0x6da8</load_address>
         <run_address>0x6da8</run_address>
         <size>0x20</size>
         <input_file_ref idref="fl-f9"/>
      </object_component>
      <object_component id="oc-f8">
         <name>.text</name>
         <load_address>0x6dc8</load_address>
         <run_address>0x6dc8</run_address>
         <size>0x20</size>
         <input_file_ref idref="fl-ec"/>
      </object_component>
      <object_component id="oc-46">
         <name>.text:decompress:ZI:__TI_zero_init_nomemset:__TI_zero_init_nomemset</name>
         <load_address>0x6de8</load_address>
         <run_address>0x6de8</run_address>
         <size>0x1c</size>
         <input_file_ref idref="fl-ef"/>
      </object_component>
      <object_component id="oc-46b">
         <name>.text:free_list_remove</name>
         <load_address>0x6e04</load_address>
         <run_address>0x6e04</run_address>
         <size>0x1c</size>
         <input_file_ref idref="fl-fa"/>
      </object_component>
      <object_component id="oc-2d5">
         <name>.text:memccpy</name>
         <load_address>0x6e20</load_address>
         <run_address>0x6e20</run_address>
         <size>0x1c</size>
         <input_file_ref idref="fl-f8"/>
      </object_component>
      <object_component id="oc-31e">
         <name>.text:copysign</name>
         <load_address>0x6e3c</load_address>
         <run_address>0x6e3c</run_address>
         <size>0x1a</size>
         <input_file_ref idref="fl-db"/>
      </object_component>
      <object_component id="oc-237">
         <name>.text:_outs</name>
         <load_address>0x6e56</load_address>
         <run_address>0x6e56</run_address>
         <size>0x18</size>
         <input_file_ref idref="fl-de"/>
      </object_component>
      <object_component id="oc-53e">
         <name>.text:strcmp</name>
         <load_address>0x6e6e</load_address>
         <run_address>0x6e6e</run_address>
         <size>0x18</size>
         <input_file_ref idref="fl-117"/>
      </object_component>
      <object_component id="oc-388">
         <name>.text:strchr</name>
         <load_address>0x6e86</load_address>
         <run_address>0x6e86</run_address>
         <size>0x16</size>
         <input_file_ref idref="fl-fb"/>
      </object_component>
      <object_component id="oc-4f2">
         <name>.text:strcpy</name>
         <load_address>0x6e9c</load_address>
         <run_address>0x6e9c</run_address>
         <size>0x14</size>
         <input_file_ref idref="fl-118"/>
      </object_component>
      <object_component id="oc-2ab">
         <name>.text:strlen</name>
         <load_address>0x6eb0</load_address>
         <run_address>0x6eb0</run_address>
         <size>0x14</size>
         <input_file_ref idref="fl-fc"/>
      </object_component>
      <object_component id="oc-2db">
         <name>.text:wcslen</name>
         <load_address>0x6ec4</load_address>
         <run_address>0x6ec4</run_address>
         <size>0x12</size>
         <input_file_ref idref="fl-102"/>
      </object_component>
      <object_component id="oc-1d">
         <name>.text:decompress:none:__TI_decompress_none</name>
         <load_address>0x6ed6</load_address>
         <run_address>0x6ed6</run_address>
         <size>0xe</size>
         <input_file_ref idref="fl-f0"/>
      </object_component>
      <object_component id="oc-6a">
         <name>.text</name>
         <load_address>0x6ee4</load_address>
         <run_address>0x6ee4</run_address>
         <size>0xe</size>
         <input_file_ref idref="fl-3"/>
      </object_component>
      <object_component id="oc-23d">
         <name>.text:_outc</name>
         <load_address>0x6ef2</load_address>
         <run_address>0x6ef2</run_address>
         <size>0xa</size>
         <input_file_ref idref="fl-de"/>
      </object_component>
      <object_component id="oc-211">
         <name>.text:__aeabi_errno_addr</name>
         <load_address>0x6efc</load_address>
         <run_address>0x6efc</run_address>
         <size>0x8</size>
         <input_file_ref idref="fl-ff"/>
      </object_component>
      <object_component id="oc-43c">
         <name>.text:malloc</name>
         <load_address>0x6f04</load_address>
         <run_address>0x6f04</run_address>
         <size>0x8</size>
         <input_file_ref idref="fl-fa"/>
      </object_component>
      <object_component id="oc-1dd">
         <name>.text:_outc</name>
         <load_address>0x6f0c</load_address>
         <run_address>0x6f0c</run_address>
         <size>0x4</size>
         <input_file_ref idref="fl-dc"/>
      </object_component>
      <object_component id="oc-1d7">
         <name>.text:_outs</name>
         <load_address>0x6f10</load_address>
         <run_address>0x6f10</run_address>
         <size>0x4</size>
         <input_file_ref idref="fl-dc"/>
      </object_component>
      <object_component id="oc-9a">
         <name>.text:_system_pre_init</name>
         <load_address>0x6f14</load_address>
         <run_address>0x6f14</run_address>
         <size>0x4</size>
         <input_file_ref idref="fl-108"/>
      </object_component>
      <object_component id="oc-149">
         <name>.text:abort:abort</name>
         <load_address>0x6f18</load_address>
         <run_address>0x6f18</run_address>
         <size>0x4</size>
         <input_file_ref idref="fl-f2"/>
      </object_component>
      <object_component id="oc-351">
         <name>.const:.string:_ctypes_</name>
         <load_address>0x6f20</load_address>
         <run_address>0x6f20</run_address>
         <size>0x101</size>
         <input_file_ref idref="fl-f6"/>
      </object_component>
      <object_component id="oc-1c1">
         <name>.const:_ctlRegs</name>
         <load_address>0x7024</load_address>
         <run_address>0x7024</run_address>
         <size>0x80</size>
         <input_file_ref idref="fl-5"/>
      </object_component>
      <object_component id="oc-1a4">
         <name>.const:g_pulRegs</name>
         <load_address>0x70a4</load_address>
         <run_address>0x70a4</run_address>
         <size>0x50</size>
         <input_file_ref idref="fl-10"/>
      </object_component>
      <object_component id="oc-21c">
         <name>.const:$O1$$</name>
         <load_address>0x70f8</load_address>
         <run_address>0x70f8</run_address>
         <size>0x30</size>
         <input_file_ref idref="fl-d8"/>
      </object_component>
      <object_component id="oc-f2">
         <name>.const:UART_init</name>
         <load_address>0x7128</load_address>
         <run_address>0x7128</run_address>
         <size>0x24</size>
         <input_file_ref idref="fl-2"/>
      </object_component>
      <object_component id="oc-1a1">
         <name>.const:g_pulPriority</name>
         <load_address>0x714c</load_address>
         <run_address>0x714c</run_address>
         <size>0x20</size>
         <input_file_ref idref="fl-10"/>
      </object_component>
      <object_component id="oc-18e">
         <name>.const:GPIO_PORT_TO_INT</name>
         <load_address>0x716c</load_address>
         <run_address>0x716c</run_address>
         <size>0x1c</size>
         <input_file_ref idref="fl-e"/>
      </object_component>
      <object_component id="oc-e6">
         <name>.const:pwmConfigTA01</name>
         <load_address>0x7188</load_address>
         <run_address>0x7188</run_address>
         <size>0x18</size>
         <input_file_ref idref="fl-2"/>
      </object_component>
      <object_component id="oc-e9">
         <name>.const:pwmConfigTA02</name>
         <load_address>0x71a0</load_address>
         <run_address>0x71a0</run_address>
         <size>0x18</size>
         <input_file_ref idref="fl-2"/>
      </object_component>
      <object_component id="oc-ec">
         <name>.const:pwmConfigTA03</name>
         <load_address>0x71b8</load_address>
         <run_address>0x71b8</run_address>
         <size>0x18</size>
         <input_file_ref idref="fl-2"/>
      </object_component>
      <object_component id="oc-ef">
         <name>.const:pwmConfigTA04</name>
         <load_address>0x71d0</load_address>
         <run_address>0x71d0</run_address>
         <size>0x18</size>
         <input_file_ref idref="fl-2"/>
      </object_component>
      <object_component id="oc-f5">
         <name>.const:upConfig_1</name>
         <load_address>0x71e8</load_address>
         <run_address>0x71e8</run_address>
         <size>0x18</size>
         <input_file_ref idref="fl-2"/>
      </object_component>
      <object_component id="oc-1aa">
         <name>.const:g_pulDisRegs</name>
         <load_address>0x7200</load_address>
         <run_address>0x7200</run_address>
         <size>0x8</size>
         <input_file_ref idref="fl-10"/>
      </object_component>
      <object_component id="oc-1a7">
         <name>.const:g_pulEnRegs</name>
         <load_address>0x7208</load_address>
         <run_address>0x7208</run_address>
         <size>0x8</size>
         <input_file_ref idref="fl-10"/>
      </object_component>
      <object_component id="oc-1ad">
         <name>.const:g_pulPendRegs</name>
         <load_address>0x7210</load_address>
         <run_address>0x7210</run_address>
         <size>0x8</size>
         <input_file_ref idref="fl-10"/>
      </object_component>
      <object_component id="oc-1b0">
         <name>.const:g_pulUnpendRegs</name>
         <load_address>0x7218</load_address>
         <run_address>0x7218</run_address>
         <size>0x8</size>
         <input_file_ref idref="fl-10"/>
      </object_component>
      <object_component id="oc-57f">
         <name>.cinit..data.load</name>
         <load_address>0x7220</load_address>
         <run_address>0x7220</run_address>
         <size>0x95</size>
      </object_component>
      <object_component id="oc-57c">
         <name>__TI_handler_table</name>
         <load_address>0x72b8</load_address>
         <run_address>0x72b8</run_address>
         <size>0xc</size>
      </object_component>
      <object_component id="oc-580">
         <name>.cinit..bss.load</name>
         <load_address>0x72c8</load_address>
         <run_address>0x72c8</run_address>
         <size>0x8</size>
      </object_component>
      <object_component id="oc-57e">
         <name>.cinit..vtable.load</name>
         <load_address>0x72d0</load_address>
         <run_address>0x72d0</run_address>
         <size>0x8</size>
      </object_component>
      <object_component id="oc-57d">
         <name>__TI_cinit_table</name>
         <load_address>0x72d8</load_address>
         <run_address>0x72d8</run_address>
         <size>0x18</size>
      </object_component>
      <object_component id="oc-550">
         <name>.binit</name>
         <load_address>0x0</load_address>
         <run_address>0x0</run_address>
         <size>0x0</size>
      </object_component>
      <object_component id="oc-19e">
         <name>.vtable</name>
         <uninitialized>true</uninitialized>
         <run_address>0x20000000</run_address>
         <size>0xe4</size>
         <input_file_ref idref="fl-10"/>
      </object_component>
      <object_component id="oc-e3">
         <name>.data</name>
         <load_address>0x200006ec</load_address>
         <run_address>0x200006ec</run_address>
         <size>0xb</size>
         <input_file_ref idref="fl-2"/>
      </object_component>
      <object_component id="oc-187">
         <name>.data</name>
         <load_address>0x2000070c</load_address>
         <run_address>0x2000070c</run_address>
         <size>0x4</size>
         <input_file_ref idref="fl-4"/>
      </object_component>
      <object_component id="oc-18b">
         <name>.data:GPIO_PORT_TO_BASE</name>
         <load_address>0x200006a0</load_address>
         <run_address>0x200006a0</run_address>
         <size>0x30</size>
         <input_file_ref idref="fl-e"/>
      </object_component>
      <object_component id="oc-261">
         <name>.data:$O1$$</name>
         <load_address>0x200006e0</load_address>
         <run_address>0x200006e0</run_address>
         <size>0xc</size>
         <input_file_ref idref="fl-f2"/>
      </object_component>
      <object_component id="oc-1d1">
         <name>.data:$O1$$</name>
         <load_address>0x200006f8</load_address>
         <run_address>0x200006f8</run_address>
         <size>0x8</size>
         <input_file_ref idref="fl-f3"/>
      </object_component>
      <object_component id="oc-1d4">
         <name>.data:_ftable</name>
         <load_address>0x200004e8</load_address>
         <run_address>0x200004e8</run_address>
         <size>0xf0</size>
         <input_file_ref idref="fl-f7"/>
      </object_component>
      <object_component id="oc-485">
         <name>.data</name>
         <load_address>0x200006d0</load_address>
         <run_address>0x200006d0</run_address>
         <size>0x10</size>
         <input_file_ref idref="fl-f7"/>
      </object_component>
      <object_component id="oc-4bb">
         <name>.data:$O1$$</name>
         <load_address>0x20000700</load_address>
         <run_address>0x20000700</run_address>
         <size>0x8</size>
         <input_file_ref idref="fl-fa"/>
      </object_component>
      <object_component id="oc-455">
         <name>.data:_device</name>
         <load_address>0x200005d8</load_address>
         <run_address>0x200005d8</run_address>
         <size>0x78</size>
         <input_file_ref idref="fl-fe"/>
      </object_component>
      <object_component id="oc-41c">
         <name>.data:_stream</name>
         <load_address>0x20000650</load_address>
         <run_address>0x20000650</run_address>
         <size>0x50</size>
         <input_file_ref idref="fl-fe"/>
      </object_component>
      <object_component id="oc-314">
         <name>.data</name>
         <load_address>0x20000708</load_address>
         <run_address>0x20000708</run_address>
         <size>0x4</size>
         <input_file_ref idref="fl-ff"/>
      </object_component>
      <object_component id="oc-1c6">
         <name>.bss</name>
         <uninitialized>true</uninitialized>
         <run_address>0x200008d0</run_address>
         <size>0x8</size>
         <input_file_ref idref="fl-a"/>
      </object_component>
      <object_component id="oc-509">
         <name>.bss:_CIOBUF_</name>
         <uninitialized>true</uninitialized>
         <run_address>0x20000710</run_address>
         <size>0x120</size>
         <input_file_ref idref="fl-112"/>
      </object_component>
      <object_component id="oc-118">
         <name>.common:distance_var</name>
         <uninitialized>true</uninitialized>
         <run_address>0x200008e0</run_address>
         <size>0x4</size>
      </object_component>
      <object_component id="oc-4d3">
         <name>.common:__TI_tmpnams</name>
         <uninitialized>true</uninitialized>
         <run_address>0x20000830</run_address>
         <size>0xa0</size>
      </object_component>
      <object_component id="oc-4e4">
         <name>.common:parmbuf</name>
         <uninitialized>true</uninitialized>
         <run_address>0x200008d8</run_address>
         <size>0x8</size>
      </object_component>
      <object_component id="oc-29">
         <name>.sysmem</name>
         <uninitialized>true</uninitialized>
         <run_address>0x200000e8</run_address>
         <size>0x10</size>
         <input_file_ref idref="fl-fa"/>
      </object_component>
      <object_component id="oc-583">
         <name>.sysmem</name>
         <uninitialized>true</uninitialized>
         <run_address>0x200000e8</run_address>
         <size>0x0</size>
      </object_component>
      <object_component id="oc-2c">
         <name>.stack</name>
         <uninitialized>true</uninitialized>
         <run_address>0x2000fe00</run_address>
         <size>0x4</size>
         <input_file_ref idref="fl-100"/>
      </object_component>
      <object_component id="oc-582">
         <name>.stack</name>
         <uninitialized>true</uninitialized>
         <run_address>0x2000fe00</run_address>
         <size>0x0</size>
      </object_component>
      <object_component id="oc-119">
         <name>.debug_info</name>
         <load_address>0x0</load_address>
         <run_address>0x0</run_address>
         <size>0xf91</size>
         <input_file_ref idref="fl-2"/>
      </object_component>
      <object_component id="oc-e4">
         <name>.debug_info</name>
         <load_address>0xf91</load_address>
         <run_address>0xf91</run_address>
         <size>0x155</size>
         <input_file_ref idref="fl-2"/>
      </object_component>
      <object_component id="oc-e7">
         <name>.debug_info</name>
         <load_address>0x10e6</load_address>
         <run_address>0x10e6</run_address>
         <size>0xd7</size>
         <input_file_ref idref="fl-2"/>
      </object_component>
      <object_component id="oc-ea">
         <name>.debug_info</name>
         <load_address>0x11bd</load_address>
         <run_address>0x11bd</run_address>
         <size>0xd7</size>
         <input_file_ref idref="fl-2"/>
      </object_component>
      <object_component id="oc-ed">
         <name>.debug_info</name>
         <load_address>0x1294</load_address>
         <run_address>0x1294</run_address>
         <size>0xd7</size>
         <input_file_ref idref="fl-2"/>
      </object_component>
      <object_component id="oc-f0">
         <name>.debug_info</name>
         <load_address>0x136b</load_address>
         <run_address>0x136b</run_address>
         <size>0xd7</size>
         <input_file_ref idref="fl-2"/>
      </object_component>
      <object_component id="oc-f3">
         <name>.debug_info</name>
         <load_address>0x1442</load_address>
         <run_address>0x1442</run_address>
         <size>0xcf</size>
         <input_file_ref idref="fl-2"/>
      </object_component>
      <object_component id="oc-f6">
         <name>.debug_info</name>
         <load_address>0x1511</load_address>
         <run_address>0x1511</run_address>
         <size>0xd1</size>
         <input_file_ref idref="fl-2"/>
      </object_component>
      <object_component id="oc-74">
         <name>.debug_info</name>
         <load_address>0x15e2</load_address>
         <run_address>0x15e2</run_address>
         <size>0xd98</size>
         <input_file_ref idref="fl-2"/>
      </object_component>
      <object_component id="oc-1ec">
         <name>.debug_info</name>
         <load_address>0x237a</load_address>
         <run_address>0x237a</run_address>
         <size>0x63</size>
         <input_file_ref idref="fl-2"/>
      </object_component>
      <object_component id="oc-247">
         <name>.debug_info</name>
         <load_address>0x23dd</load_address>
         <run_address>0x23dd</run_address>
         <size>0x37e2</size>
         <input_file_ref idref="fl-2"/>
      </object_component>
      <object_component id="oc-128">
         <name>.debug_info</name>
         <load_address>0x5bbf</load_address>
         <run_address>0x5bbf</run_address>
         <size>0x26b</size>
         <input_file_ref idref="fl-2"/>
      </object_component>
      <object_component id="oc-24c">
         <name>.debug_info</name>
         <load_address>0x5e2a</load_address>
         <run_address>0x5e2a</run_address>
         <size>0x1055</size>
         <input_file_ref idref="fl-2"/>
      </object_component>
      <object_component id="oc-2a6">
         <name>.debug_info</name>
         <load_address>0x6e7f</load_address>
         <run_address>0x6e7f</run_address>
         <size>0x1b5</size>
         <input_file_ref idref="fl-2"/>
      </object_component>
      <object_component id="oc-251">
         <name>.debug_info</name>
         <load_address>0x7034</load_address>
         <run_address>0x7034</run_address>
         <size>0x341</size>
         <input_file_ref idref="fl-2"/>
      </object_component>
      <object_component id="oc-121">
         <name>.debug_info</name>
         <load_address>0x7375</load_address>
         <run_address>0x7375</run_address>
         <size>0x8b</size>
         <input_file_ref idref="fl-2"/>
      </object_component>
      <object_component id="oc-25b">
         <name>.debug_info</name>
         <load_address>0x7400</load_address>
         <run_address>0x7400</run_address>
         <size>0x2a4</size>
         <input_file_ref idref="fl-2"/>
      </object_component>
      <object_component id="oc-192">
         <name>.debug_info</name>
         <load_address>0x76a4</load_address>
         <run_address>0x76a4</run_address>
         <size>0xef</size>
         <input_file_ref idref="fl-2"/>
      </object_component>
      <object_component id="oc-11c">
         <name>.debug_info</name>
         <load_address>0x7793</load_address>
         <run_address>0x7793</run_address>
         <size>0xbb</size>
         <input_file_ref idref="fl-2"/>
      </object_component>
      <object_component id="oc-1e5">
         <name>.debug_info</name>
         <load_address>0x784e</load_address>
         <run_address>0x784e</run_address>
         <size>0x2c</size>
         <input_file_ref idref="fl-2"/>
      </object_component>
      <object_component id="oc-256">
         <name>.debug_info</name>
         <load_address>0x787a</load_address>
         <run_address>0x787a</run_address>
         <size>0xee</size>
         <input_file_ref idref="fl-2"/>
      </object_component>
      <object_component id="oc-78">
         <name>.debug_info</name>
         <load_address>0x7968</load_address>
         <run_address>0x7968</run_address>
         <size>0x2c4</size>
         <input_file_ref idref="fl-3"/>
      </object_component>
      <object_component id="oc-27">
         <name>.debug_info</name>
         <load_address>0x7c2c</load_address>
         <run_address>0x7c2c</run_address>
         <size>0xf0</size>
         <input_file_ref idref="fl-3"/>
      </object_component>
      <object_component id="oc-6b">
         <name>.debug_info</name>
         <load_address>0x7d1c</load_address>
         <run_address>0x7d1c</run_address>
         <size>0x1b7</size>
         <input_file_ref idref="fl-3"/>
      </object_component>
      <object_component id="oc-35">
         <name>.debug_info</name>
         <load_address>0x7ed3</load_address>
         <run_address>0x7ed3</run_address>
         <size>0x84</size>
         <input_file_ref idref="fl-3"/>
      </object_component>
      <object_component id="oc-188">
         <name>.debug_info</name>
         <load_address>0x7f57</load_address>
         <run_address>0x7f57</run_address>
         <size>0xe9</size>
         <input_file_ref idref="fl-4"/>
      </object_component>
      <object_component id="oc-ad">
         <name>.debug_info</name>
         <load_address>0x8040</load_address>
         <run_address>0x8040</run_address>
         <size>0x25b</size>
         <input_file_ref idref="fl-4"/>
      </object_component>
      <object_component id="oc-1c5">
         <name>.debug_info</name>
         <load_address>0x829b</load_address>
         <run_address>0x829b</run_address>
         <size>0x68c</size>
         <input_file_ref idref="fl-5"/>
      </object_component>
      <object_component id="oc-1c2">
         <name>.debug_info</name>
         <load_address>0x8927</load_address>
         <run_address>0x8927</run_address>
         <size>0xe2</size>
         <input_file_ref idref="fl-5"/>
      </object_component>
      <object_component id="oc-d2">
         <name>.debug_info</name>
         <load_address>0x8a09</load_address>
         <run_address>0x8a09</run_address>
         <size>0x22f3</size>
         <input_file_ref idref="fl-5"/>
      </object_component>
      <object_component id="oc-199">
         <name>.debug_info</name>
         <load_address>0xacfc</load_address>
         <run_address>0xacfc</run_address>
         <size>0x3bf</size>
         <input_file_ref idref="fl-8"/>
      </object_component>
      <object_component id="oc-1ca">
         <name>.debug_info</name>
         <load_address>0xb0bb</load_address>
         <run_address>0xb0bb</run_address>
         <size>0x77e</size>
         <input_file_ref idref="fl-a"/>
      </object_component>
      <object_component id="oc-1c7">
         <name>.debug_info</name>
         <load_address>0xb839</load_address>
         <run_address>0xb839</run_address>
         <size>0xff</size>
         <input_file_ref idref="fl-a"/>
      </object_component>
      <object_component id="oc-d8">
         <name>.debug_info</name>
         <load_address>0xb938</load_address>
         <run_address>0xb938</run_address>
         <size>0x22d9</size>
         <input_file_ref idref="fl-a"/>
      </object_component>
      <object_component id="oc-197">
         <name>.debug_info</name>
         <load_address>0xdc11</load_address>
         <run_address>0xdc11</run_address>
         <size>0x687</size>
         <input_file_ref idref="fl-e"/>
      </object_component>
      <object_component id="oc-18f">
         <name>.debug_info</name>
         <load_address>0xe298</load_address>
         <run_address>0xe298</run_address>
         <size>0xf1</size>
         <input_file_ref idref="fl-e"/>
      </object_component>
      <object_component id="oc-18c">
         <name>.debug_info</name>
         <load_address>0xe389</load_address>
         <run_address>0xe389</run_address>
         <size>0xf3</size>
         <input_file_ref idref="fl-e"/>
      </object_component>
      <object_component id="oc-b4">
         <name>.debug_info</name>
         <load_address>0xe47c</load_address>
         <run_address>0xe47c</run_address>
         <size>0x19f4</size>
         <input_file_ref idref="fl-e"/>
      </object_component>
      <object_component id="oc-1b4">
         <name>.debug_info</name>
         <load_address>0xfe70</load_address>
         <run_address>0xfe70</run_address>
         <size>0x615</size>
         <input_file_ref idref="fl-10"/>
      </object_component>
      <object_component id="oc-1a2">
         <name>.debug_info</name>
         <load_address>0x10485</load_address>
         <run_address>0x10485</run_address>
         <size>0xf0</size>
         <input_file_ref idref="fl-10"/>
      </object_component>
      <object_component id="oc-1a5">
         <name>.debug_info</name>
         <load_address>0x10575</load_address>
         <run_address>0x10575</run_address>
         <size>0xe8</size>
         <input_file_ref idref="fl-10"/>
      </object_component>
      <object_component id="oc-1a8">
         <name>.debug_info</name>
         <load_address>0x1065d</load_address>
         <run_address>0x1065d</run_address>
         <size>0xec</size>
         <input_file_ref idref="fl-10"/>
      </object_component>
      <object_component id="oc-1ab">
         <name>.debug_info</name>
         <load_address>0x10749</load_address>
         <run_address>0x10749</run_address>
         <size>0xee</size>
         <input_file_ref idref="fl-10"/>
      </object_component>
      <object_component id="oc-1ae">
         <name>.debug_info</name>
         <load_address>0x10837</load_address>
         <run_address>0x10837</run_address>
         <size>0xf0</size>
         <input_file_ref idref="fl-10"/>
      </object_component>
      <object_component id="oc-1b1">
         <name>.debug_info</name>
         <load_address>0x10927</load_address>
         <run_address>0x10927</run_address>
         <size>0xf4</size>
         <input_file_ref idref="fl-10"/>
      </object_component>
      <object_component id="oc-19f">
         <name>.debug_info</name>
         <load_address>0x10a1b</load_address>
         <run_address>0x10a1b</run_address>
         <size>0xf5</size>
         <input_file_ref idref="fl-10"/>
      </object_component>
      <object_component id="oc-bd">
         <name>.debug_info</name>
         <load_address>0x10b10</load_address>
         <run_address>0x10b10</run_address>
         <size>0x1198</size>
         <input_file_ref idref="fl-10"/>
      </object_component>
      <object_component id="oc-297">
         <name>.debug_info</name>
         <load_address>0x11ca8</load_address>
         <run_address>0x11ca8</run_address>
         <size>0x54d</size>
         <input_file_ref idref="fl-19"/>
      </object_component>
      <object_component id="oc-1b6">
         <name>.debug_info</name>
         <load_address>0x121f5</load_address>
         <run_address>0x121f5</run_address>
         <size>0xe97</size>
         <input_file_ref idref="fl-19"/>
      </object_component>
      <object_component id="oc-1be">
         <name>.debug_info</name>
         <load_address>0x1308c</load_address>
         <run_address>0x1308c</run_address>
         <size>0x6ab</size>
         <input_file_ref idref="fl-1c"/>
      </object_component>
      <object_component id="oc-c6">
         <name>.debug_info</name>
         <load_address>0x13737</load_address>
         <run_address>0x13737</run_address>
         <size>0x249d</size>
         <input_file_ref idref="fl-1c"/>
      </object_component>
      <object_component id="oc-1c0">
         <name>.debug_info</name>
         <load_address>0x15bd4</load_address>
         <run_address>0x15bd4</run_address>
         <size>0x671</size>
         <input_file_ref idref="fl-1d"/>
      </object_component>
      <object_component id="oc-ce">
         <name>.debug_info</name>
         <load_address>0x16245</load_address>
         <run_address>0x16245</run_address>
         <size>0x1616</size>
         <input_file_ref idref="fl-1d"/>
      </object_component>
      <object_component id="oc-1bc">
         <name>.debug_info</name>
         <load_address>0x1785b</load_address>
         <run_address>0x1785b</run_address>
         <size>0x715</size>
         <input_file_ref idref="fl-1e"/>
      </object_component>
      <object_component id="oc-c0">
         <name>.debug_info</name>
         <load_address>0x17f70</load_address>
         <run_address>0x17f70</run_address>
         <size>0x8a7</size>
         <input_file_ref idref="fl-1e"/>
      </object_component>
      <object_component id="oc-235">
         <name>.debug_info</name>
         <load_address>0x18817</load_address>
         <run_address>0x18817</run_address>
         <size>0x35e</size>
         <input_file_ref idref="fl-d8"/>
      </object_component>
      <object_component id="oc-21d">
         <name>.debug_info</name>
         <load_address>0x18b75</load_address>
         <run_address>0x18b75</run_address>
         <size>0x128</size>
         <input_file_ref idref="fl-d8"/>
      </object_component>
      <object_component id="oc-10e">
         <name>.debug_info</name>
         <load_address>0x18c9d</load_address>
         <run_address>0x18c9d</run_address>
         <size>0xbf2</size>
         <input_file_ref idref="fl-d8"/>
      </object_component>
      <object_component id="oc-32b">
         <name>.debug_info</name>
         <load_address>0x1988f</load_address>
         <run_address>0x1988f</run_address>
         <size>0x46</size>
         <input_file_ref idref="fl-d8"/>
      </object_component>
      <object_component id="oc-230">
         <name>.debug_info</name>
         <load_address>0x198d5</load_address>
         <run_address>0x198d5</run_address>
         <size>0x39</size>
         <input_file_ref idref="fl-d8"/>
      </object_component>
      <object_component id="oc-313">
         <name>.debug_info</name>
         <load_address>0x1990e</load_address>
         <run_address>0x1990e</run_address>
         <size>0x2c5</size>
         <input_file_ref idref="fl-d9"/>
      </object_component>
      <object_component id="oc-20c">
         <name>.debug_info</name>
         <load_address>0x19bd3</load_address>
         <run_address>0x19bd3</run_address>
         <size>0x24e</size>
         <input_file_ref idref="fl-d9"/>
      </object_component>
      <object_component id="oc-325">
         <name>.debug_info</name>
         <load_address>0x19e21</load_address>
         <run_address>0x19e21</run_address>
         <size>0x2f8</size>
         <input_file_ref idref="fl-da"/>
      </object_component>
      <object_component id="oc-22a">
         <name>.debug_info</name>
         <load_address>0x1a119</load_address>
         <run_address>0x1a119</run_address>
         <size>0x225</size>
         <input_file_ref idref="fl-da"/>
      </object_component>
      <object_component id="oc-3d3">
         <name>.debug_info</name>
         <load_address>0x1a33e</load_address>
         <run_address>0x1a33e</run_address>
         <size>0x39</size>
         <input_file_ref idref="fl-da"/>
      </object_component>
      <object_component id="oc-326">
         <name>.debug_info</name>
         <load_address>0x1a377</load_address>
         <run_address>0x1a377</run_address>
         <size>0x2c</size>
         <input_file_ref idref="fl-da"/>
      </object_component>
      <object_component id="oc-320">
         <name>.debug_info</name>
         <load_address>0x1a3a3</load_address>
         <run_address>0x1a3a3</run_address>
         <size>0x161</size>
         <input_file_ref idref="fl-db"/>
      </object_component>
      <object_component id="oc-1e4">
         <name>.debug_info</name>
         <load_address>0x1a504</load_address>
         <run_address>0x1a504</run_address>
         <size>0x3e5</size>
         <input_file_ref idref="fl-dc"/>
      </object_component>
      <object_component id="oc-1df">
         <name>.debug_info</name>
         <load_address>0x1a8e9</load_address>
         <run_address>0x1a8e9</run_address>
         <size>0x157</size>
         <input_file_ref idref="fl-dc"/>
      </object_component>
      <object_component id="oc-1d9">
         <name>.debug_info</name>
         <load_address>0x1aa40</load_address>
         <run_address>0x1aa40</run_address>
         <size>0x166</size>
         <input_file_ref idref="fl-dc"/>
      </object_component>
      <object_component id="oc-e0">
         <name>.debug_info</name>
         <load_address>0x1aba6</load_address>
         <run_address>0x1aba6</run_address>
         <size>0x1ac</size>
         <input_file_ref idref="fl-dc"/>
      </object_component>
      <object_component id="oc-30b">
         <name>.debug_info</name>
         <load_address>0x1ad52</load_address>
         <run_address>0x1ad52</run_address>
         <size>0xb2</size>
         <input_file_ref idref="fl-dc"/>
      </object_component>
      <object_component id="oc-2e2">
         <name>.debug_info</name>
         <load_address>0x1ae04</load_address>
         <run_address>0x1ae04</run_address>
         <size>0x590</size>
         <input_file_ref idref="fl-dd"/>
      </object_component>
      <object_component id="oc-2b9">
         <name>.debug_info</name>
         <load_address>0x1b394</load_address>
         <run_address>0x1b394</run_address>
         <size>0x21e</size>
         <input_file_ref idref="fl-dd"/>
      </object_component>
      <object_component id="oc-368">
         <name>.debug_info</name>
         <load_address>0x1b5b2</load_address>
         <run_address>0x1b5b2</run_address>
         <size>0x1b3</size>
         <input_file_ref idref="fl-dd"/>
      </object_component>
      <object_component id="oc-36e">
         <name>.debug_info</name>
         <load_address>0x1b765</load_address>
         <run_address>0x1b765</run_address>
         <size>0x21b</size>
         <input_file_ref idref="fl-dd"/>
      </object_component>
      <object_component id="oc-2be">
         <name>.debug_info</name>
         <load_address>0x1b980</load_address>
         <run_address>0x1b980</run_address>
         <size>0x3c0</size>
         <input_file_ref idref="fl-dd"/>
      </object_component>
      <object_component id="oc-375">
         <name>.debug_info</name>
         <load_address>0x1bd40</load_address>
         <run_address>0x1bd40</run_address>
         <size>0x30a</size>
         <input_file_ref idref="fl-dd"/>
      </object_component>
      <object_component id="oc-37b">
         <name>.debug_info</name>
         <load_address>0x1c04a</load_address>
         <run_address>0x1c04a</run_address>
         <size>0x215</size>
         <input_file_ref idref="fl-dd"/>
      </object_component>
      <object_component id="oc-2c4">
         <name>.debug_info</name>
         <load_address>0x1c25f</load_address>
         <run_address>0x1c25f</run_address>
         <size>0x215</size>
         <input_file_ref idref="fl-dd"/>
      </object_component>
      <object_component id="oc-2ca">
[...]
      </symbol>
      <symbol id="sm-96c">
         <name>__aeabi_cdcmple</name>
         <value>0x5fed</value>
         <object_component_ref idref="oc-21f"/>
      </symbol>
      <symbol id="sm-96d">
         <name>__aeabi_cdrcmple</name>
         <value>0x6073</value>
         <object_component_ref idref="oc-224"/>
      </symbol>
      <symbol id="sm-981">
         <name>__aeabi_ddiv</name>
         <value>0x5469</value>
         <object_component_ref idref="oc-206"/>
      </symbol>
      <symbol id="sm-98c">
         <name>__aeabi_dmul</name>
         <value>0x59e9</value>
         <object_component_ref idref="oc-fd"/>
      </symbol>
      <symbol id="sm-996">
         <name>__aeabi_d2iz</name>
         <value>0x694d</value>
         <object_component_ref idref="oc-35c"/>
      </symbol>
      <symbol id="sm-9a2">
         <name>__aeabi_d2f</name>
         <value>0x62c7</value>
         <object_component_ref idref="oc-102"/>
      </symbol>
      <symbol id="sm-9ad">
         <name>__aeabi_f2d</name>
         <value>0x6b99</value>
         <object_component_ref idref="oc-107"/>
      </symbol>
      <symbol id="sm-9b7">
         <name>__aeabi_i2d</name>
         <value>0x6cd5</value>
         <object_component_ref idref="oc-217"/>
      </symbol>
      <symbol id="sm-9d2">
         <name>memcpy</name>
         <value>0x5e2f</value>
         <object_component_ref idref="oc-3a"/>
      </symbol>
      <symbol id="sm-9d3">
         <name>__aeabi_memcpy</name>
         <value>0x5e2f</value>
         <object_component_ref idref="oc-3a"/>
      </symbol>
      <symbol id="sm-9d4">
         <name>__aeabi_memcpy8</name>
         <value>0x5e2f</value>
         <object_component_ref idref="oc-3a"/>
      </symbol>
      <symbol id="sm-9d5">
         <name>__aeabi_memcpy4</name>
         <value>0x5e2f</value>
         <object_component_ref idref="oc-3a"/>
      </symbol>
      <symbol id="sm-9df">
         <name>__aeabi_ui2d</name>
         <value>0x6dc9</value>
         <object_component_ref idref="oc-f8"/>
      </symbol>
      <symbol id="sm-9ee">
         <name>__aeabi_memset</name>
         <value>0x60fb</value>
         <object_component_ref idref="oc-94"/>
      </symbol>
      <symbol id="sm-9ef">
         <name>memset</name>
         <value>0x6101</value>
         <object_component_ref idref="oc-94"/>
      </symbol>
      <symbol id="sm-9f0">
         <name>__aeabi_memset8</name>
         <value>0x60fb</value>
         <object_component_ref idref="oc-94"/>
      </symbol>
      <symbol id="sm-9f1">
         <name>__aeabi_memset4</name>
         <value>0x60fb</value>
         <object_component_ref idref="oc-94"/>
      </symbol>
      <symbol id="sm-9f2">
         <name>__aeabi_memclr8</name>
         <value>0x60f9</value>
         <object_component_ref idref="oc-94"/>
      </symbol>
      <symbol id="sm-9f3">
         <name>__aeabi_memclr4</name>
         <value>0x60f9</value>
         <object_component_ref idref="oc-94"/>
      </symbol>
      <symbol id="sm-9f4">
         <name>__aeabi_memclr</name>
         <value>0x60f9</value>
         <object_component_ref idref="oc-94"/>
      </symbol>
      <symbol id="sm-a01">
         <name>__aeabi_uldivmod</name>
         <value>0x5ecb</value>
         <object_component_ref idref="oc-356"/>
      </symbol>
      <symbol id="sm-a15">
         <name>__TI_zero_init_nomemset</name>
         <value>0x6de9</value>
         <object_component_ref idref="oc-46"/>
      </symbol>
      <symbol id="sm-a2c">
         <name>__TI_decompress_none</name>
         <value>0x6ed7</value>
         <object_component_ref idref="oc-1d"/>
      </symbol>
      <symbol id="sm-a4f">
         <name>__TI_decompress_lzss</name>
         <value>0x6409</value>
         <object_component_ref idref="oc-17"/>
      </symbol>
      <symbol id="sm-a75">
         <name>C$$EXIT</name>
         <value>0x6f19</value>
         <object_component_ref idref="oc-149"/>
      </symbol>
      <symbol id="sm-a76">
         <name>abort</name>
         <value>0x6f19</value>
         <object_component_ref idref="oc-149"/>
      </symbol>
      <symbol id="sm-a77">
         <name>__TI_dtors_ptr</name>
         <value>0x200006e4</value>
         <object_component_ref idref="oc-261"/>
      </symbol>
      <symbol id="sm-a78">
         <name>__TI_cleanup_ptr</name>
         <value>0x200006e0</value>
         <object_component_ref idref="oc-261"/>
      </symbol>
      <symbol id="sm-a79">
         <name>__TI_enable_exit_profile_output</name>
         <value>0x200006e8</value>
         <object_component_ref idref="oc-261"/>
      </symbol>
      <symbol id="sm-a7a">
         <name>exit</name>
         <value>0x6905</value>
         <object_component_ref idref="oc-14f"/>
      </symbol>
      <symbol id="sm-a8f">
         <name>_nop</name>
         <value>0x18b3</value>
         <object_component_ref idref="oc-2ed"/>
      </symbol>
      <symbol id="sm-a90">
         <name>_lock</name>
         <value>0x200006f8</value>
         <object_component_ref idref="oc-1d1"/>
      </symbol>
      <symbol id="sm-a91">
         <name>_unlock</name>
         <value>0x200006fc</value>
         <object_component_ref idref="oc-1d1"/>
      </symbol>
      <symbol id="sm-aa0">
         <name>__TI_ltoa</name>
         <value>0x67c7</value>
         <object_component_ref idref="oc-361"/>
      </symbol>
      <symbol id="sm-ab6">
         <name>atoi</name>
         <value>0x68b9</value>
         <object_component_ref idref="oc-2b1"/>
      </symbol>
      <symbol id="sm-ac1">
         <name>_ctypes_</name>
         <value>0x6f20</value>
         <object_component_ref idref="oc-351"/>
      </symbol>
      <symbol id="sm-ad6">
         <name>__TI_tmpnams</name>
         <value>0x20000830</value>
      </symbol>
      <symbol id="sm-ad7">
         <name>__aeabi_stdout</name>
         <value>0x200006d8</value>
         <object_component_ref idref="oc-485"/>
      </symbol>
      <symbol id="sm-ad8">
         <name>__aeabi_stderr</name>
         <value>0x200006dc</value>
         <object_component_ref idref="oc-485"/>
      </symbol>
      <symbol id="sm-ad9">
         <name>__aeabi_stdin</name>
         <value>0x200006d4</value>
         <object_component_ref idref="oc-485"/>
      </symbol>
      <symbol id="sm-ada">
         <name>_ftable</name>
         <value>0x200004e8</value>
         <object_component_ref idref="oc-1d4"/>
      </symbol>
      <symbol id="sm-adb">
         <name>__TI_ft_end</name>
         <value>0x200006d0</value>
         <object_component_ref idref="oc-485"/>
      </symbol>
      <symbol id="sm-aeb">
         <name>memccpy</name>
         <value>0x6e21</value>
         <object_component_ref idref="oc-2d5"/>
      </symbol>
      <symbol id="sm-afb">
         <name>memchr</name>
         <value>0x6da9</value>
         <object_component_ref idref="oc-3b4"/>
      </symbol>
      <symbol id="sm-b84">
         <name>_sys_memory</name>
         <value>0x200000e8</value>
         <object_component_ref idref="oc-29"/>
      </symbol>
      <symbol id="sm-b85">
         <name>free</name>
         <value>0x5ae5</value>
         <object_component_ref idref="oc-436"/>
      </symbol>
      <symbol id="sm-b86">
         <name>memalign</name>
         <value>0x58e9</value>
         <object_component_ref idref="oc-478"/>
      </symbol>
      <symbol id="sm-b87">
         <name>malloc</name>
         <value>0x6f05</value>
         <object_component_ref idref="oc-43c"/>
      </symbol>
      <symbol id="sm-b88">
         <name>aligned_alloc</name>
         <value>0x58e9</value>
         <object_component_ref idref="oc-478"/>
      </symbol>
      <symbol id="sm-b98">
         <name>strchr</name>
         <value>0x6e87</value>
         <object_component_ref idref="oc-388"/>
      </symbol>
      <symbol id="sm-ba6">
         <name>strlen</name>
         <value>0x6eb1</value>
         <object_component_ref idref="oc-2ab"/>
      </symbol>
      <symbol id="sm-bc0">
         <name>write</name>
         <value>0x6d81</value>
         <object_component_ref idref="oc-3c0"/>
      </symbol>
      <symbol id="sm-bd1">
         <name>_stream</name>
         <value>0x20000650</value>
         <object_component_ref idref="oc-41c"/>
      </symbol>
      <symbol id="sm-bd2">
         <name>_device</name>
         <value>0x200005d8</value>
         <object_component_ref idref="oc-455"/>
      </symbol>
      <symbol id="sm-be8">
         <name>__aeabi_errno_addr</name>
         <value>0x6efd</value>
         <object_component_ref idref="oc-211"/>
      </symbol>
      <symbol id="sm-be9">
         <name>errno</name>
         <value>0x20000708</value>
         <object_component_ref idref="oc-314"/>
      </symbol>
      <symbol id="sm-bfc">
         <name>__stack</name>
         <value>0x2000fe00</value>
         <object_component_ref idref="oc-2c"/>
      </symbol>
      <symbol id="sm-bfd">
         <name>_c_int00_noargs</name>
         <value>0x6c71</value>
         <object_component_ref idref="oc-58"/>
      </symbol>
      <symbol id="sm-c13">
         <name>frexpl</name>
         <value>0x64d9</value>
         <object_component_ref idref="oc-382"/>
      </symbol>
      <symbol id="sm-c14">
         <name>frexp</name>
         <value>0x64d9</value>
         <object_component_ref idref="oc-382"/>
      </symbol>
      <symbol id="sm-c2d">
         <name>wcslen</name>
         <value>0x6ec5</value>
         <object_component_ref idref="oc-2db"/>
      </symbol>
      <symbol id="sm-c3d">
         <name>__TI_doflush</name>
         <value>0x686d</value>
         <object_component_ref idref="oc-3ba"/>
      </symbol>
      <symbol id="sm-c4d">
         <name>__TI_cleanup</name>
         <value>0x6c09</value>
         <object_component_ref idref="oc-442"/>
      </symbol>
      <symbol id="sm-c5f">
         <name>fseek</name>
         <value>0x653d</value>
         <object_component_ref idref="oc-40a"/>
      </symbol>
      <symbol id="sm-c69">
         <name>__aeabi_idiv0</name>
         <value>0x51d3</value>
         <object_component_ref idref="oc-3eb"/>
      </symbol>
      <symbol id="sm-c6a">
         <name>__aeabi_ldiv0</name>
         <value>0x51d3</value>
         <object_component_ref idref="oc-3eb"/>
      </symbol>
      <symbol id="sm-c92">
         <name>__TI_auto_init_nobinit_nopinit</name>
         <value>0x6a1d</value>
         <object_component_ref idref="oc-155"/>
      </symbol>
      <symbol id="sm-c9c">
         <name>_system_pre_init</name>
         <value>0x6f15</value>
         <object_component_ref idref="oc-9a"/>
      </symbol>
      <symbol id="sm-caf">
         <name>HOSTclose</name>
         <value>0x6995</value>
         <object_component_ref idref="oc-491"/>
      </symbol>
      <symbol id="sm-cc0">
         <name>HOSTlseek</name>
         <value>0x63a1</value>
         <object_component_ref idref="oc-4a3"/>
      </symbol>
      <symbol id="sm-cd2">
         <name>parmbuf</name>
         <value>0x200008d8</value>
      </symbol>
      <symbol id="sm-cd3">
         <name>HOSTopen</name>
         <value>0x6605</value>
         <object_component_ref idref="oc-48b"/>
      </symbol>
      <symbol id="sm-ce4">
         <name>HOSTread</name>
         <value>0x66c1</value>
         <object_component_ref idref="oc-497"/>
      </symbol>
      <symbol id="sm-cf5">
         <name>HOSTrename</name>
         <value>0x6335</value>
         <object_component_ref idref="oc-4af"/>
      </symbol>
      <symbol id="sm-d06">
         <name>HOSTunlink</name>
         <value>0x69d9</value>
         <object_component_ref idref="oc-4a9"/>
      </symbol>
      <symbol id="sm-d17">
         <name>HOSTwrite</name>
         <value>0x6719</value>
         <object_component_ref idref="oc-49d"/>
      </symbol>
      <symbol id="sm-d3b">
         <name>__TI_readmsg</name>
         <value>0x6c3d</value>
         <object_component_ref idref="oc-4de"/>
      </symbol>
      <symbol id="sm-d3c">
         <name>C$$IO$$</name>
         <value>0x6b8f</value>
         <object_component_ref idref="oc-4d8"/>
      </symbol>
      <symbol id="sm-d3d">
         <name>__CIOBUF_</name>
         <value>0x20000710</value>
         <object_component_ref idref="oc-509"/>
      </symbol>
      <symbol id="sm-d3e">
         <name>__TI_writemsg</name>
         <value>0x6b61</value>
         <object_component_ref idref="oc-4d8"/>
      </symbol>
      <symbol id="sm-d4f">
         <name>lseek</name>
         <value>0x6d59</value>
         <object_component_ref idref="oc-42e"/>
      </symbol>
      <symbol id="sm-d64">
         <name>__TI_closefile</name>
         <value>0x6175</value>
         <object_component_ref idref="oc-47f"/>
      </symbol>
      <symbol id="sm-d87">
         <name>finddevice</name>
         <value>0x6ca5</value>
         <object_component_ref idref="oc-527"/>
      </symbol>
      <symbol id="sm-d88">
         <name>getdevice</name>
         <value>0x6a61</value>
         <object_component_ref idref="oc-4ff"/>
      </symbol>
      <symbol id="sm-d97">
         <name>strcmp</name>
         <value>0x6e6f</value>
         <object_component_ref idref="oc-53e"/>
      </symbol>
      <symbol id="sm-da5">
         <name>strcpy</name>
         <value>0x6e9d</value>
         <object_component_ref idref="oc-4f2"/>
      </symbol>
      <symbol id="sm-db5">
         <name>strncpy</name>
         <value>0x6bd1</value>
         <object_component_ref idref="oc-521"/>
      </symbol>
      <symbol id="sm-dca">
         <name>close</name>
         <value>0x6665</value>
         <object_component_ref idref="oc-4c7"/>
      </symbol>
      <symbol id="sm-dda">
         <name>unlink</name>
         <value>0x6d05</value>
         <object_component_ref idref="oc-4cd"/>
      </symbol>
      <symbol id="sm-ddb">
         <name>__TI_static_base__</name>
         <value>0x0</value>
      </symbol>
      <symbol id="sm-dde">
         <name>__mpu_init</name>
         <value>0x0</value>
      </symbol>
      <symbol id="sm-ddf">
         <name>_system_post_cinit</name>
         <value>0x0</value>
      </symbol>
      <symbol id="sm-de0">
         <name>NMI_Handler</name>
         <value>0x6ef1</value>
      </symbol>
      <symbol id="sm-de1">
         <name>HardFault_Handler</name>
         <value>0x6ef1</value>
      </symbol>
      <symbol id="sm-de2">
         <name>MemManage_Handler</name>
         <value>0x6ef1</value>
      </symbol>
      <symbol id="sm-de3">
         <name>BusFault_Handler</name>
         <value>0x6ef1</value>
      </symbol>
      <symbol id="sm-de4">
         <name>UsageFault_Handler</name>
         <value>0x6ef1</value>
      </symbol>
      <symbol id="sm-de5">
         <name>SVC_Handler</name>
         <value>0x6ef1</value>
      </symbol>
      <symbol id="sm-de6">
         <name>DebugMon_Handler</name>
         <value>0x6ef1</value>
      </symbol>
      <symbol id="sm-de7">
         <name>PendSV_Handler</name>
         <value>0x6ef1</value>
      </symbol>
      <symbol id="sm-de8">
         <name>SysTick_Handler</name>
         <value>0x6ef1</value>
      </symbol>
      <symbol id="sm-de9">
         <name>PSS_IRQHandler</name>
         <value>0x6ef1</value>
      </symbol>
      <symbol id="sm-dea">
         <name>CS_IRQHandler</name>
         <value>0x6ef1</value>
      </symbol>
      <symbol id="sm-deb">
         <name>PCM_IRQHandler</name>
         <value>0x6ef1</value>
      </symbol>
      <symbol id="sm-dec">
         <name>WDT_A_IRQHandler</name>
         <value>0x6ef1</value>
      </symbol>
      <symbol id="sm-ded">
         <name>FPU_IRQHandler</name>
         <value>0x6ef1</value>
      </symbol>
      <symbol id="sm-dee">
         <name>FLCTL_IRQHandler</name>
         <value>0x6ef1</value>
      </symbol>
      <symbol id="sm-def">
         <name>COMP_E0_IRQHandler</name>
         <value>0x6ef1</value>
      </symbol>
      <symbol id="sm-df0">
         <name>COMP_E1_IRQHandler</name>
         <value>0x6ef1</value>
      </symbol>
      <symbol id="sm-df1">
         <name>TA0_0_IRQHandler</name>
         <value>0x6ef1</value>
      </symbol>
      <symbol id="sm-df2">
         <name>TA0_N_IRQHandler</name>
         <value>0x6ef1</value>
      </symbol>
      <symbol id="sm-df3">
         <name>TA1_0_IRQHandler</name>
         <value>0x36b5</value>
      </symbol>
      <symbol id="sm-df4">
         <name>TA1_N_IRQHandler</name>
         <value>0x6ef1</value>
      </symbol>
      <symbol id="sm-df5">
         <name>TA2_0_IRQHandler</name>
         <value>0x6ef1</value>
      </symbol>
      <symbol id="sm-df6">
         <name>TA2_N_IRQHandler</name>
         <value>0x6ef1</value>
      </symbol>
      <symbol id="sm-df7">
         <name>TA3_0_IRQHandler</name>
         <value>0x6ef1</value>
      </symbol>
      <symbol id="sm-df8">
         <name>TA3_N_IRQHandler</name>
         <value>0x6ef1</value>
      </symbol>
      <symbol id="sm-df9">
         <name>EUSCIA0_IRQHandler</name>
         <value>0x3821</value>
      </symbol>
      <symbol id="sm-dfa">
         <name>EUSCIA1_IRQHandler</name>
         <value>0x6ef1</value>
      </symbol>
      <symbol id="sm-dfb">
         <name>EUSCIA2_IRQHandler</name>
         <value>0x6ef1</value>
      </symbol>
      <symbol id="sm-dfc">
         <name>EUSCIA3_IRQHandler</name>
         <value>0x6ef1</value>
      </symbol>
      <symbol id="sm-dfd">
         <name>EUSCIB0_IRQHandler</name>
         <value>0x6ef1</value>
      </symbol>
      <symbol id="sm-dfe">
         <name>EUSCIB1_IRQHandler</name>
         <value>0x6ef1</value>
      </symbol>
      <symbol id="sm-dff">
         <name>EUSCIB2_IRQHandler</name>
         <value>0x6ef1</value>
      </symbol>
      <symbol id="sm-e00">
         <name>EUSCIB3_IRQHandler</name>
         <value>0x6ef1</value>
      </symbol>
      <symbol id="sm-e01">
         <name>ADC14_IRQHandler</name>
         <value>0x6ef1</value>
      </symbol>
      <symbol id="sm-e02">
         <name>T32_INT1_IRQHandler</name>
         <value>0x6ef1</value>
      </symbol>
      <symbol id="sm-e03">
         <name>T32_INT2_IRQHandler</name>
         <value>0x6ef1</value>
      </symbol>
      <symbol id="sm-e04">
         <name>T32_INTC_IRQHandler</name>
         <value>0x6ef1</value>
      </symbol>
      <symbol id="sm-e05">
         <name>AES256_IRQHandler</name>
         <value>0x6ef1</value>
      </symbol>
      <symbol id="sm-e06">
         <name>RTC_C_IRQHandler</name>
         <value>0x6ef1</value>
      </symbol>
      <symbol id="sm-e07">
         <name>DMA_ERR_IRQHandler</name>
         <value>0x6ef1</value>
      </symbol>
      <symbol id="sm-e08">
         <name>DMA_INT3_IRQHandler</name>
         <value>0x6ef1</value>
      </symbol>
      <symbol id="sm-e09">
         <name>DMA_INT2_IRQHandler</name>
         <value>0x6ef1</value>
      </symbol>
      <symbol id="sm-e0a">
         <name>DMA_INT1_IRQHandler</name>
         <value>0x6ef1</value>
      </symbol>
      <symbol id="sm-e0b">
         <name>DMA_INT0_IRQHandler</name>
         <value>0x6ef1</value>
      </symbol>
      <symbol id="sm-e0c">
         <name>PORT1_IRQHandler</name>
         <value>0x6ef1</value>
      </symbol>
      <symbol id="sm-e0d">
         <name>PORT2_IRQHandler</name>
         <value>0x6ef1</value>
      </symbol>
      <symbol id="sm-e0e">
         <name>PORT3_IRQHandler</name>
         <value>0x6ef1</value>
      </symbol>
      <symbol id="sm-e0f">
         <name>PORT4_IRQHandler</name>
         <value>0x3629</value>
      </symbol>
      <symbol id="sm-e10">
         <name>PORT5_IRQHandler</name>
         <value>0x335b</value>
      </symbol>
      <symbol id="sm-e11">
         <name>PORT6_IRQHandler</name>
         <value>0x6ef1</value>
      </symbol>
      <symbol id="sm-e12">
         <name>remove</name>
         <value>0x6d05</value>
      </symbol>
   </symbol_table>
   <title>Link successful</title>
</link_info>
